Archive member included to satisfy reference by file (symbol)

c:/progra~1/raspbe~1/picosd~1.1/gcc-ar~1/bin/../lib/gcc/arm-none-eabi/10.3.1/thumb/v6-m/nofp\libgcc.a(_dvmd_tls.o)
                              CMakeFiles/hello_world.dir/pico-sdk/src/rp2_common/pico_divider/divider.S.obj (__aeabi_idiv0)
c:/progra~1/raspbe~1/picosd~1.1/gcc-ar~1/bin/../lib/gcc/arm-none-eabi/10.3.1/../../../../arm-none-eabi/lib/thumb/v6-m/nofp\libg.a(lib_a-calloc.o)
                              CMakeFiles/hello_world.dir/pico-sdk/src/rp2_common/pico_malloc/pico_malloc.c.obj (calloc)
c:/progra~1/raspbe~1/picosd~1.1/gcc-ar~1/bin/../lib/gcc/arm-none-eabi/10.3.1/../../../../arm-none-eabi/lib/thumb/v6-m/nofp\libg.a(lib_a-callocr.o)
                              c:/progra~1/raspbe~1/picosd~1.1/gcc-ar~1/bin/../lib/gcc/arm-none-eabi/10.3.1/../../../../arm-none-eabi/lib/thumb/v6-m/nofp\libg.a(lib_a-calloc.o) (_calloc_r)
c:/progra~1/raspbe~1/picosd~1.1/gcc-ar~1/bin/../lib/gcc/arm-none-eabi/10.3.1/../../../../arm-none-eabi/lib/thumb/v6-m/nofp\libg.a(lib_a-errno.o)
                              c:/progra~1/raspbe~1/picosd~1.1/gcc-ar~1/bin/../lib/gcc/arm-none-eabi/10.3.1/../../../../arm-none-eabi/lib/thumb/v6-m/nofp\libg.a(lib_a-callocr.o) (__errno)
c:/progra~1/raspbe~1/picosd~1.1/gcc-ar~1/bin/../lib/gcc/arm-none-eabi/10.3.1/../../../../arm-none-eabi/lib/thumb/v6-m/nofp\libg.a(lib_a-impure.o)
                              c:/progra~1/raspbe~1/picosd~1.1/gcc-ar~1/bin/../lib/gcc/arm-none-eabi/10.3.1/../../../../arm-none-eabi/lib/thumb/v6-m/nofp\libg.a(lib_a-calloc.o) (_impure_ptr)
c:/progra~1/raspbe~1/picosd~1.1/gcc-ar~1/bin/../lib/gcc/arm-none-eabi/10.3.1/../../../../arm-none-eabi/lib/thumb/v6-m/nofp\libg.a(lib_a-init.o)
                              c:/progra~1/raspbe~1/picosd~1.1/gcc-ar~1/bin/../lib/gcc/arm-none-eabi/10.3.1/../../../../arm-none-eabi/lib/thumb/v6-m/nofp/crt0.o (__libc_init_array)
c:/progra~1/raspbe~1/picosd~1.1/gcc-ar~1/bin/../lib/gcc/arm-none-eabi/10.3.1/../../../../arm-none-eabi/lib/thumb/v6-m/nofp\libg.a(lib_a-malloc.o)
                              CMakeFiles/hello_world.dir/pico-sdk/src/rp2_common/pico_malloc/pico_malloc.c.obj (malloc)
c:/progra~1/raspbe~1/picosd~1.1/gcc-ar~1/bin/../lib/gcc/arm-none-eabi/10.3.1/../../../../arm-none-eabi/lib/thumb/v6-m/nofp\libg.a(lib_a-mallocr.o)
                              c:/progra~1/raspbe~1/picosd~1.1/gcc-ar~1/bin/../lib/gcc/arm-none-eabi/10.3.1/../../../../arm-none-eabi/lib/thumb/v6-m/nofp\libg.a(lib_a-callocr.o) (_malloc_r)
c:/progra~1/raspbe~1/picosd~1.1/gcc-ar~1/bin/../lib/gcc/arm-none-eabi/10.3.1/../../../../arm-none-eabi/lib/thumb/v6-m/nofp\libg.a(lib_a-mlock.o)
                              c:/progra~1/raspbe~1/picosd~1.1/gcc-ar~1/bin/../lib/gcc/arm-none-eabi/10.3.1/../../../../arm-none-eabi/lib/thumb/v6-m/nofp\libg.a(lib_a-mallocr.o) (__malloc_lock)
c:/progra~1/raspbe~1/picosd~1.1/gcc-ar~1/bin/../lib/gcc/arm-none-eabi/10.3.1/../../../../arm-none-eabi/lib/thumb/v6-m/nofp\libg.a(lib_a-realloc.o)
                              CMakeFiles/hello_world.dir/pico-sdk/src/rp2_common/pico_malloc/pico_malloc.c.obj (realloc)
c:/progra~1/raspbe~1/picosd~1.1/gcc-ar~1/bin/../lib/gcc/arm-none-eabi/10.3.1/../../../../arm-none-eabi/lib/thumb/v6-m/nofp\libg.a(lib_a-reallocr.o)
                              c:/progra~1/raspbe~1/picosd~1.1/gcc-ar~1/bin/../lib/gcc/arm-none-eabi/10.3.1/../../../../arm-none-eabi/lib/thumb/v6-m/nofp\libg.a(lib_a-realloc.o) (_realloc_r)
c:/progra~1/raspbe~1/picosd~1.1/gcc-ar~1/bin/../lib/gcc/arm-none-eabi/10.3.1/../../../../arm-none-eabi/lib/thumb/v6-m/nofp\libg.a(lib_a-sbrkr.o)
                              c:/progra~1/raspbe~1/picosd~1.1/gcc-ar~1/bin/../lib/gcc/arm-none-eabi/10.3.1/../../../../arm-none-eabi/lib/thumb/v6-m/nofp\libg.a(lib_a-mallocr.o) (_sbrk_r)
c:/progra~1/raspbe~1/picosd~1.1/gcc-ar~1/bin/../lib/gcc/arm-none-eabi/10.3.1/../../../../arm-none-eabi/lib/thumb/v6-m/nofp\libg.a(lib_a-strlen-stub.o)
                              CMakeFiles/hello_world.dir/pico-sdk/src/rp2_common/pico_stdio/stdio.c.obj (strlen)
c:/progra~1/raspbe~1/picosd~1.1/gcc-ar~1/bin/../lib/gcc/arm-none-eabi/10.3.1/../../../../arm-none-eabi/lib/thumb/v6-m/nofp\libg.a(lib_a-freer.o)
                              c:/progra~1/raspbe~1/picosd~1.1/gcc-ar~1/bin/../lib/gcc/arm-none-eabi/10.3.1/../../../../arm-none-eabi/lib/thumb/v6-m/nofp\libg.a(lib_a-malloc.o) (_free_r)
c:/progra~1/raspbe~1/picosd~1.1/gcc-ar~1/bin/../lib/gcc/arm-none-eabi/10.3.1/../../../../arm-none-eabi/lib/thumb/v6-m/nofp\libg.a(lib_a-lock.o)
                              c:/progra~1/raspbe~1/picosd~1.1/gcc-ar~1/bin/../lib/gcc/arm-none-eabi/10.3.1/../../../../arm-none-eabi/lib/thumb/v6-m/nofp\libg.a(lib_a-mlock.o) (__retarget_lock_acquire_recursive)
c:/progra~1/raspbe~1/picosd~1.1/gcc-ar~1/bin/../lib/gcc/arm-none-eabi/10.3.1/../../../../arm-none-eabi/lib/thumb/v6-m/nofp\libg.a(lib_a-memmove.o)
[...]
Memory Configuration

Name             Origin             Length             Attributes
FLASH            0x10000000         0x00200000         xr
RAM              0x20000000         0x00040000         xrw
SCRATCH_X        0x20040000         0x00001000         xrw
SCRATCH_Y        0x20041000         0x00001000         xrw
*default*        0x00000000         0xffffffff

Linker script and memory map

LOAD c:/progra~1/raspbe~1/picosd~1.1/gcc-ar~1/bin/../lib/gcc/arm-none-eabi/10.3.1/thumb/v6-m/nofp/crti.o
LOAD c:/progra~1/raspbe~1/picosd~1.1/gcc-ar~1/bin/../lib/gcc/arm-none-eabi/10.3.1/thumb/v6-m/nofp/crtbegin.o
LOAD c:/progra~1/raspbe~1/picosd~1.1/gcc-ar~1/bin/../lib/gcc/arm-none-eabi/10.3.1/../../../../arm-none-eabi/lib/thumb/v6-m/nofp/crt0.o

.flash_begin    0x10000000        0x0
                0x10000000                __flash_binary_start = .

.boot2          0x10000000      0x100
                0x10000000                __boot2_start__ = .
 *(.boot2)
 .boot2         0x10000000      0x100 C:\Users\Herman\AppData\Local\Temp\ccy7hl2i.o
                0x10000100                __boot2_end__ = .
                0x00000001                ASSERT (((__boot2_end__ - __boot2_start__) == 0x100), ERROR: Pico second stage bootloader must be 256 bytes in size)

.text           0x10000100     0x72a0
                0x10000100                __logical_binary_start = .
 *(.vectors)
 .vectors       0x10000100       0xd4 CMakeFiles/hello_world.dir/pico-sdk/src/rp2_common/pico_standard_link/crt0.S.obj
                0x10000100                __VECTOR_TABLE
                0x10000100                __vectors
                0x100001c0                isr_invalid
                0x100001c0                __default_isrs_start
                0x100001c2                isr_nmi
                0x100001c4                isr_hardfault
                0x100001c6                isr_svcall
                0x100001c8                isr_pendsv
                0x100001ca                isr_systick
                0x100001cc                isr_irq23
                0x100001cc                isr_irq18
                0x100001cc                isr_irq11
                0x100001cc                isr_irq28
                0x100001cc                isr_irq19
                0x100001cc                isr_irq0
                0x100001cc                isr_irq6
                0x100001cc                isr_irq5
                0x100001cc                isr_irq12
                0x100001cc                isr_irq22
                0x100001cc                isr_irq31
                0x100001cc                isr_irq17
                0x100001cc                isr_irq27
                0x100001cc                isr_irq30
                0x100001cc                isr_irq2
                0x100001cc                isr_irq10
                0x100001cc                isr_irq8
                0x100001cc                isr_irq24
                0x100001cc                isr_irq1
                0x100001cc                isr_irq7
                0x100001cc                isr_irq21
                0x100001cc                isr_irq20
                0x100001cc                isr_irq15
                0x100001cc                isr_irq25
                0x100001cc                isr_irq13
                0x100001cc                __unhandled_user_irq
                0x100001cc                isr_irq4
                0x100001cc                isr_irq16
                0x100001cc                isr_irq29
                0x100001cc                isr_irq26
                0x100001cc                __default_isrs_end
                0x100001cc                isr_irq3
                0x100001cc                isr_irq14
                0x100001cc                isr_irq9
                0x100001d2                unhandled_user_irq_num_in_r0
 *(.binary_info_header)
 .binary_info_header
                0x100001d4       0x14 CMakeFiles/hello_world.dir/pico-sdk/src/rp2_common/pico_standard_link/crt0.S.obj
                0x100001e8                __binary_info_header_end = .
 *(.reset)
 .reset         0x100001e8       0xa0 CMakeFiles/hello_world.dir/pico-sdk/src/rp2_common/pico_standard_link/crt0.S.obj
                0x100001e8                _entry_point
 .reset         0x10000288       0x30 CMakeFiles/hello_world.dir/pico-sdk/src/rp2_common/pico_standard_link/binary_info.c.obj
 *(.init)
 .init          0x100002b8        0x4 c:/progra~1/raspbe~1/picosd~1.1/gcc-ar~1/bin/../lib/gcc/arm-none-eabi/10.3.1/thumb/v6-m/nofp/crti.o
                0x100002b8                _init
 *(EXCLUDE_FILE(*libm.a: *libc.a:*lib_a-mem*.o *libgcc.a:) .text*)
 .text          0x100002bc       0x48 c:/progra~1/raspbe~1/picosd~1.1/gcc-ar~1/bin/../lib/gcc/arm-none-eabi/10.3.1/thumb/v6-m/nofp/crtbegin.o
 .text.init_pres
                0x10000304      0x190 CMakeFiles/hello_world.dir/Hello_world.c.obj
                0x10000304                init_pres
 .text.main     0x10000494       0xe4 CMakeFiles/hello_world.dir/Hello_world.c.obj
                0x10000494                main
 .text.gpio_set_function
                0x10000578       0x30 CMakeFiles/hello_world.dir/pico-sdk/src/rp2_common/hardware_gpio/gpio.c.obj
                0x10000578                gpio_set_function
 .text.gpio_set_pulls
                0x100005a8       0x34 CMakeFiles/hello_world.dir/pico-sdk/src/rp2_common/hardware_gpio/gpio.c.obj
                0x100005a8                gpio_set_pulls
 .text.running_on_fpga
                0x100005dc       0x14 CMakeFiles/hello_world.dir/pico-sdk/src/rp2_common/pico_platform/platform.c.obj
                0x100005dc                running_on_fpga
 .text.hw_claim_lock
                0x100005f0       0x18 CMakeFiles/hello_world.dir/pico-sdk/src/rp2_common/hardware_claim/claim.c.obj
                0x100005f0                hw_claim_lock
 .text.hw_claim_unlock
                0x10000608       0x14 CMakeFiles/hello_world.dir/pico-sdk/src/rp2_common/hardware_claim/claim.c.obj
                0x10000608                hw_claim_unlock
 .text.hw_claim_or_assert
                0x1000061c       0x32 CMakeFiles/hello_world.dir/pico-sdk/src/rp2_common/hardware_claim/claim.c.obj
                0x1000061c                hw_claim_or_assert
 .text.hw_claim_unused_from_range
                0x1000064e       0x50 CMakeFiles/hello_world.dir/pico-sdk/src/rp2_common/hardware_claim/claim.c.obj
                0x1000064e                hw_claim_unused_from_range
 *fill*         0x1000069e        0x2 
 .text.spin_locks_reset
                0x100006a0       0x20 CMakeFiles/hello_world.dir/pico-sdk/src/rp2_common/hardware_sync/sync.c.obj
                0x100006a0                spin_locks_reset
 .text.next_striped_spin_lock_num
                0x100006c0       0x1c CMakeFiles/hello_world.dir/pico-sdk/src/rp2_common/hardware_sync/sync.c.obj
                0x100006c0                next_striped_spin_lock_num
 .text.spin_lock_claim_unused
                0x100006dc       0x20 CMakeFiles/hello_world.dir/pico-sdk/src/rp2_common/hardware_sync/sync.c.obj
                0x100006dc                spin_lock_claim_unused
 .text.set_raw_irq_handler_and_unlock
                0x100006fc       0x28 CMakeFiles/hello_world.dir/pico-sdk/src/rp2_common/hardware_irq/irq.c.obj
 .text.make_branch
                0x10000724       0x48 CMakeFiles/hello_world.dir/pico-sdk/src/rp2_common/hardware_irq/irq.c.obj
 .text.insert_branch_and_link
                0x1000076c       0x40 CMakeFiles/hello_world.dir/pico-sdk/src/rp2_common/hardware_irq/irq.c.obj
 .text.irq_is_enabled
                0x100007ac       0x18 CMakeFiles/hello_world.dir/pico-sdk/src/rp2_common/hardware_irq/irq.c.obj
                0x100007ac                irq_is_enabled
 .text.irq_set_mask_enabled
                0x100007c4       0x20 CMakeFiles/hello_world.dir/pico-sdk/src/rp2_common/hardware_irq/irq.c.obj
                0x100007c4                irq_set_mask_enabled
 .text.irq_set_enabled
                0x100007e4        0xe CMakeFiles/hello_world.dir/pico-sdk/src/rp2_common/hardware_irq/irq.c.obj
                0x100007e4                irq_set_enabled
 *fill*         0x100007f2        0x2 
 .text.irq_set_pending
                0x100007f4       0x10 CMakeFiles/hello_world.dir/pico-sdk/src/rp2_common/hardware_irq/irq.c.obj
                0x100007f4                irq_set_pending
 .text.irq_get_vtable_handler
                0x10000804       0x10 CMakeFiles/hello_world.dir/pico-sdk/src/rp2_common/hardware_irq/irq.c.obj
                0x10000804                irq_get_vtable_handler
 .text.irq_has_shared_handler
                0x10000814       0x24 CMakeFiles/hello_world.dir/pico-sdk/src/rp2_common/hardware_irq/irq.c.obj
                0x10000814                irq_has_shared_handler
 .text.irq_set_exclusive_handler
                0x10000838       0x54 CMakeFiles/hello_world.dir/pico-sdk/src/rp2_common/hardware_irq/irq.c.obj
                0x10000838                irq_set_exclusive_handler
 .text.irq_add_shared_handler
                0x1000088c      0x234 CMakeFiles/hello_world.dir/pico-sdk/src/rp2_common/hardware_irq/irq.c.obj
                0x1000088c                irq_add_shared_handler
 .text.irq_remove_handler
                0x10000ac0      0x1ac CMakeFiles/hello_world.dir/pico-sdk/src/rp2_common/hardware_irq/irq.c.obj
                0x10000ac0                irq_remove_handler
 .text.irq_add_tail_to_free_list
                0x10000c6c       0xf0 CMakeFiles/hello_world.dir/pico-sdk/src/rp2_common/hardware_irq/irq.c.obj
                0x10000c6c                irq_add_tail_to_free_list
 .text.irq_init_priorities
                0x10000d5c       0x1c CMakeFiles/hello_world.dir/pico-sdk/src/rp2_common/hardware_irq/irq.c.obj
                0x10000d5c                irq_init_priorities
 .text.user_irq_claim_unused
                0x10000d78       0x28 CMakeFiles/hello_world.dir/pico-sdk/src/rp2_common/hardware_irq/irq.c.obj
                0x10000d78                user_irq_claim_unused
 .text.lock_init
                0x10000da0       0x10 CMakeFiles/hello_world.dir/pico-sdk/src/common/pico_sync/lock_core.c.obj
                0x10000da0                lock_init
 .text.mutex_init
                0x10000db0       0x1a CMakeFiles/hello_world.dir/pico-sdk/src/common/pico_sync/mutex.c.obj
                0x10000db0                mutex_init
 .text.recursive_mutex_init
                0x10000dca       0x1e CMakeFiles/hello_world.dir/pico-sdk/src/common/pico_sync/mutex.c.obj
                0x10000dca                recursive_mutex_init
 .text.critical_section_init_with_lock_num
                0x10000de8       0x14 CMakeFiles/hello_world.dir/pico-sdk/src/common/pico_sync/critical_section.c.obj
                0x10000de8                critical_section_init_with_lock_num
 .text.critical_section_init
                0x10000dfc       0x14 CMakeFiles/hello_world.dir/pico-sdk/src/common/pico_sync/critical_section.c.obj
                0x10000dfc                critical_section_init
 .text.alarm_pool_post_alloc_init
                0x10000e10       0x40 CMakeFiles/hello_world.dir/pico-sdk/src/common/pico_time/time.c.obj
 .text.sleep_until_callback
                0x10000e50       0x30 CMakeFiles/hello_world.dir/pico-sdk/src/common/pico_time/time.c.obj
 .text.timer_pool_entry_comparator
                0x10000e80       0x7c CMakeFiles/hello_world.dir/pico-sdk/src/common/pico_time/time.c.obj
                0x10000e80                timer_pool_entry_comparator
 .text.ph_add_child_node
                0x10000efc       0xa4 CMakeFiles/hello_world.dir/pico-sdk/src/common/pico_time/time.c.obj
 .text.ph_merge_nodes
                0x10000fa0       0x3e CMakeFiles/hello_world.dir/pico-sdk/src/common/pico_time/time.c.obj
 *fill*         0x10000fde        0x2 
 .text.add_alarm_under_lock
                0x10000fe0      0x174 CMakeFiles/hello_world.dir/pico-sdk/src/common/pico_time/time.c.obj
 .text.alarm_pool_alarm_callback
                0x10001154      0x33c CMakeFiles/hello_world.dir/pico-sdk/src/common/pico_time/time.c.obj
 .text.alarm_pool_init_default
                0x10001490       0x40 CMakeFiles/hello_world.dir/pico-sdk/src/common/pico_time/time.c.obj
                0x10001490                alarm_pool_init_default
 .text.alarm_pool_get_default
                0x100014d0       0x2c CMakeFiles/hello_world.dir/pico-sdk/src/common/pico_time/time.c.obj
                0x100014d0                alarm_pool_get_default
 .text.alarm_pool_add_alarm_at
                0x100014fc      0x168 CMakeFiles/hello_world.dir/pico-sdk/src/common/pico_time/time.c.obj
                0x100014fc                alarm_pool_add_alarm_at
 .text.alarm_pool_cancel_alarm
                0x10001664       0xf8 CMakeFiles/hello_world.dir/pico-sdk/src/common/pico_time/time.c.obj
                0x10001664                alarm_pool_cancel_alarm
 .text.alarm_pool_core_num
                0x1000175c        0x4 CMakeFiles/hello_world.dir/pico-sdk/src/common/pico_time/time.c.obj
                0x1000175c                alarm_pool_core_num
 .text.sleep_until
                0x10001760       0xfc CMakeFiles/hello_world.dir/pico-sdk/src/common/pico_time/time.c.obj
                0x10001760                sleep_until
 .text.sleep_us
                0x1000185c       0x58 CMakeFiles/hello_world.dir/pico-sdk/src/common/pico_time/time.c.obj
                0x1000185c                sleep_us
 .text.sleep_ms
                0x100018b4       0x14 CMakeFiles/hello_world.dir/pico-sdk/src/common/pico_time/time.c.obj
                0x100018b4                sleep_ms
 .text.best_effort_wfe_or_timeout
                0x100018c8       0xac CMakeFiles/hello_world.dir/pico-sdk/src/common/pico_time/time.c.obj
                0x100018c8                best_effort_wfe_or_timeout
 .text.hardware_alarm_irq_handler
                0x10001974       0x90 CMakeFiles/hello_world.dir/pico-sdk/src/rp2_common/hardware_timer/timer.c.obj
 .text.hardware_alarm_claim
                0x10001a04       0x18 CMakeFiles/hello_world.dir/pico-sdk/src/rp2_common/hardware_timer/timer.c.obj
                0x10001a04                hardware_alarm_claim
 .text.time_us_64
                0x10001a1c       0x18 CMakeFiles/hello_world.dir/pico-sdk/src/rp2_common/hardware_timer/timer.c.obj
                0x10001a1c                time_us_64
 .text.busy_wait_until
                0x10001a34       0x28 CMakeFiles/hello_world.dir/pico-sdk/src/rp2_common/hardware_timer/timer.c.obj
                0x10001a34                busy_wait_until
 .text.hardware_alarm_set_callback
                0x10001a5c       0x90 CMakeFiles/hello_world.dir/pico-sdk/src/rp2_common/hardware_timer/timer.c.obj
                0x10001a5c                hardware_alarm_set_callback
 .text.hardware_alarm_set_target
                0x10001aec       0xe8 CMakeFiles/hello_world.dir/pico-sdk/src/rp2_common/hardware_timer/timer.c.obj
                0x10001aec                hardware_alarm_set_target
 .text.hardware_alarm_cancel
                0x10001bd4       0x40 CMakeFiles/hello_world.dir/pico-sdk/src/rp2_common/hardware_timer/timer.c.obj
                0x10001bd4                hardware_alarm_cancel
 .text.ph_add_child_node
                0x10001c14       0xa4 CMakeFiles/hello_world.dir/pico-sdk/src/common/pico_util/pheap.c.obj
 .text.ph_merge_nodes
                0x10001cb8       0x3e CMakeFiles/hello_world.dir/pico-sdk/src/common/pico_util/pheap.c.obj
 *fill*         0x10001cf6        0x2 
 .text.ph_clear
                0x10001cf8       0x70 CMakeFiles/hello_world.dir/pico-sdk/src/common/pico_util/pheap.c.obj
                0x10001cf8                ph_clear
 .text.ph_post_alloc_init
                0x10001d68        0xe CMakeFiles/hello_world.dir/pico-sdk/src/common/pico_util/pheap.c.obj
                0x10001d68                ph_post_alloc_init
 *fill*         0x10001d76        0x2 
 .text.ph_merge_two_pass
                0x10001d78       0xa8 CMakeFiles/hello_world.dir/pico-sdk/src/common/pico_util/pheap.c.obj
                0x10001d78                ph_merge_two_pass
 .text.ph_remove_any_head
                0x10001e20      0x128 CMakeFiles/hello_world.dir/pico-sdk/src/common/pico_util/pheap.c.obj
 .text.ph_remove_head
                0x10001f48       0x14 CMakeFiles/hello_world.dir/pico-sdk/src/common/pico_util/pheap.c.obj
                0x10001f48                ph_remove_head
 .text.ph_remove_and_free_node
                0x10001f5c       0xf8 CMakeFiles/hello_world.dir/pico-sdk/src/common/pico_util/pheap.c.obj
                0x10001f5c                ph_remove_and_free_node
 .text.clock_configure
                0x10002054      0x108 CMakeFiles/hello_world.dir/pico-sdk/src/rp2_common/hardware_clocks/clocks.c.obj
                0x10002054                clock_configure
 .text.clocks_init
                0x1000215c      0x100 CMakeFiles/hello_world.dir/pico-sdk/src/rp2_common/hardware_clocks/clocks.c.obj
                0x1000215c                clocks_init
 .text.clock_get_hz
                0x1000225c        0xc CMakeFiles/hello_world.dir/pico-sdk/src/rp2_common/hardware_clocks/clocks.c.obj
                0x1000225c                clock_get_hz
 .text.pll_init
                0x10002268      0x120 CMakeFiles/hello_world.dir/pico-sdk/src/rp2_common/hardware_pll/pll.c.obj
                0x10002268                pll_init
 .text.watchdog_start_tick
                0x10002388       0x10 CMakeFiles/hello_world.dir/pico-sdk/src/rp2_common/hardware_watchdog/watchdog.c.obj
                0x10002388                watchdog_start_tick
 .text.watchdog_update
                0x10002398       0x14 CMakeFiles/hello_world.dir/pico-sdk/src/rp2_common/hardware_watchdog/watchdog.c.obj
                0x10002398                watchdog_update
 .text._watchdog_enable
                0x100023ac       0x78 CMakeFiles/hello_world.dir/pico-sdk/src/rp2_common/hardware_watchdog/watchdog.c.obj
                0x100023ac                _watchdog_enable
 .text.watchdog_reboot
                0x10002424       0x48 CMakeFiles/hello_world.dir/pico-sdk/src/rp2_common/hardware_watchdog/watchdog.c.obj
                0x10002424                watchdog_reboot
 .text.xosc_init
                0x1000246c       0x28 CMakeFiles/hello_world.dir/pico-sdk/src/rp2_common/hardware_xosc/xosc.c.obj
                0x1000246c                xosc_init
 .text._exit    0x10002494        0x4 CMakeFiles/hello_world.dir/pico-sdk/src/rp2_common/pico_runtime/runtime.c.obj
                0x10002494                _exit
 .text.exit     0x10002498        0x6 CMakeFiles/hello_world.dir/pico-sdk/src/rp2_common/pico_runtime/runtime.c.obj
                0x10002498                exit
 *fill*         0x1000249e        0x2 
 .text.__assert_func
                0x100024a0       0x3c CMakeFiles/hello_world.dir/pico-sdk/src/rp2_common/pico_runtime/runtime.c.obj
                0x100024a0                __assert_func
 .text.runtime_init
                0x100024dc       0xf8 CMakeFiles/hello_world.dir/pico-sdk/src/rp2_common/pico_runtime/runtime.c.obj
                0x100024dc                runtime_init
 .text.panic    0x100025d4       0x30 CMakeFiles/hello_world.dir/pico-sdk/src/rp2_common/pico_runtime/runtime.c.obj
                0x100025d4                panic
 .text._out_null
                0x10002604        0x2 CMakeFiles/hello_world.dir/pico-sdk/src/rp2_common/pico_printf/printf.c.obj
 .text._out_fct
                0x10002606        0xe CMakeFiles/hello_world.dir/pico-sdk/src/rp2_common/pico_printf/printf.c.obj
 .text._atoi    0x10002614       0x24 CMakeFiles/hello_world.dir/pico-sdk/src/rp2_common/pico_printf/printf.c.obj
 .text._out_rev
                0x10002638       0xae CMakeFiles/hello_world.dir/pico-sdk/src/rp2_common/pico_printf/printf.c.obj
 .text._ntoa_format
                0x100026e6      0x112 CMakeFiles/hello_world.dir/pico-sdk/src/rp2_common/pico_printf/printf.c.obj
 .text._ntoa_long
                0x100027f8       0xbc CMakeFiles/hello_world.dir/pico-sdk/src/rp2_common/pico_printf/printf.c.obj
 .text._ntoa_long_long
                0x100028b4       0xe2 CMakeFiles/hello_world.dir/pico-sdk/src/rp2_common/pico_printf/printf.c.obj
 *fill*         0x10002996        0x2 
 .text._etoa    0x10002998      0x414 CMakeFiles/hello_world.dir/pico-sdk/src/rp2_common/pico_printf/printf.c.obj
 .text._ftoa    0x10002dac      0x354 CMakeFiles/hello_world.dir/pico-sdk/src/rp2_common/pico_printf/printf.c.obj
 .text._vsnprintf
                0x10003100      0x624 CMakeFiles/hello_world.dir/pico-sdk/src/rp2_common/pico_printf/printf.c.obj
 .text.vfctprintf
                0x10003724       0x20 CMakeFiles/hello_world.dir/pico-sdk/src/rp2_common/pico_printf/printf.c.obj
                0x10003724                vfctprintf
 .text          0x10003744       0x10 CMakeFiles/hello_world.dir/pico-sdk/src/rp2_common/pico_bit_ops/bit_ops_aeabi.S.obj
 .text.rom_func_lookup
                0x10003754       0x10 CMakeFiles/hello_world.dir/pico-sdk/src/rp2_common/pico_bootrom/bootrom.c.obj
                0x10003754                rom_func_lookup
 .text.rom_data_lookup
                0x10003764       0x10 CMakeFiles/hello_world.dir/pico-sdk/src/rp2_common/pico_bootrom/bootrom.c.obj
                0x10003764                rom_data_lookup
 .text.rom_funcs_lookup
                0x10003774       0x36 CMakeFiles/hello_world.dir/pico-sdk/src/rp2_common/pico_bootrom/bootrom.c.obj
                0x10003774                rom_funcs_lookup
 *fill*         0x100037aa        0x2 
 .text.__wrap___aeabi_idiv
                0x100037ac       0x50 CMakeFiles/hello_world.dir/pico-sdk/src/rp2_common/pico_divider/divider.S.obj
                0x100037ac                __wrap___aeabi_idivmod
                0x100037ac                divmod_s32s32
                0x100037ac                div_s32s32
                0x100037ac                __wrap___aeabi_idiv
                0x100037b4                divmod_s32s32_unsafe
                0x100037e0                divmod_s32s32_savestate
 .text.__wrap___aeabi_uidiv
                0x100037fc       0x4c CMakeFiles/hello_world.dir/pico-sdk/src/rp2_common/pico_divider/divider.S.obj
                0x100037fc                __wrap___aeabi_uidiv
                0x100037fc                __wrap___aeabi_uidivmod
                0x100037fc                div_u32u32
                0x100037fc                divmod_u32u32
                0x10003804                divmod_u32u32_unsafe
                0x1000382c                divmod_u32u32_savestate
 .text.__wrap___aeabi_ldiv
                0x10003848      0x424 CMakeFiles/hello_world.dir/pico-sdk/src/rp2_common/pico_divider/divider.S.obj
                0x10003848                div_s64s64
                0x10003848                divmod_s64s64
                0x10003848                __wrap___aeabi_ldivmod
                0x10003878                divmod_u64u64
                0x10003878                div_u64u64
                0x10003878                __wrap___aeabi_uldivmod
                0x10003888                divmod_u64u64_savestate
                0x100038a8                divmod_s64s64_unsafe
                0x10003930                divmod_u64u64_unsafe
 .text.__wrap___aeabi_darithmetic
                0x10003c6c       0x80 CMakeFiles/hello_world.dir/pico-sdk/src/rp2_common/pico_double/double_aeabi.S.obj
                0x10003c6c                __wrap___aeabi_drsub
                0x10003c72                __wrap___aeabi_dsub
                0x10003c84                __wrap___aeabi_dadd
                0x10003c96                __wrap___aeabi_ddiv
                0x10003cd2                __wrap___aeabi_dmul
 .text.__wrap___aeabi_cdcmple
                0x10003cec       0x6c CMakeFiles/hello_world.dir/pico-sdk/src/rp2_common/pico_double/double_aeabi.S.obj
                0x10003cec                __wrap___aeabi_cdrcmple
                0x10003cfc                __wrap___aeabi_cdcmpeq
                0x10003cfc                __wrap___aeabi_cdcmple
 .text.__wrap___aeabi_dcmplt
                0x10003d58        0xc CMakeFiles/hello_world.dir/pico-sdk/src/rp2_common/pico_double/double_aeabi.S.obj
                0x10003d58                __wrap___aeabi_dcmplt
 .text.__wrap___aeabi_dcmple
                0x10003d64       0x10 CMakeFiles/hello_world.dir/pico-sdk/src/rp2_common/pico_double/double_aeabi.S.obj
                0x10003d64                __wrap___aeabi_dcmple
 .text.__wrap___aeabi_dcmpge
                0x10003d74       0x10 CMakeFiles/hello_world.dir/pico-sdk/src/rp2_common/pico_double/double_aeabi.S.obj
                0x10003d74                __wrap___aeabi_dcmpge
 .text.__wrap___aeabi_dcmpgt
                0x10003d84        0xa CMakeFiles/hello_world.dir/pico-sdk/src/rp2_common/pico_double/double_aeabi.S.obj
                0x10003d84                __wrap___aeabi_dcmpgt
 .text.__wrap___aeabi_dcmpun
                0x10003d8e       0x1c CMakeFiles/hello_world.dir/pico-sdk/src/rp2_common/pico_double/double_aeabi.S.obj
                0x10003d8e                __wrap___aeabi_dcmpun
 *fill*         0x10003daa        0x2 
 .text.__wrap___aeabi_i2d
                0x10003dac       0x38 CMakeFiles/hello_world.dir/pico-sdk/src/rp2_common/pico_double/double_aeabi.S.obj
                0x10003dac                __wrap___aeabi_ui2d
                0x10003db4                __wrap___aeabi_i2d
 .text.__wrap___aeabi_d2iz
                0x10003de4       0x48 CMakeFiles/hello_world.dir/pico-sdk/src/rp2_common/pico_double/double_aeabi.S.obj
                0x10003de4                double2int_z
                0x10003de4                __wrap___aeabi_d2iz
 .text.__wrap___aeabi_d2uiz
                0x10003e2c       0x18 CMakeFiles/hello_world.dir/pico-sdk/src/rp2_common/pico_double/double_aeabi.S.obj
                0x10003e2c                __wrap___aeabi_d2uiz
                0x10003e2c                double2uint
 .text.__aeabi_double_init
                0x10003e44       0xc8 CMakeFiles/hello_world.dir/pico-sdk/src/rp2_common/pico_double/double_init_rom.c.obj
                0x10003e44                __aeabi_double_init
 .text.double_table_shim_on_use_helper
                0x10003f0c       0x34 CMakeFiles/hello_world.dir/pico-sdk/src/rp2_common/pico_double/double_v1_rom_shim.S.obj
                0x10003f0c                double_table_shim_on_use_helper
 .text.__wrap___aeabi_dsub
                0x10003f40       0x10 CMakeFiles/hello_world.dir/pico-sdk/src/rp2_common/pico_double/double_v1_rom_shim.S.obj
                0x10003f40                drsub_shim
                0x10003f46                dsub_shim
 .text.dadd_shim
                0x10003f50      0x15c CMakeFiles/hello_world.dir/pico-sdk/src/rp2_common/pico_double/double_v1_rom_shim.S.obj
                0x10003f50                dadd_shim
 .text.dmul_shim
                0x100040ac      0x15c CMakeFiles/hello_world.dir/pico-sdk/src/rp2_common/pico_double/double_v1_rom_shim.S.obj
                0x100040ac                dmul_shim
 .text.ddiv_shim
                0x10004208      0x1b0 CMakeFiles/hello_world.dir/pico-sdk/src/rp2_common/pico_double/double_v1_rom_shim.S.obj
                0x10004208                ddiv_shim
 .text.double2uint_shim
                0x100043b8        0xe CMakeFiles/hello_world.dir/pico-sdk/src/rp2_common/pico_double/double_v1_rom_shim.S.obj
                0x100043b8                double2uint_shim
                0x100043ba                double2ufix_shim
 *fill*         0x100043c6        0x2 
 .text.double2uint64_shim
                0x100043c8       0x70 CMakeFiles/hello_world.dir/pico-sdk/src/rp2_common/pico_double/double_v1_rom_shim.S.obj
                0x100043c8                double2uint64_shim
                0x100043ca                double2ufix64_shim
                0x100043ea                d2fix_a
 .text.dunpacks
                0x10004438       0x3c CMakeFiles/hello_world.dir/pico-sdk/src/rp2_common/pico_double/double_v1_rom_shim.S.obj
                0x10004438                dunpacks
 .text.__aeabi_lmul
                0x10004474       0x32 CMakeFiles/hello_world.dir/pico-sdk/src/rp2_common/pico_int64_ops/pico_int64_ops_aeabi.S.obj
                0x10004474                __wrap___aeabi_lmul
 *fill*         0x100044a6        0x2 
 .text.__aeabi_float_init
                0x100044a8       0xfc CMakeFiles/hello_world.dir/pico-sdk/src/rp2_common/pico_float/float_init_rom.c.obj
                0x100044a8                __aeabi_float_init
 .text.float_table_shim_on_use_helper
                0x100045a4       0x34 CMakeFiles/hello_world.dir/pico-sdk/src/rp2_common/pico_float/float_v1_rom_shim.S.obj
                0x100045a4                float_table_shim_on_use_helper
 .text          0x100045d8       0x10 CMakeFiles/hello_world.dir/pico-sdk/src/rp2_common/pico_mem_ops/mem_ops_aeabi.S.obj
                0x100045d8                __aeabi_mem_init
 .text.memset   0x100045e8        0xc CMakeFiles/hello_world.dir/pico-sdk/src/rp2_common/pico_mem_ops/mem_ops_aeabi.S.obj
                0x100045e8                __wrap_memset
 .text.memcpy   0x100045f4        0xc CMakeFiles/hello_world.dir/pico-sdk/src/rp2_common/pico_mem_ops/mem_ops_aeabi.S.obj
                0x100045f4                __wrap_memcpy
                0x100045f4                __wrap___aeabi_memcpy
 .text.stdio_out_chars_no_crlf
                0x10004600        0xe CMakeFiles/hello_world.dir/pico-sdk/src/rp2_common/pico_stdio/stdio.c.obj
 *fill*         0x1000460e        0x2 
 .text.stdio_out_chars_crlf
                0x10004610       0x80 CMakeFiles/hello_world.dir/pico-sdk/src/rp2_common/pico_stdio/stdio.c.obj
 .text.stdio_stack_buffer_flush
                0x10004690       0x44 CMakeFiles/hello_world.dir/pico-sdk/src/rp2_common/pico_stdio/stdio.c.obj
 .text.stdio_buffered_printer
                0x100046d4       0x20 CMakeFiles/hello_world.dir/pico-sdk/src/rp2_common/pico_stdio/stdio.c.obj
 .text.stdout_serialize_begin
                0x100046f4       0x5c CMakeFiles/hello_world.dir/pico-sdk/src/rp2_common/pico_stdio/stdio.c.obj
                0x100046f4                stdout_serialize_begin
 .text.stdout_serialize_end
                0x10004750       0x10 CMakeFiles/hello_world.dir/pico-sdk/src/rp2_common/pico_stdio/stdio.c.obj
                0x10004750                stdout_serialize_end
 .text.stdio_put_string
                0x10004760       0x98 CMakeFiles/hello_world.dir/pico-sdk/src/rp2_common/pico_stdio/stdio.c.obj
 .text.stdio_set_driver_enabled
                0x100047f8       0x2c CMakeFiles/hello_world.dir/pico-sdk/src/rp2_common/pico_stdio/stdio.c.obj
                0x100047f8                stdio_set_driver_enabled
 .text.stdio_flush
                0x10004824       0x20 CMakeFiles/hello_world.dir/pico-sdk/src/rp2_common/pico_stdio/stdio.c.obj
                0x10004824                stdio_flush
 .text.__wrap_puts
                0x10004844       0x1e CMakeFiles/hello_world.dir/pico-sdk/src/rp2_common/pico_stdio/stdio.c.obj
                0x10004844                __wrap_puts
 *fill*         0x10004862        0x2 
 .text.__wrap_vprintf
                0x10004864       0x40 CMakeFiles/hello_world.dir/pico-sdk/src/rp2_common/pico_stdio/stdio.c.obj
                0x10004864                __wrap_vprintf
 .text.__wrap_printf
                0x100048a4       0x18 CMakeFiles/hello_world.dir/pico-sdk/src/rp2_common/pico_stdio/stdio.c.obj
                0x100048a4                __wrap_printf
 .text.stdio_init_all
                0x100048bc        0x8 CMakeFiles/hello_world.dir/pico-sdk/src/rp2_common/pico_stdio/stdio.c.obj
                0x100048bc                stdio_init_all
 .text.resetd_init
                0x100048c4        0x2 CMakeFiles/hello_world.dir/pico-sdk/src/rp2_common/pico_stdio_usb/reset_interface.c.obj
 *fill*         0x100048c6        0x2 
 .text.resetd_reset
                0x100048c8        0xc CMakeFiles/hello_world.dir/pico-sdk/src/rp2_common/pico_stdio_usb/reset_interface.c.obj
 .text.resetd_open
                0x100048d4       0x34 CMakeFiles/hello_world.dir/pico-sdk/src/rp2_common/pico_stdio_usb/reset_interface.c.obj
 .text.resetd_xfer_cb
                0x10004908        0x4 CMakeFiles/hello_world.dir/pico-sdk/src/rp2_common/pico_stdio_usb/reset_interface.c.obj
 .text.reset_usb_boot
                0x1000490c       0x18 CMakeFiles/hello_world.dir/pico-sdk/src/rp2_common/pico_stdio_usb/reset_interface.c.obj
 .text.resetd_control_xfer_cb
                0x10004924       0x5c CMakeFiles/hello_world.dir/pico-sdk/src/rp2_common/pico_stdio_usb/reset_interface.c.obj
 .text.usbd_app_driver_get_cb
                0x10004980        0xc CMakeFiles/hello_world.dir/pico-sdk/src/rp2_common/pico_stdio_usb/reset_interface.c.obj
                0x10004980                usbd_app_driver_get_cb
 .text.tud_cdc_line_coding_cb
                0x1000498c       0x28 CMakeFiles/hello_world.dir/pico-sdk/src/rp2_common/pico_stdio_usb/reset_interface.c.obj
                0x1000498c                tud_cdc_line_coding_cb
 .text.stdio_usb_set_chars_available_callback
                0x100049b4       0x14 CMakeFiles/hello_world.dir/pico-sdk/src/rp2_common/pico_stdio_usb/stdio_usb.c.obj
                0x100049b4                stdio_usb_set_chars_available_callback
 .text.usb_irq  0x100049c8       0x10 CMakeFiles/hello_world.dir/pico-sdk/src/rp2_common/pico_stdio_usb/stdio_usb.c.obj
 .text.timer_task
                0x100049d8       0x5c CMakeFiles/hello_world.dir/pico-sdk/src/rp2_common/pico_stdio_usb/stdio_usb.c.obj
 .text.low_priority_worker_irq
                0x10004a34       0xdc CMakeFiles/hello_world.dir/pico-sdk/src/rp2_common/pico_stdio_usb/stdio_usb.c.obj
 .text.tud_cdc_rx_cb
                0x10004b10       0x20 CMakeFiles/hello_world.dir/pico-sdk/src/rp2_common/pico_stdio_usb/stdio_usb.c.obj
                0x10004b10                tud_cdc_rx_cb
 .text.stdio_usb_init
                0x10004b30      0x11c CMakeFiles/hello_world.dir/pico-sdk/src/rp2_common/pico_stdio_usb/stdio_usb.c.obj
                0x10004b30                stdio_usb_init
 .text.stdio_usb_connected
                0x10004c4c        0xa CMakeFiles/hello_world.dir/pico-sdk/src/rp2_common/pico_stdio_usb/stdio_usb.c.obj
                0x10004c4c                stdio_usb_connected
 *fill*         0x10004c56        0x2 
 .text.stdio_usb_in_chars
                0x10004c58       0xc4 CMakeFiles/hello_world.dir/pico-sdk/src/rp2_common/pico_stdio_usb/stdio_usb.c.obj
                0x10004c58                stdio_usb_in_chars
 .text.stdio_usb_out_chars
                0x10004d1c      0x114 CMakeFiles/hello_world.dir/pico-sdk/src/rp2_common/pico_stdio_usb/stdio_usb.c.obj
 .text.tud_descriptor_device_cb
                0x10004e30        0x8 CMakeFiles/hello_world.dir/pico-sdk/src/rp2_common/pico_stdio_usb/stdio_usb_descriptors.c.obj
                0x10004e30                tud_descriptor_device_cb
 .text.tud_descriptor_configuration_cb
                0x10004e38        0x8 CMakeFiles/hello_world.dir/pico-sdk/src/rp2_common/pico_stdio_usb/stdio_usb_descriptors.c.obj
                0x10004e38                tud_descriptor_configuration_cb
 .text.tud_descriptor_string_cb
                0x10004e40       0x6c CMakeFiles/hello_world.dir/pico-sdk/src/rp2_common/pico_stdio_usb/stdio_usb_descriptors.c.obj
                0x10004e40                tud_descriptor_string_cb
 .text._retrieve_unique_id_on_boot
                0x10004eac       0x10 CMakeFiles/hello_world.dir/pico-sdk/src/rp2_common/pico_unique_id/unique_id.c.obj
 .text.pico_get_unique_board_id_string
                0x10004ebc       0x60 CMakeFiles/hello_world.dir/pico-sdk/src/rp2_common/pico_unique_id/unique_id.c.obj
                0x10004ebc                pico_get_unique_board_id_string
 .text.flash_get_unique_id
                0x10004f1c       0x46 CMakeFiles/hello_world.dir/pico-sdk/src/rp2_common/hardware_flash/flash.c.obj
                0x10004f1c                flash_get_unique_id
 *fill*         0x10004f62        0x2 
 .text.hw_endpoint_get_by_addr
                0x10004f64       0x18 CMakeFiles/hello_world.dir/pico-sdk/lib/tinyusb/src/portable/raspberrypi/rp2040/dcd_rp2040.c.obj
 .text._hw_endpoint_alloc
                0x10004f7c       0x70 CMakeFiles/hello_world.dir/pico-sdk/lib/tinyusb/src/portable/raspberrypi/rp2040/dcd_rp2040.c.obj
 .text.hw_endpoint_init
                0x10004fec       0x88 CMakeFiles/hello_world.dir/pico-sdk/lib/tinyusb/src/portable/raspberrypi/rp2040/dcd_rp2040.c.obj
 .text.hw_endpoint_xfer
                0x10005074       0x14 CMakeFiles/hello_world.dir/pico-sdk/lib/tinyusb/src/portable/raspberrypi/rp2040/dcd_rp2040.c.obj
 .text.dcd_int_enable
                0x10005088       0x2c CMakeFiles/hello_world.dir/pico-sdk/lib/tinyusb/src/portable/raspberrypi/rp2040/dcd_rp2040.c.obj
                0x10005088                dcd_int_enable
 .text.dcd_set_address
                0x100050b4       0x2c CMakeFiles/hello_world.dir/pico-sdk/lib/tinyusb/src/portable/raspberrypi/rp2040/dcd_rp2040.c.obj
                0x100050b4                dcd_set_address
 .text.dcd_connect
                0x100050e0       0x10 CMakeFiles/hello_world.dir/pico-sdk/lib/tinyusb/src/portable/raspberrypi/rp2040/dcd_rp2040.c.obj
                0x100050e0                dcd_connect
 .text.dcd_init
                0x100050f0       0x80 CMakeFiles/hello_world.dir/pico-sdk/lib/tinyusb/src/portable/raspberrypi/rp2040/dcd_rp2040.c.obj
                0x100050f0                dcd_init
 .text.dcd_edpt0_status_complete
                0x10005170       0x1c CMakeFiles/hello_world.dir/pico-sdk/lib/tinyusb/src/portable/raspberrypi/rp2040/dcd_rp2040.c.obj
                0x10005170                dcd_edpt0_status_complete
 .text.dcd_edpt_open
                0x1000518c       0x40 CMakeFiles/hello_world.dir/pico-sdk/lib/tinyusb/src/portable/raspberrypi/rp2040/dcd_rp2040.c.obj
                0x1000518c                dcd_edpt_open
 .text.dcd_edpt_close_all
                0x100051cc        0x8 CMakeFiles/hello_world.dir/pico-sdk/lib/tinyusb/src/portable/raspberrypi/rp2040/dcd_rp2040.c.obj
                0x100051cc                dcd_edpt_close_all
 .text.dcd_edpt_xfer
                0x100051d4       0x34 CMakeFiles/hello_world.dir/pico-sdk/lib/tinyusb/src/portable/raspberrypi/rp2040/dcd_rp2040.c.obj
                0x100051d4                dcd_edpt_xfer
 .text.dcd_edpt_stall
                0x10005208       0x2c CMakeFiles/hello_world.dir/pico-sdk/lib/tinyusb/src/portable/raspberrypi/rp2040/dcd_rp2040.c.obj
                0x10005208                dcd_edpt_stall
 .text.dcd_edpt_clear_stall
                0x10005234       0x20 CMakeFiles/hello_world.dir/pico-sdk/lib/tinyusb/src/portable/raspberrypi/rp2040/dcd_rp2040.c.obj
                0x10005234                dcd_edpt_clear_stall
 .text.rp2040_usb_init
                0x10005254       0x4c CMakeFiles/hello_world.dir/pico-sdk/lib/tinyusb/src/portable/raspberrypi/rp2040/rp2040_usb.c.obj
                0x10005254                rp2040_usb_init
 .text.hw_endpoint_xfer_start
                0x100052a0       0x50 CMakeFiles/hello_world.dir/pico-sdk/lib/tinyusb/src/portable/raspberrypi/rp2040/rp2040_usb.c.obj
                0x100052a0                hw_endpoint_xfer_start
 .text.configuration_reset
                0x100052f0       0x84 CMakeFiles/hello_world.dir/pico-sdk/lib/tinyusb/src/device/usbd.c.obj
 .text.usbd_reset
                0x10005374        0xc CMakeFiles/hello_world.dir/pico-sdk/lib/tinyusb/src/device/usbd.c.obj
 .text.invoke_class_control
                0x10005380       0x1a CMakeFiles/hello_world.dir/pico-sdk/lib/tinyusb/src/device/usbd.c.obj
 *fill*         0x1000539a        0x2 
 .text.process_set_config
                0x1000539c      0x178 CMakeFiles/hello_world.dir/pico-sdk/lib/tinyusb/src/device/usbd.c.obj
 .text.process_get_descriptor
                0x10005514       0xdc CMakeFiles/hello_world.dir/pico-sdk/lib/tinyusb/src/device/usbd.c.obj
 .text.tud_mounted
                0x100055f0       0x10 CMakeFiles/hello_world.dir/pico-sdk/lib/tinyusb/src/device/usbd.c.obj
                0x100055f0                tud_mounted
 .text.tud_suspended
                0x10005600       0x10 CMakeFiles/hello_world.dir/pico-sdk/lib/tinyusb/src/device/usbd.c.obj
                0x10005600                tud_suspended
 .text.tud_inited
                0x10005610       0x14 CMakeFiles/hello_world.dir/pico-sdk/lib/tinyusb/src/device/usbd.c.obj
                0x10005610                tud_inited
 .text.tud_init
                0x10005624       0xcc CMakeFiles/hello_world.dir/pico-sdk/lib/tinyusb/src/device/usbd.c.obj
                0x10005624                tud_init
 .text.usbd_defer_func
                0x100056f0       0x2a CMakeFiles/hello_world.dir/pico-sdk/lib/tinyusb/src/device/usbd.c.obj
                0x100056f0                usbd_defer_func
 *fill*         0x1000571a        0x2 
 .text.usbd_edpt_open
                0x1000571c       0x34 CMakeFiles/hello_world.dir/pico-sdk/lib/tinyusb/src/device/usbd.c.obj
                0x1000571c                usbd_edpt_open
 .text.usbd_open_edpt_pair
                0x10005750       0x62 CMakeFiles/hello_world.dir/pico-sdk/lib/tinyusb/src/device/usbd.c.obj
                0x10005750                usbd_open_edpt_pair
 *fill*         0x100057b2        0x2 
 .text.usbd_edpt_claim
                0x100057b4       0x28 CMakeFiles/hello_world.dir/pico-sdk/lib/tinyusb/src/device/usbd.c.obj
                0x100057b4                usbd_edpt_claim
 .text.usbd_edpt_release
                0x100057dc       0x28 CMakeFiles/hello_world.dir/pico-sdk/lib/tinyusb/src/device/usbd.c.obj
                0x100057dc                usbd_edpt_release
 .text.usbd_edpt_xfer
                0x10005804       0x78 CMakeFiles/hello_world.dir/pico-sdk/lib/tinyusb/src/device/usbd.c.obj
                0x10005804                usbd_edpt_xfer
 .text.usbd_edpt_stall
                0x1000587c       0x48 CMakeFiles/hello_world.dir/pico-sdk/lib/tinyusb/src/device/usbd.c.obj
                0x1000587c                usbd_edpt_stall
 .text.usbd_edpt_clear_stall
                0x100058c4       0x48 CMakeFiles/hello_world.dir/pico-sdk/lib/tinyusb/src/device/usbd.c.obj
                0x100058c4                usbd_edpt_clear_stall
 .text.usbd_edpt_stalled
                0x1000590c       0x1c CMakeFiles/hello_world.dir/pico-sdk/lib/tinyusb/src/device/usbd.c.obj
                0x1000590c                usbd_edpt_stalled
 .text.process_control_request
                0x10005928      0x37c CMakeFiles/hello_world.dir/pico-sdk/lib/tinyusb/src/device/usbd.c.obj
 .text.tud_task_ext
                0x10005ca4      0x1b8 CMakeFiles/hello_world.dir/pico-sdk/lib/tinyusb/src/device/usbd.c.obj
                0x10005ca4                tud_task_ext
 .text._data_stage_xact
                0x10005e5c       0x58 CMakeFiles/hello_world.dir/pico-sdk/lib/tinyusb/src/device/usbd_control.c.obj
 .text.tud_control_status
                0x10005eb4       0x38 CMakeFiles/hello_world.dir/pico-sdk/lib/tinyusb/src/device/usbd_control.c.obj
                0x10005eb4                tud_control_status
 .text.tud_control_xfer
                0x10005eec       0x74 CMakeFiles/hello_world.dir/pico-sdk/lib/tinyusb/src/device/usbd_control.c.obj
                0x10005eec                tud_control_xfer
 .text.usbd_control_reset
                0x10005f60       0x14 CMakeFiles/hello_world.dir/pico-sdk/lib/tinyusb/src/device/usbd_control.c.obj
                0x10005f60                usbd_control_reset
 .text.usbd_control_set_complete_callback
                0x10005f74        0xc CMakeFiles/hello_world.dir/pico-sdk/lib/tinyusb/src/device/usbd_control.c.obj
                0x10005f74                usbd_control_set_complete_callback
 .text.usbd_control_set_request
                0x10005f80       0x1c CMakeFiles/hello_world.dir/pico-sdk/lib/tinyusb/src/device/usbd_control.c.obj
                0x10005f80                usbd_control_set_request
 .text.usbd_control_xfer_cb
                0x10005f9c       0xcc CMakeFiles/hello_world.dir/pico-sdk/lib/tinyusb/src/device/usbd_control.c.obj
                0x10005f9c                usbd_control_xfer_cb
 .text._prep_out_transaction
                0x10006068       0x4a CMakeFiles/hello_world.dir/pico-sdk/lib/tinyusb/src/class/cdc/cdc_device.c.obj
 *fill*         0x100060b2        0x2 
 .text.tud_cdc_n_connected
                0x100060b4       0x44 CMakeFiles/hello_world.dir/pico-sdk/lib/tinyusb/src/class/cdc/cdc_device.c.obj
                0x100060b4                tud_cdc_n_connected
 .text.tud_cdc_n_available
                0x100060f8       0x18 CMakeFiles/hello_world.dir/pico-sdk/lib/tinyusb/src/class/cdc/cdc_device.c.obj
                0x100060f8                tud_cdc_n_available
 .text.tud_cdc_n_read
                0x10006110       0x28 CMakeFiles/hello_world.dir/pico-sdk/lib/tinyusb/src/class/cdc/cdc_device.c.obj
                0x10006110                tud_cdc_n_read
 .text.tud_cdc_n_write_flush
                0x10006138       0xb8 CMakeFiles/hello_world.dir/pico-sdk/lib/tinyusb/src/class/cdc/cdc_device.c.obj
                0x10006138                tud_cdc_n_write_flush
 .text.tud_cdc_n_write
                0x100061f0       0x38 CMakeFiles/hello_world.dir/pico-sdk/lib/tinyusb/src/class/cdc/cdc_device.c.obj
                0x100061f0                tud_cdc_n_write
 .text.tud_cdc_n_write_available
                0x10006228       0x1c CMakeFiles/hello_world.dir/pico-sdk/lib/tinyusb/src/class/cdc/cdc_device.c.obj
                0x10006228                tud_cdc_n_write_available
 .text.cdcd_init
                0x10006244       0xbc CMakeFiles/hello_world.dir/pico-sdk/lib/tinyusb/src/class/cdc/cdc_device.c.obj
                0x10006244                cdcd_init
 .text.cdcd_reset
                0x10006300       0x44 CMakeFiles/hello_world.dir/pico-sdk/lib/tinyusb/src/class/cdc/cdc_device.c.obj
                0x10006300                cdcd_reset
 .text.cdcd_open
                0x10006344       0xcc CMakeFiles/hello_world.dir/pico-sdk/lib/tinyusb/src/class/cdc/cdc_device.c.obj
                0x10006344                cdcd_open
 .text.cdcd_control_xfer_cb
                0x10006410      0x134 CMakeFiles/hello_world.dir/pico-sdk/lib/tinyusb/src/class/cdc/cdc_device.c.obj
                0x10006410                cdcd_control_xfer_cb
 .text.cdcd_xfer_cb
                0x10006544      0x130 CMakeFiles/hello_world.dir/pico-sdk/lib/tinyusb/src/class/cdc/cdc_device.c.obj
                0x10006544                cdcd_xfer_cb
 .text.tusb_init
                0x10006674        0xa CMakeFiles/hello_world.dir/pico-sdk/lib/tinyusb/src/tusb.c.obj
                0x10006674                tusb_init
 .text.tusb_inited
                0x1000667e        0xe CMakeFiles/hello_world.dir/pico-sdk/lib/tinyusb/src/tusb.c.obj
                0x1000667e                tusb_inited
 .text.tu_edpt_claim
                0x1000668c       0x50 CMakeFiles/hello_world.dir/pico-sdk/lib/tinyusb/src/tusb.c.obj
                0x1000668c                tu_edpt_claim
 .text.tu_edpt_release
                0x100066dc       0x3c CMakeFiles/hello_world.dir/pico-sdk/lib/tinyusb/src/tusb.c.obj
                0x100066dc                tu_edpt_release
 .text.tu_edpt_validate
                0x10006718       0x78 CMakeFiles/hello_world.dir/pico-sdk/lib/tinyusb/src/tusb.c.obj
                0x10006718                tu_edpt_validate
 .text.tu_edpt_bind_driver
                0x10006790       0x26 CMakeFiles/hello_world.dir/pico-sdk/lib/tinyusb/src/tusb.c.obj
                0x10006790                tu_edpt_bind_driver
 .text.advance_index
                0x100067b6       0x1a CMakeFiles/hello_world.dir/pico-sdk/lib/tinyusb/src/common/tusb_fifo.c.obj
 .text._tu_fifo_peek
                0x100067d0       0x56 CMakeFiles/hello_world.dir/pico-sdk/lib/tinyusb/src/common/tusb_fifo.c.obj
 .text._ff_pull_const_addr
                0x10006826       0x4c CMakeFiles/hello_world.dir/pico-sdk/lib/tinyusb/src/common/tusb_fifo.c.obj
 .text._ff_pull_n
                0x10006872      0x110 CMakeFiles/hello_world.dir/pico-sdk/lib/tinyusb/src/common/tusb_fifo.c.obj
 .text._tu_fifo_peek_n
                0x10006982       0x6a CMakeFiles/hello_world.dir/pico-sdk/lib/tinyusb/src/common/tusb_fifo.c.obj
 .text._tu_fifo_read_n
                0x100069ec       0x4e CMakeFiles/hello_world.dir/pico-sdk/lib/tinyusb/src/common/tusb_fifo.c.obj
 .text._ff_push_const_addr
                0x10006a3a       0x40 CMakeFiles/hello_world.dir/pico-sdk/lib/tinyusb/src/common/tusb_fifo.c.obj
 .text._ff_push_n
                0x10006a7a      0x10c CMakeFiles/hello_world.dir/pico-sdk/lib/tinyusb/src/common/tusb_fifo.c.obj
 .text._tu_fifo_write_n
                0x10006b86       0xf0 CMakeFiles/hello_world.dir/pico-sdk/lib/tinyusb/src/common/tusb_fifo.c.obj
 .text.tu_fifo_config
                0x10006c76       0x7c CMakeFiles/hello_world.dir/pico-sdk/lib/tinyusb/src/common/tusb_fifo.c.obj
                0x10006c76                tu_fifo_config
 .text.tu_fifo_count
                0x10006cf2       0x2a CMakeFiles/hello_world.dir/pico-sdk/lib/tinyusb/src/common/tusb_fifo.c.obj
                0x10006cf2                tu_fifo_count
 .text.tu_fifo_empty
                0x10006d1c       0x10 CMakeFiles/hello_world.dir/pico-sdk/lib/tinyusb/src/common/tusb_fifo.c.obj
                0x10006d1c                tu_fifo_empty
 .text.tu_fifo_full
                0x10006d2c       0x28 CMakeFiles/hello_world.dir/pico-sdk/lib/tinyusb/src/common/tusb_fifo.c.obj
                0x10006d2c                tu_fifo_full
 .text.tu_fifo_remaining
                0x10006d54       0x2c CMakeFiles/hello_world.dir/pico-sdk/lib/tinyusb/src/common/tusb_fifo.c.obj
                0x10006d54                tu_fifo_remaining
 .text.tu_fifo_read
                0x10006d80       0x42 CMakeFiles/hello_world.dir/pico-sdk/lib/tinyusb/src/common/tusb_fifo.c.obj
                0x10006d80                tu_fifo_read
 .text.tu_fifo_read_n
                0x10006dc2        0xa CMakeFiles/hello_world.dir/pico-sdk/lib/tinyusb/src/common/tusb_fifo.c.obj
                0x10006dc2                tu_fifo_read_n
 .text.tu_fifo_write
                0x10006dcc       0x64 CMakeFiles/hello_world.dir/pico-sdk/lib/tinyusb/src/common/tusb_fifo.c.obj
                0x10006dcc                tu_fifo_write
 .text.tu_fifo_write_n
                0x10006e30        0xa CMakeFiles/hello_world.dir/pico-sdk/lib/tinyusb/src/common/tusb_fifo.c.obj
                0x10006e30                tu_fifo_write_n
 .text.tu_fifo_clear
                0x10006e3a       0x3e CMakeFiles/hello_world.dir/pico-sdk/lib/tinyusb/src/common/tusb_fifo.c.obj
                0x10006e3a                tu_fifo_clear
 .text.tu_fifo_set_overwritable
                0x10006e78       0x46 CMakeFiles/hello_world.dir/pico-sdk/lib/tinyusb/src/common/tusb_fifo.c.obj
                0x10006e78                tu_fifo_set_overwritable
 .text.i2c_write_blocking_internal
                0x10006ebe      0x140 CMakeFiles/hello_world.dir/pico-sdk/src/rp2_common/hardware_i2c/i2c.c.obj
 .text.i2c_read_blocking_internal
                0x10006ffe       0xe6 CMakeFiles/hello_world.dir/pico-sdk/src/rp2_common/hardware_i2c/i2c.c.obj
 .text.i2c_set_baudrate
                0x100070e4       0xf0 CMakeFiles/hello_world.dir/pico-sdk/src/rp2_common/hardware_i2c/i2c.c.obj
                0x100070e4                i2c_set_baudrate
 .text.i2c_init
                0x100071d4       0x58 CMakeFiles/hello_world.dir/pico-sdk/src/rp2_common/hardware_i2c/i2c.c.obj
                0x100071d4                i2c_init
 .text.i2c_write_blocking
                0x1000722c       0x18 CMakeFiles/hello_world.dir/pico-sdk/src/rp2_common/hardware_i2c/i2c.c.obj
                0x1000722c                i2c_write_blocking
 .text.i2c_read_blocking
                0x10007244       0x18 CMakeFiles/hello_world.dir/pico-sdk/src/rp2_common/hardware_i2c/i2c.c.obj
                0x10007244                i2c_read_blocking
 .text.strlen   0x1000725c       0x5c c:/progra~1/raspbe~1/picosd~1.1/gcc-ar~1/bin/../lib/gcc/arm-none-eabi/10.3.1/../../../../arm-none-eabi/lib/thumb/v6-m/nofp\libg.a(lib_a-strlen-stub.o)
                0x1000725c                strlen
 *(.fini)
 .fini          0x100072b8        0x4 c:/progra~1/raspbe~1/picosd~1.1/gcc-ar~1/bin/../lib/gcc/arm-none-eabi/10.3.1/thumb/v6-m/nofp/crti.o
                0x100072b8                _fini
 *fill*         0x100072bc        0x4 
 .fini.__stub   0x100072c0       0xe0 linker stubs
 *crtbegin.o(.ctors)
 *crtbegin?.o(.ctors)
 *(EXCLUDE_FILE(*crtend.o *crtend?.o) .ctors)
 *(SORT_BY_NAME(.ctors.*))
 *(.ctors)
 *crtbegin.o(.dtors)
 *crtbegin?.o(.dtors)
 *(EXCLUDE_FILE(*crtend.o *crtend?.o) .dtors)
 *(SORT_BY_NAME(.dtors.*))
 *(.dtors)
 *(.eh_frame*)
 .eh_frame      0x100073a0        0x0 c:/progra~1/raspbe~1/picosd~1.1/gcc-ar~1/bin/../lib/gcc/arm-none-eabi/10.3.1/thumb/v6-m/nofp/crtbegin.o
                0x100073a0                . = ALIGN (0x4)

.glue_7         0x100073a0        0x0
 .glue_7        0x100073a0        0x0 linker stubs

.glue_7t        0x100073a0        0x0
 .glue_7t       0x100073a0        0x0 linker stubs

.vfp11_veneer   0x100073a0        0x0
 .vfp11_veneer  0x100073a0        0x0 linker stubs

.v4_bx          0x100073a0        0x0
 .v4_bx         0x100073a0        0x0 linker stubs

.iplt           0x100073a0        0x0
 .iplt          0x100073a0        0x0 c:/progra~1/raspbe~1/picosd~1.1/gcc-ar~1/bin/../lib/gcc/arm-none-eabi/10.3.1/thumb/v6-m/nofp/crtbegin.o

.rodata         0x100073a0     0x1bc8
 *(EXCLUDE_FILE(*libm.a: *libc.a:*lib_a-mem*.o *libgcc.a:) .rodata*)
 .rodata.main.str1.4
                0x100073a0       0x2f CMakeFiles/hello_world.dir/Hello_world.c.obj
 *fill*         0x100073cf        0x1 
 .rodata.__bi_94.0
                0x100073d0        0x8 CMakeFiles/hello_world.dir/Hello_world.c.obj
 .rodata.spin_lock_claim_unused.str1.4
                0x100073d8       0x1b CMakeFiles/hello_world.dir/pico-sdk/src/rp2_common/hardware_sync/sync.c.obj
 *fill*         0x100073f3        0x1 
 .rodata.make_branch.str1.4
                0x100073f4       0xc0 CMakeFiles/hello_world.dir/pico-sdk/src/rp2_common/hardware_irq/irq.c.obj
 .rodata.insert_branch_and_link.str1.4
                0x100074b4       0x10 CMakeFiles/hello_world.dir/pico-sdk/src/rp2_common/hardware_irq/irq.c.obj
 .rodata.irq_set_exclusive_handler.str1.4
                0x100074c4       0x36 CMakeFiles/hello_world.dir/pico-sdk/src/rp2_common/hardware_irq/irq.c.obj
 *fill*         0x100074fa        0x2 
 .rodata.irq_add_shared_handler.str1.4
                0x100074fc       0xd9 CMakeFiles/hello_world.dir/pico-sdk/src/rp2_common/hardware_irq/irq.c.obj
 *fill*         0x100075d5        0x3 
 .rodata.irq_remove_handler.str1.4
                0x100075d8       0x3a CMakeFiles/hello_world.dir/pico-sdk/src/rp2_common/hardware_irq/irq.c.obj
 *fill*         0x10007612        0x2 
 .rodata.irq_add_tail_to_free_list.str1.4
                0x10007614       0x3a CMakeFiles/hello_world.dir/pico-sdk/src/rp2_common/hardware_irq/irq.c.obj
 *fill*         0x1000764e        0x2 
 .rodata.user_irq_claim_unused.str1.4
                0x10007650       0x1b CMakeFiles/hello_world.dir/pico-sdk/src/rp2_common/hardware_irq/irq.c.obj
 *fill*         0x1000766b        0x1 
 .rodata.__func__.0
                0x1000766c       0x1a CMakeFiles/hello_world.dir/pico-sdk/src/rp2_common/hardware_irq/irq.c.obj
 *fill*         0x10007686        0x2 
 .rodata.__func__.1
                0x10007688       0x17 CMakeFiles/hello_world.dir/pico-sdk/src/rp2_common/hardware_irq/irq.c.obj
 *fill*         0x1000769f        0x1 
 .rodata.__func__.2
                0x100076a0       0x13 CMakeFiles/hello_world.dir/pico-sdk/src/rp2_common/hardware_irq/irq.c.obj
 *fill*         0x100076b3        0x1 
 .rodata.__func__.3
                0x100076b4        0xc CMakeFiles/hello_world.dir/pico-sdk/src/rp2_common/hardware_irq/irq.c.obj
 .rodata.__func__.4
                0x100076c0        0xf CMakeFiles/hello_world.dir/pico-sdk/src/rp2_common/hardware_irq/irq.c.obj
 *fill*         0x100076cf        0x1 
 .rodata.__func__.5
                0x100076d0       0x17 CMakeFiles/hello_world.dir/pico-sdk/src/rp2_common/hardware_irq/irq.c.obj
 *fill*         0x100076e7        0x1 
 .rodata.__func__.6
                0x100076e8       0x1a CMakeFiles/hello_world.dir/pico-sdk/src/rp2_common/hardware_irq/irq.c.obj
 *fill*         0x10007702        0x2 
 .rodata.str1.4
                0x10007704      0x191 CMakeFiles/hello_world.dir/pico-sdk/src/common/pico_sync/mutex.c.obj
 *fill*         0x10007895        0x3 
 .rodata.__func__.1
                0x10007898        0xb CMakeFiles/hello_world.dir/pico-sdk/src/common/pico_sync/mutex.c.obj
 *fill*         0x100078a3        0x1 
 .rodata.__func__.3
                0x100078a4       0x18 CMakeFiles/hello_world.dir/pico-sdk/src/common/pico_sync/mutex.c.obj
 .rodata.__func__.4
                0x100078bc       0x15 CMakeFiles/hello_world.dir/pico-sdk/src/common/pico_sync/mutex.c.obj
 *fill*         0x100078d1        0x3 
 .rodata.repeating_timer_callback.str1.4
                0x100078d4       0x9e CMakeFiles/hello_world.dir/pico-sdk/src/common/pico_time/time.c.obj
 *fill*         0x10007972        0x2 
 .rodata.timer_pool_entry_comparator.str1.4
                0x10007974       0x22 CMakeFiles/hello_world.dir/pico-sdk/src/common/pico_time/time.c.obj
 *fill*         0x10007996        0x2 
 .rodata.ph_add_child_node.str1.4
                0x10007998       0xea CMakeFiles/hello_world.dir/pico-sdk/src/common/pico_time/time.c.obj
 *fill*         0x10007a82        0x2 
 .rodata.add_alarm_under_lock.str1.4
                0x10007a84       0x28 CMakeFiles/hello_world.dir/pico-sdk/src/common/pico_time/time.c.obj
                                 0x2b (size before relaxing)
 .rodata.alarm_pool_alarm_callback.str1.4
                0x10007aac       0x98 CMakeFiles/hello_world.dir/pico-sdk/src/common/pico_time/time.c.obj
                                0x14c (size before relaxing)
 .rodata.alarm_pool_get_default.str1.4
                0x10007b44       0x21 CMakeFiles/hello_world.dir/pico-sdk/src/common/pico_time/time.c.obj
 *fill*         0x10007b65        0x3 
 .rodata.alarm_pool_cancel_alarm.str1.4
                0x10007b68       0x27 CMakeFiles/hello_world.dir/pico-sdk/src/common/pico_time/time.c.obj
 *fill*         0x10007b8f        0x1 
 .rodata.sleep_until.str1.4
                0x10007b90       0x4d CMakeFiles/hello_world.dir/pico-sdk/src/common/pico_time/time.c.obj
 *fill*         0x10007bdd        0x3 
 .rodata.__func__.1
                0x10007be0       0x18 CMakeFiles/hello_world.dir/pico-sdk/src/common/pico_time/time.c.obj
 .rodata.__func__.10
                0x10007bf8       0x15 CMakeFiles/hello_world.dir/pico-sdk/src/common/pico_time/time.c.obj
 *fill*         0x10007c0d        0x3 
 .rodata.__func__.11
                0x10007c10       0x1a CMakeFiles/hello_world.dir/pico-sdk/src/common/pico_time/time.c.obj
 *fill*         0x10007c2a        0x2 
 .rodata.__func__.12
                0x10007c2c        0xa CMakeFiles/hello_world.dir/pico-sdk/src/common/pico_time/time.c.obj
 *fill*         0x10007c36        0x2 
 .rodata.__func__.3
                0x10007c38       0x17 CMakeFiles/hello_world.dir/pico-sdk/src/common/pico_time/time.c.obj
 *fill*         0x10007c4f        0x1 
 .rodata.__func__.4
                0x10007c50       0x12 CMakeFiles/hello_world.dir/pico-sdk/src/common/pico_time/time.c.obj
 *fill*         0x10007c62        0x2 
 .rodata.__func__.5
                0x10007c64        0xd CMakeFiles/hello_world.dir/pico-sdk/src/common/pico_time/time.c.obj
 *fill*         0x10007c71        0x3 
 .rodata.__func__.6
                0x10007c74       0x12 CMakeFiles/hello_world.dir/pico-sdk/src/common/pico_time/time.c.obj
 *fill*         0x10007c86        0x2 
 .rodata.__func__.7
                0x10007c88        0xf CMakeFiles/hello_world.dir/pico-sdk/src/common/pico_time/time.c.obj
 *fill*         0x10007c97        0x1 
 .rodata.__func__.8
                0x10007c98        0xc CMakeFiles/hello_world.dir/pico-sdk/src/common/pico_time/time.c.obj
 .rodata.__func__.9
                0x10007ca4       0x15 CMakeFiles/hello_world.dir/pico-sdk/src/common/pico_time/time.c.obj
 *fill*         0x10007cb9        0x3 
 .rodata.hardware_alarm_claim.str1.4
                0x10007cbc       0x22 CMakeFiles/hello_world.dir/pico-sdk/src/rp2_common/hardware_timer/timer.c.obj
 *fill*         0x10007cde        0x2 
 .rodata.hardware_alarm_set_target.str1.4
                0x10007ce0       0xb8 CMakeFiles/hello_world.dir/pico-sdk/src/rp2_common/hardware_timer/timer.c.obj
 .rodata.__func__.0
                0x10007d98       0x1a CMakeFiles/hello_world.dir/pico-sdk/src/rp2_common/hardware_timer/timer.c.obj
 .rodata.ph_add_child_node.str1.4
                0x10007db2       0xea CMakeFiles/hello_world.dir/pico-sdk/src/common/pico_util/pheap.c.obj
 *fill*         0x10007db2        0x2 
 .rodata.ph_remove_any_head.str1.4
                0x10007db4       0xe0 CMakeFiles/hello_world.dir/pico-sdk/src/common/pico_util/pheap.c.obj
                                 0xf4 (size before relaxing)
 .rodata.ph_remove_and_free_node.str1.4
                0x10007e94       0x1e CMakeFiles/hello_world.dir/pico-sdk/src/common/pico_util/pheap.c.obj
                                 0x26 (size before relaxing)
 *fill*         0x10007eb2        0x2 
 .rodata.__func__.0
                0x10007eb4       0x18 CMakeFiles/hello_world.dir/pico-sdk/src/common/pico_util/pheap.c.obj
 .rodata.__func__.1
                0x10007ecc       0x13 CMakeFiles/hello_world.dir/pico-sdk/src/common/pico_util/pheap.c.obj
 *fill*         0x10007edf        0x1 
 .rodata.__func__.2
                0x10007ee0       0x12 CMakeFiles/hello_world.dir/pico-sdk/src/common/pico_util/pheap.c.obj
 *fill*         0x10007ef2        0x2 
 .rodata.__func__.3
                0x10007ef4        0xc CMakeFiles/hello_world.dir/pico-sdk/src/common/pico_util/pheap.c.obj
 .rodata.clock_configure.str1.4
                0x10007f00       0xaa CMakeFiles/hello_world.dir/pico-sdk/src/rp2_common/hardware_clocks/clocks.c.obj
 *fill*         0x10007faa        0x2 
 .rodata.__func__.1
                0x10007fac       0x10 CMakeFiles/hello_world.dir/pico-sdk/src/rp2_common/hardware_clocks/clocks.c.obj
 .rodata.pll_init.str1.4
                0x10007fbc      0x174 CMakeFiles/hello_world.dir/pico-sdk/src/rp2_common/hardware_pll/pll.c.obj
 .rodata.__func__.0
                0x10008130        0x9 CMakeFiles/hello_world.dir/pico-sdk/src/rp2_common/hardware_pll/pll.c.obj
 *fill*         0x10008139        0x3 
 .rodata.__assert_func.str1.4
                0x1000813c       0x3f CMakeFiles/hello_world.dir/pico-sdk/src/rp2_common/pico_runtime/runtime.c.obj
                                 0x43 (size before relaxing)
 *fill*         0x1000817b        0x1 
 .rodata.runtime_init.str1.4
                0x1000817c       0xb4 CMakeFiles/hello_world.dir/pico-sdk/src/rp2_common/pico_runtime/runtime.c.obj
 .rodata.panic.str1.4
                0x10008230       0x12 CMakeFiles/hello_world.dir/pico-sdk/src/rp2_common/pico_runtime/runtime.c.obj
 *fill*         0x10008242        0x2 
 .rodata.__func__.2
                0x10008244        0xd CMakeFiles/hello_world.dir/pico-sdk/src/rp2_common/pico_runtime/runtime.c.obj
 *fill*         0x10008251        0x3 
 .rodata._ftoa.str1.4
                0x10008254       0x15 CMakeFiles/hello_world.dir/pico-sdk/src/rp2_common/pico_printf/printf.c.obj
 *fill*         0x10008269        0x3 
 .rodata._vsnprintf
                0x1000826c      0x1e0 CMakeFiles/hello_world.dir/pico-sdk/src/rp2_common/pico_printf/printf.c.obj
 *fill*         0x1000844c        0x4 
 .rodata.pow10.0
                0x10008450       0x50 CMakeFiles/hello_world.dir/pico-sdk/src/rp2_common/pico_printf/printf.c.obj
 .rodata.__aeabi_double_init.str1.4
                0x100084a0       0xef CMakeFiles/hello_world.dir/pico-sdk/src/rp2_common/pico_double/double_init_rom.c.obj
 *fill*         0x1000858f        0x1 
 .rodata.__func__.0
                0x10008590       0x14 CMakeFiles/hello_world.dir/pico-sdk/src/rp2_common/pico_double/double_init_rom.c.obj
 .rodata.__aeabi_float_init.str1.4
                0x100085a4       0xcd CMakeFiles/hello_world.dir/pico-sdk/src/rp2_common/pico_float/float_init_rom.c.obj
                                 0xd1 (size before relaxing)
 *fill*         0x10008671        0x3 
 .rodata.__func__.0
                0x10008674       0x13 CMakeFiles/hello_world.dir/pico-sdk/src/rp2_common/pico_float/float_init_rom.c.obj
 *fill*         0x10008687        0x1 
 .rodata.str1.4
                0x10008688       0x40 CMakeFiles/hello_world.dir/pico-sdk/src/rp2_common/pico_standard_link/binary_info.c.obj
 .rodata.__bi_44
                0x100086c8        0xc CMakeFiles/hello_world.dir/pico-sdk/src/rp2_common/pico_standard_link/binary_info.c.obj
 .rodata.__bi_75
                0x100086d4        0xc CMakeFiles/hello_world.dir/pico-sdk/src/rp2_common/pico_standard_link/binary_info.c.obj
 .rodata.__bi_81
                0x100086e0        0xc CMakeFiles/hello_world.dir/pico-sdk/src/rp2_common/pico_standard_link/binary_info.c.obj
 .rodata.stdout_serialize_begin.str1.4
                0x100086ec       0xb4 CMakeFiles/hello_world.dir/pico-sdk/src/rp2_common/pico_stdio/stdio.c.obj
 .rodata.__func__.3
                0x100086ec       0x15 CMakeFiles/hello_world.dir/pico-sdk/src/rp2_common/pico_stdio/stdio.c.obj
 *fill*         0x10008701        0x3 
 .rodata.crlf_str.2
                0x10008704        0x2 CMakeFiles/hello_world.dir/pico-sdk/src/rp2_common/pico_stdio/stdio.c.obj
 *fill*         0x10008706        0x2 
 .rodata._resetd_driver
                0x10008708       0x18 CMakeFiles/hello_world.dir/pico-sdk/src/rp2_common/pico_stdio_usb/reset_interface.c.obj
 .rodata.low_priority_worker_irq.str1.4
                0x10008720       0xb4 CMakeFiles/hello_world.dir/pico-sdk/src/rp2_common/pico_stdio_usb/stdio_usb.c.obj
 .rodata.stdio_usb_init.str1.4
                0x10008720       0x98 CMakeFiles/hello_world.dir/pico-sdk/src/rp2_common/pico_stdio_usb/stdio_usb.c.obj
                                 0xa0 (size before relaxing)
 .rodata.str1.4
                0x100087b8       0x13 CMakeFiles/hello_world.dir/pico-sdk/src/rp2_common/pico_stdio_usb/stdio_usb.c.obj
 *fill*         0x100087cb        0x1 
 .rodata.__bi_182.0
                0x100087cc        0xc CMakeFiles/hello_world.dir/pico-sdk/src/rp2_common/pico_stdio_usb/stdio_usb.c.obj
 .rodata.__func__.1
                0x100087d8        0xf CMakeFiles/hello_world.dir/pico-sdk/src/rp2_common/pico_stdio_usb/stdio_usb.c.obj
 *fill*         0x100087e7        0x1 
 .rodata.__func__.3
                0x100087e8       0x15 CMakeFiles/hello_world.dir/pico-sdk/src/rp2_common/pico_stdio_usb/stdio_usb.c.obj
 *fill*         0x100087fd        0x3 
 .rodata.str1.4
                0x10008800       0x2a CMakeFiles/hello_world.dir/pico-sdk/src/rp2_common/pico_stdio_usb/stdio_usb_descriptors.c.obj
 *fill*         0x1000882a        0x2 
 .rodata.usbd_desc_cfg
                0x1000882c       0x54 CMakeFiles/hello_world.dir/pico-sdk/src/rp2_common/pico_stdio_usb/stdio_usb_descriptors.c.obj
 .rodata.usbd_desc_device
                0x10008880       0x12 CMakeFiles/hello_world.dir/pico-sdk/src/rp2_common/pico_stdio_usb/stdio_usb_descriptors.c.obj
 *fill*         0x10008892        0x2 
 .rodata.usbd_desc_str
                0x10008894       0x18 CMakeFiles/hello_world.dir/pico-sdk/src/rp2_common/pico_stdio_usb/stdio_usb_descriptors.c.obj
 .rodata.pico_get_unique_board_id_string.str1.4
                0x100088ac       0xa0 CMakeFiles/hello_world.dir/pico-sdk/src/rp2_common/pico_unique_id/unique_id.c.obj
 .rodata.__func__.0
                0x1000894c       0x20 CMakeFiles/hello_world.dir/pico-sdk/src/rp2_common/pico_unique_id/unique_id.c.obj
 .rodata.str1.4
                0x1000896c      0x1aa CMakeFiles/hello_world.dir/pico-sdk/src/rp2_common/hardware_flash/flash.c.obj
 *fill*         0x10008b16        0x2 
 .rodata.__func__.0
                0x10008b18        0xd CMakeFiles/hello_world.dir/pico-sdk/src/rp2_common/hardware_flash/flash.c.obj
 *fill*         0x10008b25        0x3 
 .rodata._hw_endpoint_alloc.str1.4
                0x10008b28      0x109 CMakeFiles/hello_world.dir/pico-sdk/lib/tinyusb/src/portable/raspberrypi/rp2040/dcd_rp2040.c.obj
 *fill*         0x10008c31        0x3 
 .rodata.str1.4
                0x10008c34       0x14 CMakeFiles/hello_world.dir/pico-sdk/lib/tinyusb/src/portable/raspberrypi/rp2040/dcd_rp2040.c.obj
 .rodata.dcd_int_enable.str1.4
                0x10008c48        0xc CMakeFiles/hello_world.dir/pico-sdk/lib/tinyusb/src/portable/raspberrypi/rp2040/dcd_rp2040.c.obj
 .rodata.__func__.0
                0x10008c54        0xe CMakeFiles/hello_world.dir/pico-sdk/lib/tinyusb/src/portable/raspberrypi/rp2040/dcd_rp2040.c.obj
 *fill*         0x10008c62        0x2 
 .rodata.__func__.1
                0x10008c64        0xe CMakeFiles/hello_world.dir/pico-sdk/lib/tinyusb/src/portable/raspberrypi/rp2040/dcd_rp2040.c.obj
 *fill*         0x10008c72        0x2 
 .rodata.__func__.3
                0x10008c74       0x10 CMakeFiles/hello_world.dir/pico-sdk/lib/tinyusb/src/portable/raspberrypi/rp2040/dcd_rp2040.c.obj
 .rodata.__func__.5
                0x10008c84        0xf CMakeFiles/hello_world.dir/pico-sdk/lib/tinyusb/src/portable/raspberrypi/rp2040/dcd_rp2040.c.obj
 *fill*         0x10008c93        0x1 
 .rodata.__func__.6
                0x10008c94       0x13 CMakeFiles/hello_world.dir/pico-sdk/lib/tinyusb/src/portable/raspberrypi/rp2040/dcd_rp2040.c.obj
 *fill*         0x10008ca7        0x1 
 .rodata.__func__.7
                0x10008ca8        0x9 CMakeFiles/hello_world.dir/pico-sdk/lib/tinyusb/src/portable/raspberrypi/rp2040/dcd_rp2040.c.obj
 *fill*         0x10008cb1        0x3 
 .rodata.str1.4
                0x10008cb4      0x13b CMakeFiles/hello_world.dir/pico-sdk/lib/tinyusb/src/portable/raspberrypi/rp2040/rp2040_usb.c.obj
 *fill*         0x10008def        0x1 
 .rodata.__func__.0
                0x10008df0        0xf CMakeFiles/hello_world.dir/pico-sdk/lib/tinyusb/src/portable/raspberrypi/rp2040/rp2040_usb.c.obj
 *fill*         0x10008dff        0x1 
 .rodata.process_get_descriptor
                0x10008e00       0x40 CMakeFiles/hello_world.dir/pico-sdk/lib/tinyusb/src/device/usbd.c.obj
 .rodata.process_control_request
                0x10008e40       0x28 CMakeFiles/hello_world.dir/pico-sdk/lib/tinyusb/src/device/usbd.c.obj
 .rodata.tud_task_ext
                0x10008e68       0x24 CMakeFiles/hello_world.dir/pico-sdk/lib/tinyusb/src/device/usbd.c.obj
 .rodata._usbd_driver
                0x10008e8c       0x18 CMakeFiles/hello_world.dir/pico-sdk/lib/tinyusb/src/device/usbd.c.obj
 .rodata.i2c_set_baudrate.str1.4
                0x10008ea4       0xb0 CMakeFiles/hello_world.dir/pico-sdk/src/rp2_common/hardware_i2c/i2c.c.obj
 .rodata.__func__.0
                0x10008f54       0x11 CMakeFiles/hello_world.dir/pico-sdk/src/rp2_common/hardware_i2c/i2c.c.obj
                0x10008f68                . = ALIGN (0x4)
 *fill*         0x10008f65        0x3 
 *(SORT_BY_ALIGNMENT(SORT_BY_NAME(.flashdata*)))
                0x10008f68                . = ALIGN (0x4)

.ARM.extab
 *(.ARM.extab* .gnu.linkonce.armextab.*)
                0x10008f68                __exidx_start = .

.ARM.exidx
 *(.ARM.exidx* .gnu.linkonce.armexidx.*)
                0x10008f68                __exidx_end = .
                0x10008f68                . = ALIGN (0x4)
                0x10008f68                __binary_info_start = .

.binary_info    0x10008f68       0x24
 *(.binary_info.keep.*)
 .binary_info.keep.__bi_ptr94
                0x10008f68        0x4 CMakeFiles/hello_world.dir/Hello_world.c.obj
 .binary_info.keep.__bi_ptr22
                0x10008f6c        0x4 CMakeFiles/hello_world.dir/pico-sdk/src/rp2_common/pico_standard_link/binary_info.c.obj
 .binary_info.keep.__bi_ptr30
                0x10008f70        0x4 CMakeFiles/hello_world.dir/pico-sdk/src/rp2_common/pico_standard_link/binary_info.c.obj
 .binary_info.keep.__bi_ptr38
                0x10008f74        0x4 CMakeFiles/hello_world.dir/pico-sdk/src/rp2_common/pico_standard_link/binary_info.c.obj
 .binary_info.keep.__bi_ptr44
                0x10008f78        0x4 CMakeFiles/hello_world.dir/pico-sdk/src/rp2_common/pico_standard_link/binary_info.c.obj
 .binary_info.keep.__bi_ptr50
                0x10008f7c        0x4 CMakeFiles/hello_world.dir/pico-sdk/src/rp2_common/pico_standard_link/binary_info.c.obj
 .binary_info.keep.__bi_ptr75
                0x10008f80        0x4 CMakeFiles/hello_world.dir/pico-sdk/src/rp2_common/pico_standard_link/binary_info.c.obj
 .binary_info.keep.__bi_ptr81
                0x10008f84        0x4 CMakeFiles/hello_world.dir/pico-sdk/src/rp2_common/pico_standard_link/binary_info.c.obj
 *(.binary_info.*)
 .binary_info.__bi_ptr182
                0x10008f88        0x4 CMakeFiles/hello_world.dir/pico-sdk/src/rp2_common/pico_stdio_usb/stdio_usb.c.obj
                0x10008f8c                __binary_info_end = .

.rel.dyn        0x10008f8c        0x0
 .rel.iplt      0x10008f8c        0x0 c:/progra~1/raspbe~1/picosd~1.1/gcc-ar~1/bin/../lib/gcc/arm-none-eabi/10.3.1/thumb/v6-m/nofp/crtbegin.o
                0x10008f8c                . = ALIGN (0x4)

.ram_vector_table
                0x20000000       0xc0
 *(.ram_vector_table)
 .ram_vector_table
                0x20000000       0xc0 CMakeFiles/hello_world.dir/pico-sdk/src/rp2_common/pico_runtime/runtime.c.obj
                0x20000000                ram_vector_table

.data           0x200000c0      0xc00 load address 0x10008f8c
                0x200000c0                __data_start__ = .
 *(vtable)
 *(.time_critical*)
 .time_critical.mutex_try_enter
                0x200000c0       0x46 CMakeFiles/hello_world.dir/pico-sdk/src/common/pico_sync/mutex.c.obj
                0x200000c0                mutex_try_enter
 *fill*         0x20000106        0x2 
 .time_critical.mutex_enter_block_until
                0x20000108       0x8c CMakeFiles/hello_world.dir/pico-sdk/src/common/pico_sync/mutex.c.obj
                0x20000108                mutex_enter_block_until
 .time_critical.mutex_try_enter_block_until
                0x20000194       0x34 CMakeFiles/hello_world.dir/pico-sdk/src/common/pico_sync/mutex.c.obj
                0x20000194                mutex_try_enter_block_until
 .time_critical.mutex_enter_timeout_ms
                0x200001c8       0x68 CMakeFiles/hello_world.dir/pico-sdk/src/common/pico_sync/mutex.c.obj
                0x200001c8                mutex_enter_timeout_ms
 .time_critical.mutex_exit
                0x20000230       0x4c CMakeFiles/hello_world.dir/pico-sdk/src/common/pico_sync/mutex.c.obj
                0x20000230                mutex_exit
 .time_critical.flash_init_boot2_copyout
                0x2000027c       0x30 CMakeFiles/hello_world.dir/pico-sdk/src/rp2_common/hardware_flash/flash.c.obj
 .time_critical.flash_enable_xip_via_boot2
                0x200002ac       0x10 CMakeFiles/hello_world.dir/pico-sdk/src/rp2_common/hardware_flash/flash.c.obj
 .time_critical.flash_cs_force
                0x200002bc       0x28 CMakeFiles/hello_world.dir/pico-sdk/src/rp2_common/hardware_flash/flash.c.obj
 .time_critical.flash_do_cmd
                0x200002e4       0xd8 CMakeFiles/hello_world.dir/pico-sdk/src/rp2_common/hardware_flash/flash.c.obj
                0x200002e4                flash_do_cmd
 .time_critical.reset_non_control_endpoints
                0x200003bc       0x40 CMakeFiles/hello_world.dir/pico-sdk/lib/tinyusb/src/portable/raspberrypi/rp2040/dcd_rp2040.c.obj
 .time_critical.hw_handle_buff_status
                0x200003fc       0xa4 CMakeFiles/hello_world.dir/pico-sdk/lib/tinyusb/src/portable/raspberrypi/rp2040/dcd_rp2040.c.obj
 .time_critical.dcd_rp2040_irq
                0x200004a0      0x1cc CMakeFiles/hello_world.dir/pico-sdk/lib/tinyusb/src/portable/raspberrypi/rp2040/dcd_rp2040.c.obj
 .time_critical.e15_is_bulkin_ep
                0x2000066c       0x2c CMakeFiles/hello_world.dir/pico-sdk/lib/tinyusb/src/portable/raspberrypi/rp2040/rp2040_usb.c.obj
 .time_critical.e15_is_critical_frame_period
                0x20000698       0x30 CMakeFiles/hello_world.dir/pico-sdk/lib/tinyusb/src/portable/raspberrypi/rp2040/rp2040_usb.c.obj
 .time_critical.prepare_ep_buffer
                0x200006c8       0x70 CMakeFiles/hello_world.dir/pico-sdk/lib/tinyusb/src/portable/raspberrypi/rp2040/rp2040_usb.c.obj
 .time_critical.sync_ep_buffer
                0x20000738       0x80 CMakeFiles/hello_world.dir/pico-sdk/lib/tinyusb/src/portable/raspberrypi/rp2040/rp2040_usb.c.obj
 .time_critical._hw_endpoint_xfer_sync
                0x200007b8       0x28 CMakeFiles/hello_world.dir/pico-sdk/lib/tinyusb/src/portable/raspberrypi/rp2040/rp2040_usb.c.obj
 .time_critical.hw_endpoint_reset_transfer
                0x200007e0        0xc CMakeFiles/hello_world.dir/pico-sdk/lib/tinyusb/src/portable/raspberrypi/rp2040/rp2040_usb.c.obj
                0x200007e0                hw_endpoint_reset_transfer
 .time_critical._hw_endpoint_buffer_control_update32
                0x200007ec       0x58 CMakeFiles/hello_world.dir/pico-sdk/lib/tinyusb/src/portable/raspberrypi/rp2040/rp2040_usb.c.obj
                0x200007ec                _hw_endpoint_buffer_control_update32
 .time_critical.hw_endpoint_start_next_buffer
                0x20000844       0x88 CMakeFiles/hello_world.dir/pico-sdk/lib/tinyusb/src/portable/raspberrypi/rp2040/rp2040_usb.c.obj
                0x20000844                hw_endpoint_start_next_buffer
 .time_critical.hw_endpoint_xfer_continue
                0x200008cc       0x50 CMakeFiles/hello_world.dir/pico-sdk/lib/tinyusb/src/portable/raspberrypi/rp2040/rp2040_usb.c.obj
                0x200008cc                hw_endpoint_xfer_continue
 .time_critical.tinyusb
                0x2000091c      0x200 CMakeFiles/hello_world.dir/pico-sdk/lib/tinyusb/src/device/usbd.c.obj
                0x2000091c                dcd_event_handler
 *(.text*)
 .text          0x20000b1c        0x4 c:/progra~1/raspbe~1/picosd~1.1/gcc-ar~1/bin/../lib/gcc/arm-none-eabi/10.3.1/thumb/v6-m/nofp\libgcc.a(_dvmd_tls.o)
                0x20000b1c                __aeabi_idiv0
                0x20000b1c                __aeabi_ldiv0
 .text.__stub   0x20000b20       0x90 linker stubs
                0x20000bb0                . = ALIGN (0x4)
 *(.rodata*)
                0x20000bb0                . = ALIGN (0x4)
 *(.data*)
 .data.striped_spin_lock_num
                0x20000bb0        0x1 CMakeFiles/hello_world.dir/pico-sdk/src/rp2_common/hardware_sync/sync.c.obj
 *fill*         0x20000bb1        0x3 
 .data          0x20000bb4       0x48 CMakeFiles/hello_world.dir/pico-sdk/src/rp2_common/hardware_irq/irq_handler_chain.S.obj
                0x20000bb4                irq_handler_chain_slots
                0x20000be4                irq_handler_chain_first_slot
                0x20000bee                irq_handler_chain_remove_tail
 .data.default_alarm_pool
                0x20000bfc       0x18 CMakeFiles/hello_world.dir/pico-sdk/src/common/pico_time/time.c.obj
 .data.default_alarm_pool_heap
                0x20000c14       0x10 CMakeFiles/hello_world.dir/pico-sdk/src/common/pico_time/time.c.obj
 *fill*         0x20000c24        0xc 
 .data.aeabi_bits_funcs
                0x20000c30       0x10 CMakeFiles/hello_world.dir/pico-sdk/src/rp2_common/pico_bit_ops/bit_ops_aeabi.S.obj
                0x20000c30                aeabi_bits_funcs
                0x20000c40                aeabi_bits_funcs_end
 .data.aeabi_mem_funcs
                0x20000c40       0x10 CMakeFiles/hello_world.dir/pico-sdk/src/rp2_common/pico_mem_ops/mem_ops_aeabi.S.obj
                0x20000c40                aeabi_mem_funcs
                0x20000c50                aeabi_mem_funcs_end
 .data.stdio_usb
                0x20000c50       0x18 CMakeFiles/hello_world.dir/pico-sdk/src/rp2_common/pico_stdio_usb/stdio_usb.c.obj
                0x20000c50                stdio_usb
 .data.ep_dir_string
                0x20000c68        0x8 CMakeFiles/hello_world.dir/pico-sdk/lib/tinyusb/src/portable/raspberrypi/rp2040/rp2040_usb.c.obj
                0x20000c68                ep_dir_string
 .data._usbd_qdef
                0x20000c70       0x1c CMakeFiles/hello_world.dir/pico-sdk/lib/tinyusb/src/device/usbd.c.obj
                0x20000c70                _usbd_qdef
 .data._usbd_rhport
                0x20000c8c        0x1 CMakeFiles/hello_world.dir/pico-sdk/lib/tinyusb/src/device/usbd.c.obj
 *fill*         0x20000c8d        0x3 
 .data.i2c0_inst
                0x20000c90        0x8 CMakeFiles/hello_world.dir/pico-sdk/src/rp2_common/hardware_i2c/i2c.c.obj
                0x20000c90                i2c0_inst
 .data.i2c1_inst
                0x20000c98        0x8 CMakeFiles/hello_world.dir/pico-sdk/src/rp2_common/hardware_i2c/i2c.c.obj
                0x20000c98                i2c1_inst
                0x20000ca0                . = ALIGN (0x4)
 *(.after_data.*)
                0x20000ca0                . = ALIGN (0x4)
                0x20000ca0                PROVIDE (__mutex_array_start = .)
 *(SORT_BY_NAME(.mutex_array.*))
 *(.mutex_array)
 .mutex_array   0x20000ca0        0x8 CMakeFiles/hello_world.dir/pico-sdk/src/rp2_common/pico_stdio/stdio.c.obj
                0x20000ca8                PROVIDE (__mutex_array_end = .)
                0x20000ca8                . = ALIGN (0x4)
                0x20000ca8                PROVIDE (__preinit_array_start = .)
 *(SORT_BY_NAME(.preinit_array.*))
 .preinit_array.00001
                0x20000ca8        0x4 CMakeFiles/hello_world.dir/pico-sdk/src/rp2_common/pico_mem_ops/mem_ops_aeabi.S.obj
 .preinit_array.00010
                0x20000cac        0x4 CMakeFiles/hello_world.dir/pico-sdk/src/rp2_common/pico_bit_ops/bit_ops_aeabi.S.obj
 .preinit_array.00020
                0x20000cb0        0x4 CMakeFiles/hello_world.dir/pico-sdk/src/rp2_common/pico_double/double_aeabi.S.obj
 .preinit_array.00020
                0x20000cb4        0x4 CMakeFiles/hello_world.dir/pico-sdk/src/rp2_common/pico_float/float_aeabi.S.obj
 *(.preinit_array)
                0x20000cb8                PROVIDE (__preinit_array_end = .)
                0x20000cb8                . = ALIGN (0x4)
                0x20000cb8                PROVIDE (__init_array_start = .)
 *(SORT_BY_NAME(.init_array.*))
 *(.init_array)
 .init_array    0x20000cb8        0x4 c:/progra~1/raspbe~1/picosd~1.1/gcc-ar~1/bin/../lib/gcc/arm-none-eabi/10.3.1/thumb/v6-m/nofp/crtbegin.o
 .init_array    0x20000cbc        0x4 CMakeFiles/hello_world.dir/pico-sdk/src/rp2_common/pico_unique_id/unique_id.c.obj
                0x20000cc0                PROVIDE (__init_array_end = .)
                0x20000cc0                . = ALIGN (0x4)
                [!provide]                PROVIDE (__fini_array_start = .)
 *(SORT_BY_NAME(.fini_array.*))
 *(.fini_array)
                [!provide]                PROVIDE (__fini_array_end = .)
 *(.jcr)
                0x20000cc0                . = ALIGN (0x4)
                0x20000cc0                __data_end__ = .
                0x10008f8c                __etext = LOADADDR (.data)

.igot.plt       0x20000cc0        0x0 load address 0x10009b8c
 .igot.plt      0x20000cc0        0x0 c:/progra~1/raspbe~1/picosd~1.1/gcc-ar~1/bin/../lib/gcc/arm-none-eabi/10.3.1/thumb/v6-m/nofp/crtbegin.o

.uninitialized_data
                0x20000cc0        0x0 load address 0x10009b8c
                0x20000cc0                . = ALIGN (0x4)
 *(.uninitialized_data*)

.scratch_x      0x20040000        0x0 load address 0x10009b8c
                0x20040000                __scratch_x_start__ = .
 *(.scratch_x.*)
                0x20040000                . = ALIGN (0x4)
                0x20040000                __scratch_x_end__ = .
                0x10009b8c                __scratch_x_source__ = LOADADDR (.scratch_x)

.scratch_y      0x20041000        0x0 load address 0x10009b8c
                0x20041000                __scratch_y_start__ = .
 *(.scratch_y.*)
                0x20041000                . = ALIGN (0x4)
                0x20041000                __scratch_y_end__ = .
                0x10009b8c                __scratch_y_source__ = LOADADDR (.scratch_y)

.bss            0x20000cc0      0xd84
                0x20000cc0                . = ALIGN (0x4)
                0x20000cc0                __bss_start__ = .
 *(SORT_BY_ALIGNMENT(SORT_BY_NAME(.bss*)))
 .bss.default_alarm_pool_entries
                0x20000cc0      0x100 CMakeFiles/hello_world.dir/pico-sdk/src/common/pico_time/time.c.obj
 .bss.last_avail_time.2
                0x20000dc0        0x8 CMakeFiles/hello_world.dir/pico-sdk/src/rp2_common/pico_stdio_usb/stdio_usb.c.obj
 .bss           0x20000dc8       0x1c c:/progra~1/raspbe~1/picosd~1.1/gcc-ar~1/bin/../lib/gcc/arm-none-eabi/10.3.1/thumb/v6-m/nofp/crtbegin.o
 .bss._app_driver
                0x20000de4        0x4 CMakeFiles/hello_world.dir/pico-sdk/lib/tinyusb/src/device/usbd.c.obj
 .bss._cdcd_itf
                0x20000de8      0x2c8 CMakeFiles/hello_world.dir/pico-sdk/lib/tinyusb/src/class/cdc/cdc_device.c.obj
 .bss._ctrl_xfer
                0x200010b0       0x14 CMakeFiles/hello_world.dir/pico-sdk/lib/tinyusb/src/device/usbd_control.c.obj
 .bss._ubsd_mutexdef
                0x200010c4        0x8 CMakeFiles/hello_world.dir/pico-sdk/lib/tinyusb/src/device/usbd.c.obj
 .bss._usbd_ctrl_buf
                0x200010cc       0x40 CMakeFiles/hello_world.dir/pico-sdk/lib/tinyusb/src/device/usbd_control.c.obj
 .bss._usbd_dev
                0x2000110c       0x53 CMakeFiles/hello_world.dir/pico-sdk/lib/tinyusb/src/device/usbd.c.obj
 *fill*         0x2000115f        0x1 
 .bss._usbd_mutex
                0x20001160        0x4 CMakeFiles/hello_world.dir/pico-sdk/lib/tinyusb/src/device/usbd.c.obj
 .bss._usbd_q   0x20001164        0x4 CMakeFiles/hello_world.dir/pico-sdk/lib/tinyusb/src/device/usbd.c.obj
 .bss._usbd_qdef_buf
                0x20001168       0xc0 CMakeFiles/hello_world.dir/pico-sdk/lib/tinyusb/src/device/usbd.c.obj
                0x20001168                _usbd_qdef_buf
 .bss.alarm_callbacks
                0x20001228       0x10 CMakeFiles/hello_world.dir/pico-sdk/src/rp2_common/hardware_timer/timer.c.obj
 .bss.boot2_copyout
                0x20001238      0x100 CMakeFiles/hello_world.dir/pico-sdk/src/rp2_common/hardware_flash/flash.c.obj
 .bss.chars_available_callback
                0x20001338        0x4 CMakeFiles/hello_world.dir/pico-sdk/src/rp2_common/pico_stdio_usb/stdio_usb.c.obj
 .bss.chars_available_param
                0x2000133c        0x4 CMakeFiles/hello_world.dir/pico-sdk/src/rp2_common/pico_stdio_usb/stdio_usb.c.obj
 .bss.claimed   0x20001340        0x4 CMakeFiles/hello_world.dir/pico-sdk/src/rp2_common/hardware_sync/sync.c.obj
 .bss.configured_freq
                0x20001344       0x28 CMakeFiles/hello_world.dir/pico-sdk/src/rp2_common/hardware_clocks/clocks.c.obj
 .bss.default_alarm_pool_entry_ids_high
                0x2000136c       0x10 CMakeFiles/hello_world.dir/pico-sdk/src/common/pico_time/time.c.obj
 .bss.default_alarm_pool_heap_nodes
                0x2000137c       0x30 CMakeFiles/hello_world.dir/pico-sdk/src/common/pico_time/time.c.obj
 .bss.desc_str.0
                0x200013ac       0x28 CMakeFiles/hello_world.dir/pico-sdk/src/rp2_common/pico_stdio_usb/stdio_usb_descriptors.c.obj
 .bss.drivers   0x200013d4        0x4 CMakeFiles/hello_world.dir/pico-sdk/src/rp2_common/pico_stdio/stdio.c.obj
 .bss.e15_last_sof
                0x200013d8        0x4 CMakeFiles/hello_world.dir/pico-sdk/lib/tinyusb/src/portable/raspberrypi/rp2040/rp2040_usb.c.obj
                0x200013d8                e15_last_sof
 .bss.filter    0x200013dc        0x4 CMakeFiles/hello_world.dir/pico-sdk/src/rp2_common/pico_stdio/stdio.c.obj
 .bss.hw_endpoints
                0x200013e0      0x400 CMakeFiles/hello_world.dir/pico-sdk/lib/tinyusb/src/portable/raspberrypi/rp2040/dcd_rp2040.c.obj
 .bss.load_value
                0x200017e0        0x4 CMakeFiles/hello_world.dir/pico-sdk/src/rp2_common/hardware_watchdog/watchdog.c.obj
 .bss.next_buffer_ptr
                0x200017e4        0x4 CMakeFiles/hello_world.dir/pico-sdk/lib/tinyusb/src/portable/raspberrypi/rp2040/dcd_rp2040.c.obj
 .bss.one_shot_timer_crit_sec
                0x200017e8        0x8 CMakeFiles/hello_world.dir/pico-sdk/src/rp2_common/pico_stdio_usb/stdio_usb.c.obj
 .bss.pools     0x200017f0       0x10 CMakeFiles/hello_world.dir/pico-sdk/src/common/pico_time/time.c.obj
 .bss.retrieved_id
                0x20001800        0x8 CMakeFiles/hello_world.dir/pico-sdk/src/rp2_common/pico_unique_id/unique_id.c.obj
 .bss.sd_table  0x20001808      0x100 CMakeFiles/hello_world.dir/pico-sdk/src/rp2_common/pico_double/double_init_rom.c.obj
                0x20001808                sd_table
 .bss.sf_clz_func
                0x20001908        0x4 CMakeFiles/hello_world.dir/pico-sdk/src/rp2_common/pico_double/double_init_rom.c.obj
                0x20001908                sf_clz_func
 .bss.sf_table  0x2000190c      0x100 CMakeFiles/hello_world.dir/pico-sdk/src/rp2_common/pico_float/float_init_rom.c.obj
                0x2000190c                sf_table
 .bss.sleep_notifier
                0x20001a0c        0x4 CMakeFiles/hello_world.dir/pico-sdk/src/common/pico_time/time.c.obj
 .bss.stdio_usb_mutex
                0x20001a10        0x8 CMakeFiles/hello_world.dir/pico-sdk/src/rp2_common/pico_stdio_usb/stdio_usb.c.obj
 .bss.target_hi
                0x20001a18       0x10 CMakeFiles/hello_world.dir/pico-sdk/src/rp2_common/hardware_timer/timer.c.obj
 .bss.usbd_serial_str
                0x20001a28       0x11 CMakeFiles/hello_world.dir/pico-sdk/src/rp2_common/pico_stdio_usb/stdio_usb_descriptors.c.obj
 .bss._app_driver_count
                0x20001a39        0x1 CMakeFiles/hello_world.dir/pico-sdk/lib/tinyusb/src/device/usbd.c.obj
 .bss._sof_enable
                0x20001a3a        0x1 CMakeFiles/hello_world.dir/pico-sdk/lib/tinyusb/src/portable/raspberrypi/rp2040/dcd_rp2040.c.obj
 .bss.boot2_copyout_valid
                0x20001a3b        0x1 CMakeFiles/hello_world.dir/pico-sdk/src/rp2_common/hardware_flash/flash.c.obj
 .bss.claimed   0x20001a3c        0x1 CMakeFiles/hello_world.dir/pico-sdk/src/rp2_common/hardware_timer/timer.c.obj
 .bss.irq_hander_chain_free_slot_head
                0x20001a3d        0x1 CMakeFiles/hello_world.dir/pico-sdk/src/rp2_common/hardware_irq/irq.c.obj
 .bss.itf_num   0x20001a3e        0x1 CMakeFiles/hello_world.dir/pico-sdk/src/rp2_common/pico_stdio_usb/reset_interface.c.obj
 .bss.low_priority_irq_num
                0x20001a3f        0x1 CMakeFiles/hello_world.dir/pico-sdk/src/rp2_common/pico_stdio_usb/stdio_usb.c.obj
 .bss.one_shot_timer_pending
                0x20001a40        0x1 CMakeFiles/hello_world.dir/pico-sdk/src/rp2_common/pico_stdio_usb/stdio_usb.c.obj
 .bss.timer_callbacks_pending
                0x20001a41        0x1 CMakeFiles/hello_world.dir/pico-sdk/src/rp2_common/hardware_timer/timer.c.obj
 .bss.user_irq_claimed
                0x20001a42        0x1 CMakeFiles/hello_world.dir/pico-sdk/src/rp2_common/hardware_irq/irq.c.obj
 *(COMMON)
                0x20001a44                . = ALIGN (0x4)
 *fill*         0x20001a43        0x1 
                0x20001a44                __bss_end__ = .

.heap           0x20001a44      0x800
                0x20001a44                __end__ = .
                0x20001a44                end = __end__
 *(.heap*)
 .heap          0x20001a44      0x800 CMakeFiles/hello_world.dir/pico-sdk/src/rp2_common/pico_standard_link/crt0.S.obj
                0x20002244                __HeapLimit = .

.stack1_dummy   0x20040000        0x0
 *(.stack1*)

.stack_dummy    0x20041000      0x800
 *(.stack*)
 .stack         0x20041000      0x800 CMakeFiles/hello_world.dir/pico-sdk/src/rp2_common/pico_standard_link/crt0.S.obj

.flash_end      0x10009b8c        0x0
                0x10009b8c                PROVIDE (__flash_binary_end = .)
                0x20040000                __StackLimit = (ORIGIN (RAM) + LENGTH (RAM))
                0x20041000                __StackOneTop = (ORIGIN (SCRATCH_X) + LENGTH (SCRATCH_X))
                0x20042000                __StackTop = (ORIGIN (SCRATCH_Y) + LENGTH (SCRATCH_Y))
                0x20041000                __StackOneBottom = (__StackOneTop - SIZEOF (.stack1_dummy))
                0x20041800                __StackBottom = (__StackTop - SIZEOF (.stack_dummy))
                0x20042000                PROVIDE (__stack = __StackTop)
                0x00000001                ASSERT ((__StackLimit >= __HeapLimit), region RAM overflowed)
                0x00000001                ASSERT (((__binary_info_header_end - __logical_binary_start) <= 0x100), Binary info must be in first 256 bytes of the binary)
LOAD CMakeFiles/hello_world.dir/Hello_world.c.obj
LOAD CMakeFiles/hello_world.dir/pico-sdk/src/rp2_common/pico_stdlib/stdlib.c.obj
LOAD CMakeFiles/hello_world.dir/pico-sdk/src/rp2_common/hardware_gpio/gpio.c.obj
LOAD CMakeFiles/hello_world.dir/pico-sdk/src/rp2_common/pico_platform/platform.c.obj
LOAD CMakeFiles/hello_world.dir/pico-sdk/src/rp2_common/hardware_claim/claim.c.obj
LOAD CMakeFiles/hello_world.dir/pico-sdk/src/rp2_common/hardware_sync/sync.c.obj
LOAD CMakeFiles/hello_world.dir/pico-sdk/src/rp2_common/hardware_irq/irq.c.obj
LOAD CMakeFiles/hello_world.dir/pico-sdk/src/rp2_common/hardware_irq/irq_handler_chain.S.obj
LOAD CMakeFiles/hello_world.dir/pico-sdk/src/common/pico_sync/sem.c.obj
LOAD CMakeFiles/hello_world.dir/pico-sdk/src/common/pico_sync/lock_core.c.obj
LOAD CMakeFiles/hello_world.dir/pico-sdk/src/common/pico_sync/mutex.c.obj
LOAD CMakeFiles/hello_world.dir/pico-sdk/src/common/pico_sync/critical_section.c.obj
LOAD CMakeFiles/hello_world.dir/pico-sdk/src/common/pico_time/time.c.obj
LOAD CMakeFiles/hello_world.dir/pico-sdk/src/common/pico_time/timeout_helper.c.obj
LOAD CMakeFiles/hello_world.dir/pico-sdk/src/rp2_common/hardware_timer/timer.c.obj
LOAD CMakeFiles/hello_world.dir/pico-sdk/src/common/pico_util/datetime.c.obj
LOAD CMakeFiles/hello_world.dir/pico-sdk/src/common/pico_util/pheap.c.obj
LOAD CMakeFiles/hello_world.dir/pico-sdk/src/common/pico_util/queue.c.obj
LOAD CMakeFiles/hello_world.dir/pico-sdk/src/rp2_common/hardware_uart/uart.c.obj
LOAD CMakeFiles/hello_world.dir/pico-sdk/src/rp2_common/hardware_clocks/clocks.c.obj
LOAD CMakeFiles/hello_world.dir/pico-sdk/src/rp2_common/hardware_pll/pll.c.obj
LOAD CMakeFiles/hello_world.dir/pico-sdk/src/rp2_common/hardware_vreg/vreg.c.obj