Archive member included to satisfy reference by file (symbol)

c:/progra~1/raspbe~1/picosd~1.1/gcc-ar~1/bin/../lib/gcc/arm-none-eabi/10.3.1/thumb/v6-m/nofp\libgcc.a(_dvmd_tls.o)
                              CMakeFiles/main.dir/pico-sdk/src/rp2_common/pico_divider/divider.S.obj (__aeabi_idiv0)
c:/progra~1/raspbe~1/picosd~1.1/gcc-ar~1/bin/../lib/gcc/arm-none-eabi/10.3.1/../../../../arm-none-eabi/lib/thumb/v6-m/nofp\libg.a(lib_a-calloc.o)
                              CMakeFiles/main.dir/pico-sdk/src/rp2_common/pico_malloc/pico_malloc.c.obj (calloc)
c:/progra~1/raspbe~1/picosd~1.1/gcc-ar~1/bin/../lib/gcc/arm-none-eabi/10.3.1/../../../../arm-none-eabi/lib/thumb/v6-m/nofp\libg.a(lib_a-callocr.o)
                              c:/progra~1/raspbe~1/picosd~1.1/gcc-ar~1/bin/../lib/gcc/arm-none-eabi/10.3.1/../../../../arm-none-eabi/lib/thumb/v6-m/nofp\libg.a(lib_a-calloc.o) (_calloc_r)
c:/progra~1/raspbe~1/picosd~1.1/gcc-ar~1/bin/../lib/gcc/arm-none-eabi/10.3.1/../../../../arm-none-eabi/lib/thumb/v6-m/nofp\libg.a(lib_a-errno.o)
                              c:/progra~1/raspbe~1/picosd~1.1/gcc-ar~1/bin/../lib/gcc/arm-none-eabi/10.3.1/../../../../arm-none-eabi/lib/thumb/v6-m/nofp\libg.a(lib_a-callocr.o) (__errno)
c:/progra~1/raspbe~1/picosd~1.1/gcc-ar~1/bin/../lib/gcc/arm-none-eabi/10.3.1/../../../../arm-none-eabi/lib/thumb/v6-m/nofp\libg.a(lib_a-impure.o)
                              c:/progra~1/raspbe~1/picosd~1.1/gcc-ar~1/bin/../lib/gcc/arm-none-eabi/10.3.1/../../../../arm-none-eabi/lib/thumb/v6-m/nofp\libg.a(lib_a-calloc.o) (_impure_ptr)
c:/progra~1/raspbe~1/picosd~1.1/gcc-ar~1/bin/../lib/gcc/arm-none-eabi/10.3.1/../../../../arm-none-eabi/lib/thumb/v6-m/nofp\libg.a(lib_a-init.o)
                              c:/progra~1/raspbe~1/picosd~1.1/gcc-ar~1/bin/../lib/gcc/arm-none-eabi/10.3.1/../../../../arm-none-eabi/lib/thumb/v6-m/nofp/crt0.o (__libc_init_array)
c:/progra~1/raspbe~1/picosd~1.1/gcc-ar~1/bin/../lib/gcc/arm-none-eabi/10.3.1/../../../../arm-none-eabi/lib/thumb/v6-m/nofp\libg.a(lib_a-malloc.o)
                              CMakeFiles/main.dir/pico-sdk/src/rp2_common/pico_malloc/pico_malloc.c.obj (malloc)
c:/progra~1/raspbe~1/picosd~1.1/gcc-ar~1/bin/../lib/gcc/arm-none-eabi/10.3.1/../../../../arm-none-eabi/lib/thumb/v6-m/nofp\libg.a(lib_a-mallocr.o)
                              c:/progra~1/raspbe~1/picosd~1.1/gcc-ar~1/bin/../lib/gcc/arm-none-eabi/10.3.1/../../../../arm-none-eabi/lib/thumb/v6-m/nofp\libg.a(lib_a-callocr.o) (_malloc_r)
c:/progra~1/raspbe~1/picosd~1.1/gcc-ar~1/bin/../lib/gcc/arm-none-eabi/10.3.1/../../../../arm-none-eabi/lib/thumb/v6-m/nofp\libg.a(lib_a-mlock.o)
                              c:/progra~1/raspbe~1/picosd~1.1/gcc-ar~1/bin/../lib/gcc/arm-none-eabi/10.3.1/../../../../arm-none-eabi/lib/thumb/v6-m/nofp\libg.a(lib_a-mallocr.o) (__malloc_lock)
c:/progra~1/raspbe~1/picosd~1.1/gcc-ar~1/bin/../lib/gcc/arm-none-eabi/10.3.1/../../../../arm-none-eabi/lib/thumb/v6-m/nofp\libg.a(lib_a-realloc.o)
                              CMakeFiles/main.dir/pico-sdk/src/rp2_common/pico_malloc/pico_malloc.c.obj (realloc)
c:/progra~1/raspbe~1/picosd~1.1/gcc-ar~1/bin/../lib/gcc/arm-none-eabi/10.3.1/../../../../arm-none-eabi/lib/thumb/v6-m/nofp\libg.a(lib_a-reallocr.o)
                              c:/progra~1/raspbe~1/picosd~1.1/gcc-ar~1/bin/../lib/gcc/arm-none-eabi/10.3.1/../../../../arm-none-eabi/lib/thumb/v6-m/nofp\libg.a(lib_a-realloc.o) (_realloc_r)
c:/progra~1/raspbe~1/picosd~1.1/gcc-ar~1/bin/../lib/gcc/arm-none-eabi/10.3.1/../../../../arm-none-eabi/lib/thumb/v6-m/nofp\libg.a(lib_a-sbrkr.o)
                              c:/progra~1/raspbe~1/picosd~1.1/gcc-ar~1/bin/../lib/gcc/arm-none-eabi/10.3.1/../../../../arm-none-eabi/lib/thumb/v6-m/nofp\libg.a(lib_a-mallocr.o) (_sbrk_r)
c:/progra~1/raspbe~1/picosd~1.1/gcc-ar~1/bin/../lib/gcc/arm-none-eabi/10.3.1/../../../../arm-none-eabi/lib/thumb/v6-m/nofp\libg.a(lib_a-strlen-stub.o)
                              CMakeFiles/main.dir/pico-sdk/src/rp2_common/pico_stdio/stdio.c.obj (strlen)
c:/progra~1/raspbe~1/picosd~1.1/gcc-ar~1/bin/../lib/gcc/arm-none-eabi/10.3.1/../../../../arm-none-eabi/lib/thumb/v6-m/nofp\libg.a(lib_a-freer.o)
                              c:/progra~1/raspbe~1/picosd~1.1/gcc-ar~1/bin/../lib/gcc/arm-none-eabi/10.3.1/../../../../arm-none-eabi/lib/thumb/v6-m/nofp\libg.a(lib_a-malloc.o) (_free_r)
c:/progra~1/raspbe~1/picosd~1.1/gcc-ar~1/bin/../lib/gcc/arm-none-eabi/10.3.1/../../../../arm-none-eabi/lib/thumb/v6-m/nofp\libg.a(lib_a-lock.o)
                              c:/progra~1/raspbe~1/picosd~1.1/gcc-ar~1/bin/../lib/gcc/arm-none-eabi/10.3.1/../../../../arm-none-eabi/lib/thumb/v6-m/nofp\libg.a(lib_a-mlock.o) (__retarget_lock_acquire_recursive)
c:/progra~1/raspbe~1/picosd~1.1/gcc-ar~1/bin/../lib/gcc/arm-none-eabi/10.3.1/../../../../arm-none-eabi/lib/thumb/v6-m/nofp\libg.a(lib_a-memmove.o)
[...]
Memory Configuration

Name             Origin             Length             Attributes
FLASH            0x10000000         0x00200000         xr
RAM              0x20000000         0x00040000         xrw
SCRATCH_X        0x20040000         0x00001000         xrw
SCRATCH_Y        0x20041000         0x00001000         xrw
*default*        0x00000000         0xffffffff

Linker script and memory map

LOAD c:/progra~1/raspbe~1/picosd~1.1/gcc-ar~1/bin/../lib/gcc/arm-none-eabi/10.3.1/thumb/v6-m/nofp/crti.o
LOAD c:/progra~1/raspbe~1/picosd~1.1/gcc-ar~1/bin/../lib/gcc/arm-none-eabi/10.3.1/thumb/v6-m/nofp/crtbegin.o
LOAD c:/progra~1/raspbe~1/picosd~1.1/gcc-ar~1/bin/../lib/gcc/arm-none-eabi/10.3.1/../../../../arm-none-eabi/lib/thumb/v6-m/nofp/crt0.o

.flash_begin    0x10000000        0x0
                0x10000000                __flash_binary_start = .

.boot2          0x10000000      0x100
                0x10000000                __boot2_start__ = .
 *(.boot2)
 .boot2         0x10000000      0x100 C:\Users\Herman\AppData\Local\Temp\ccKVrHWP.o
                0x10000100                __boot2_end__ = .
                0x00000001                ASSERT (((__boot2_end__ - __boot2_start__) == 0x100), ERROR: Pico second stage bootloader must be 256 bytes in size)

.text           0x10000100     0x7380
                0x10000100                __logical_binary_start = .
 *(.vectors)
 .vectors       0x10000100       0xd4 CMakeFiles/main.dir/pico-sdk/src/rp2_common/pico_standard_link/crt0.S.obj
                0x10000100                __VECTOR_TABLE
                0x10000100                __vectors
                0x100001c0                isr_invalid
                0x100001c0                __default_isrs_start
                0x100001c2                isr_nmi
                0x100001c4                isr_hardfault
                0x100001c6                isr_svcall
                0x100001c8                isr_pendsv
                0x100001ca                isr_systick
                0x100001cc                isr_irq23
                0x100001cc                isr_irq18
                0x100001cc                isr_irq11
                0x100001cc                isr_irq28
                0x100001cc                isr_irq19
                0x100001cc                isr_irq0
                0x100001cc                isr_irq6
                0x100001cc                isr_irq5
                0x100001cc                isr_irq12
                0x100001cc                isr_irq22
                0x100001cc                isr_irq31
                0x100001cc                isr_irq17
                0x100001cc                isr_irq27
                0x100001cc                isr_irq30
                0x100001cc                isr_irq2
                0x100001cc                isr_irq10
                0x100001cc                isr_irq8
                0x100001cc                isr_irq24
                0x100001cc                isr_irq1
                0x100001cc                isr_irq7
                0x100001cc                isr_irq21
                0x100001cc                isr_irq20
                0x100001cc                isr_irq15
                0x100001cc                isr_irq25
                0x100001cc                isr_irq13
                0x100001cc                __unhandled_user_irq
                0x100001cc                isr_irq4
                0x100001cc                isr_irq16
                0x100001cc                isr_irq29
                0x100001cc                isr_irq26
                0x100001cc                __default_isrs_end
                0x100001cc                isr_irq3
                0x100001cc                isr_irq14
                0x100001cc                isr_irq9
                0x100001d2                unhandled_user_irq_num_in_r0
 *(.binary_info_header)
 .binary_info_header
                0x100001d4       0x14 CMakeFiles/main.dir/pico-sdk/src/rp2_common/pico_standard_link/crt0.S.obj
                0x100001e8                __binary_info_header_end = .
 *(.reset)
 .reset         0x100001e8       0xa0 CMakeFiles/main.dir/pico-sdk/src/rp2_common/pico_standard_link/crt0.S.obj
                0x100001e8                _entry_point
 .reset         0x10000288       0x30 CMakeFiles/main.dir/pico-sdk/src/rp2_common/pico_standard_link/binary_info.c.obj
 *(.init)
 .init          0x100002b8        0x4 c:/progra~1/raspbe~1/picosd~1.1/gcc-ar~1/bin/../lib/gcc/arm-none-eabi/10.3.1/thumb/v6-m/nofp/crti.o
                0x100002b8                _init
 *(EXCLUDE_FILE(*libm.a: *libc.a:*lib_a-mem*.o *libgcc.a:) .text*)
 .text          0x100002bc       0x48 c:/progra~1/raspbe~1/picosd~1.1/gcc-ar~1/bin/../lib/gcc/arm-none-eabi/10.3.1/thumb/v6-m/nofp/crtbegin.o
 .text.init_pres
                0x10000304      0x190 CMakeFiles/main.dir/main.c.obj
                0x10000304                init_pres
 .text.read_pres
                0x10000494      0x160 CMakeFiles/main.dir/main.c.obj
                0x10000494                read_pres
 .text.main     0x100005f4       0x68 CMakeFiles/main.dir/main.c.obj
                0x100005f4                main
 .text.gpio_set_function
                0x1000065c       0x30 CMakeFiles/main.dir/pico-sdk/src/rp2_common/hardware_gpio/gpio.c.obj
                0x1000065c                gpio_set_function
 .text.gpio_set_pulls
                0x1000068c       0x34 CMakeFiles/main.dir/pico-sdk/src/rp2_common/hardware_gpio/gpio.c.obj
                0x1000068c                gpio_set_pulls
 .text.running_on_fpga
                0x100006c0       0x14 CMakeFiles/main.dir/pico-sdk/src/rp2_common/pico_platform/platform.c.obj
                0x100006c0                running_on_fpga
 .text.hw_claim_lock
                0x100006d4       0x18 CMakeFiles/main.dir/pico-sdk/src/rp2_common/hardware_claim/claim.c.obj
                0x100006d4                hw_claim_lock
 .text.hw_claim_unlock
                0x100006ec       0x14 CMakeFiles/main.dir/pico-sdk/src/rp2_common/hardware_claim/claim.c.obj
                0x100006ec                hw_claim_unlock
 .text.hw_claim_or_assert
                0x10000700       0x32 CMakeFiles/main.dir/pico-sdk/src/rp2_common/hardware_claim/claim.c.obj
                0x10000700                hw_claim_or_assert
 .text.hw_claim_unused_from_range
                0x10000732       0x50 CMakeFiles/main.dir/pico-sdk/src/rp2_common/hardware_claim/claim.c.obj
                0x10000732                hw_claim_unused_from_range
 *fill*         0x10000782        0x2 
 .text.spin_locks_reset
                0x10000784       0x20 CMakeFiles/main.dir/pico-sdk/src/rp2_common/hardware_sync/sync.c.obj
                0x10000784                spin_locks_reset
 .text.next_striped_spin_lock_num
                0x100007a4       0x1c CMakeFiles/main.dir/pico-sdk/src/rp2_common/hardware_sync/sync.c.obj
                0x100007a4                next_striped_spin_lock_num
 .text.spin_lock_claim_unused
                0x100007c0       0x20 CMakeFiles/main.dir/pico-sdk/src/rp2_common/hardware_sync/sync.c.obj
                0x100007c0                spin_lock_claim_unused
 .text.set_raw_irq_handler_and_unlock
                0x100007e0       0x28 CMakeFiles/main.dir/pico-sdk/src/rp2_common/hardware_irq/irq.c.obj
 .text.make_branch
                0x10000808       0x48 CMakeFiles/main.dir/pico-sdk/src/rp2_common/hardware_irq/irq.c.obj
 .text.insert_branch_and_link
                0x10000850       0x40 CMakeFiles/main.dir/pico-sdk/src/rp2_common/hardware_irq/irq.c.obj
 .text.irq_is_enabled
                0x10000890       0x18 CMakeFiles/main.dir/pico-sdk/src/rp2_common/hardware_irq/irq.c.obj
                0x10000890                irq_is_enabled
 .text.irq_set_mask_enabled
                0x100008a8       0x20 CMakeFiles/main.dir/pico-sdk/src/rp2_common/hardware_irq/irq.c.obj
                0x100008a8                irq_set_mask_enabled
 .text.irq_set_enabled
                0x100008c8        0xe CMakeFiles/main.dir/pico-sdk/src/rp2_common/hardware_irq/irq.c.obj
                0x100008c8                irq_set_enabled
 *fill*         0x100008d6        0x2 
 .text.irq_set_pending
                0x100008d8       0x10 CMakeFiles/main.dir/pico-sdk/src/rp2_common/hardware_irq/irq.c.obj
                0x100008d8                irq_set_pending
 .text.irq_get_vtable_handler
                0x100008e8       0x10 CMakeFiles/main.dir/pico-sdk/src/rp2_common/hardware_irq/irq.c.obj
                0x100008e8                irq_get_vtable_handler
 .text.irq_has_shared_handler
                0x100008f8       0x24 CMakeFiles/main.dir/pico-sdk/src/rp2_common/hardware_irq/irq.c.obj
                0x100008f8                irq_has_shared_handler
 .text.irq_set_exclusive_handler
                0x1000091c       0x54 CMakeFiles/main.dir/pico-sdk/src/rp2_common/hardware_irq/irq.c.obj
                0x1000091c                irq_set_exclusive_handler
 .text.irq_add_shared_handler
                0x10000970      0x234 CMakeFiles/main.dir/pico-sdk/src/rp2_common/hardware_irq/irq.c.obj
                0x10000970                irq_add_shared_handler
 .text.irq_remove_handler
                0x10000ba4      0x1ac CMakeFiles/main.dir/pico-sdk/src/rp2_common/hardware_irq/irq.c.obj
                0x10000ba4                irq_remove_handler
 .text.irq_add_tail_to_free_list
                0x10000d50       0xf0 CMakeFiles/main.dir/pico-sdk/src/rp2_common/hardware_irq/irq.c.obj
                0x10000d50                irq_add_tail_to_free_list
 .text.irq_init_priorities
                0x10000e40       0x1c CMakeFiles/main.dir/pico-sdk/src/rp2_common/hardware_irq/irq.c.obj
                0x10000e40                irq_init_priorities
 .text.user_irq_claim_unused
                0x10000e5c       0x28 CMakeFiles/main.dir/pico-sdk/src/rp2_common/hardware_irq/irq.c.obj
                0x10000e5c                user_irq_claim_unused
 .text.lock_init
                0x10000e84       0x10 CMakeFiles/main.dir/pico-sdk/src/common/pico_sync/lock_core.c.obj
                0x10000e84                lock_init
 .text.mutex_init
                0x10000e94       0x1a CMakeFiles/main.dir/pico-sdk/src/common/pico_sync/mutex.c.obj
                0x10000e94                mutex_init
 .text.recursive_mutex_init
                0x10000eae       0x1e CMakeFiles/main.dir/pico-sdk/src/common/pico_sync/mutex.c.obj
                0x10000eae                recursive_mutex_init
 .text.critical_section_init_with_lock_num
                0x10000ecc       0x14 CMakeFiles/main.dir/pico-sdk/src/common/pico_sync/critical_section.c.obj
                0x10000ecc                critical_section_init_with_lock_num
 .text.critical_section_init
                0x10000ee0       0x14 CMakeFiles/main.dir/pico-sdk/src/common/pico_sync/critical_section.c.obj
                0x10000ee0                critical_section_init
 .text.alarm_pool_post_alloc_init
                0x10000ef4       0x40 CMakeFiles/main.dir/pico-sdk/src/common/pico_time/time.c.obj
 .text.sleep_until_callback
                0x10000f34       0x30 CMakeFiles/main.dir/pico-sdk/src/common/pico_time/time.c.obj
 .text.timer_pool_entry_comparator
                0x10000f64       0x7c CMakeFiles/main.dir/pico-sdk/src/common/pico_time/time.c.obj
                0x10000f64                timer_pool_entry_comparator
 .text.ph_add_child_node
                0x10000fe0       0xa4 CMakeFiles/main.dir/pico-sdk/src/common/pico_time/time.c.obj
 .text.ph_merge_nodes
                0x10001084       0x3e CMakeFiles/main.dir/pico-sdk/src/common/pico_time/time.c.obj
 *fill*         0x100010c2        0x2 
 .text.add_alarm_under_lock
                0x100010c4      0x174 CMakeFiles/main.dir/pico-sdk/src/common/pico_time/time.c.obj
 .text.alarm_pool_alarm_callback
                0x10001238      0x33c CMakeFiles/main.dir/pico-sdk/src/common/pico_time/time.c.obj
 .text.alarm_pool_init_default
                0x10001574       0x40 CMakeFiles/main.dir/pico-sdk/src/common/pico_time/time.c.obj
                0x10001574                alarm_pool_init_default
 .text.alarm_pool_get_default
                0x100015b4       0x2c CMakeFiles/main.dir/pico-sdk/src/common/pico_time/time.c.obj
                0x100015b4                alarm_pool_get_default
 .text.alarm_pool_add_alarm_at
                0x100015e0      0x168 CMakeFiles/main.dir/pico-sdk/src/common/pico_time/time.c.obj
                0x100015e0                alarm_pool_add_alarm_at
 .text.alarm_pool_cancel_alarm
                0x10001748       0xf8 CMakeFiles/main.dir/pico-sdk/src/common/pico_time/time.c.obj
                0x10001748                alarm_pool_cancel_alarm
 .text.alarm_pool_core_num
                0x10001840        0x4 CMakeFiles/main.dir/pico-sdk/src/common/pico_time/time.c.obj
                0x10001840                alarm_pool_core_num
 .text.sleep_until
                0x10001844       0xfc CMakeFiles/main.dir/pico-sdk/src/common/pico_time/time.c.obj
                0x10001844                sleep_until
 .text.sleep_us
                0x10001940       0x58 CMakeFiles/main.dir/pico-sdk/src/common/pico_time/time.c.obj
                0x10001940                sleep_us
 .text.sleep_ms
                0x10001998       0x14 CMakeFiles/main.dir/pico-sdk/src/common/pico_time/time.c.obj
                0x10001998                sleep_ms
 .text.best_effort_wfe_or_timeout
                0x100019ac       0xac CMakeFiles/main.dir/pico-sdk/src/common/pico_time/time.c.obj
                0x100019ac                best_effort_wfe_or_timeout
 .text.hardware_alarm_irq_handler
                0x10001a58       0x90 CMakeFiles/main.dir/pico-sdk/src/rp2_common/hardware_timer/timer.c.obj
 .text.hardware_alarm_claim
                0x10001ae8       0x18 CMakeFiles/main.dir/pico-sdk/src/rp2_common/hardware_timer/timer.c.obj
                0x10001ae8                hardware_alarm_claim
 .text.time_us_64
                0x10001b00       0x18 CMakeFiles/main.dir/pico-sdk/src/rp2_common/hardware_timer/timer.c.obj
                0x10001b00                time_us_64
 .text.busy_wait_until
                0x10001b18       0x28 CMakeFiles/main.dir/pico-sdk/src/rp2_common/hardware_timer/timer.c.obj
                0x10001b18                busy_wait_until
 .text.hardware_alarm_set_callback
                0x10001b40       0x90 CMakeFiles/main.dir/pico-sdk/src/rp2_common/hardware_timer/timer.c.obj
                0x10001b40                hardware_alarm_set_callback
 .text.hardware_alarm_set_target
                0x10001bd0       0xe8 CMakeFiles/main.dir/pico-sdk/src/rp2_common/hardware_timer/timer.c.obj
                0x10001bd0                hardware_alarm_set_target
 .text.hardware_alarm_cancel
                0x10001cb8       0x40 CMakeFiles/main.dir/pico-sdk/src/rp2_common/hardware_timer/timer.c.obj
                0x10001cb8                hardware_alarm_cancel
 .text.ph_add_child_node
                0x10001cf8       0xa4 CMakeFiles/main.dir/pico-sdk/src/common/pico_util/pheap.c.obj
 .text.ph_merge_nodes
                0x10001d9c       0x3e CMakeFiles/main.dir/pico-sdk/src/common/pico_util/pheap.c.obj
 *fill*         0x10001dda        0x2 
 .text.ph_clear
                0x10001ddc       0x70 CMakeFiles/main.dir/pico-sdk/src/common/pico_util/pheap.c.obj
                0x10001ddc                ph_clear
 .text.ph_post_alloc_init
                0x10001e4c        0xe CMakeFiles/main.dir/pico-sdk/src/common/pico_util/pheap.c.obj
                0x10001e4c                ph_post_alloc_init
 *fill*         0x10001e5a        0x2 
 .text.ph_merge_two_pass
                0x10001e5c       0xa8 CMakeFiles/main.dir/pico-sdk/src/common/pico_util/pheap.c.obj
                0x10001e5c                ph_merge_two_pass
 .text.ph_remove_any_head
                0x10001f04      0x128 CMakeFiles/main.dir/pico-sdk/src/common/pico_util/pheap.c.obj
 .text.ph_remove_head
                0x1000202c       0x14 CMakeFiles/main.dir/pico-sdk/src/common/pico_util/pheap.c.obj
                0x1000202c                ph_remove_head
 .text.ph_remove_and_free_node
                0x10002040       0xf8 CMakeFiles/main.dir/pico-sdk/src/common/pico_util/pheap.c.obj
                0x10002040                ph_remove_and_free_node
 .text.clock_configure
                0x10002138      0x108 CMakeFiles/main.dir/pico-sdk/src/rp2_common/hardware_clocks/clocks.c.obj
                0x10002138                clock_configure
 .text.clocks_init
                0x10002240      0x100 CMakeFiles/main.dir/pico-sdk/src/rp2_common/hardware_clocks/clocks.c.obj
                0x10002240                clocks_init
 .text.clock_get_hz
                0x10002340        0xc CMakeFiles/main.dir/pico-sdk/src/rp2_common/hardware_clocks/clocks.c.obj
                0x10002340                clock_get_hz
 .text.pll_init
                0x1000234c      0x120 CMakeFiles/main.dir/pico-sdk/src/rp2_common/hardware_pll/pll.c.obj
                0x1000234c                pll_init
 .text.watchdog_start_tick
                0x1000246c       0x10 CMakeFiles/main.dir/pico-sdk/src/rp2_common/hardware_watchdog/watchdog.c.obj
                0x1000246c                watchdog_start_tick
 .text.watchdog_update
                0x1000247c       0x14 CMakeFiles/main.dir/pico-sdk/src/rp2_common/hardware_watchdog/watchdog.c.obj
                0x1000247c                watchdog_update
 .text._watchdog_enable
                0x10002490       0x78 CMakeFiles/main.dir/pico-sdk/src/rp2_common/hardware_watchdog/watchdog.c.obj
                0x10002490                _watchdog_enable
 .text.watchdog_reboot
                0x10002508       0x48 CMakeFiles/main.dir/pico-sdk/src/rp2_common/hardware_watchdog/watchdog.c.obj
                0x10002508                watchdog_reboot
 .text.xosc_init
                0x10002550       0x28 CMakeFiles/main.dir/pico-sdk/src/rp2_common/hardware_xosc/xosc.c.obj
                0x10002550                xosc_init
 .text._exit    0x10002578        0x4 CMakeFiles/main.dir/pico-sdk/src/rp2_common/pico_runtime/runtime.c.obj
                0x10002578                _exit
 .text.exit     0x1000257c        0x6 CMakeFiles/main.dir/pico-sdk/src/rp2_common/pico_runtime/runtime.c.obj
                0x1000257c                exit
 *fill*         0x10002582        0x2 
 .text.__assert_func
                0x10002584       0x3c CMakeFiles/main.dir/pico-sdk/src/rp2_common/pico_runtime/runtime.c.obj
                0x10002584                __assert_func
 .text.runtime_init
                0x100025c0       0xf8 CMakeFiles/main.dir/pico-sdk/src/rp2_common/pico_runtime/runtime.c.obj
                0x100025c0                runtime_init
 .text.panic    0x100026b8       0x30 CMakeFiles/main.dir/pico-sdk/src/rp2_common/pico_runtime/runtime.c.obj
                0x100026b8                panic
 .text._out_null
                0x100026e8        0x2 CMakeFiles/main.dir/pico-sdk/src/rp2_common/pico_printf/printf.c.obj
 .text._out_fct
                0x100026ea        0xe CMakeFiles/main.dir/pico-sdk/src/rp2_common/pico_printf/printf.c.obj
 .text._atoi    0x100026f8       0x24 CMakeFiles/main.dir/pico-sdk/src/rp2_common/pico_printf/printf.c.obj
 .text._out_rev
                0x1000271c       0xae CMakeFiles/main.dir/pico-sdk/src/rp2_common/pico_printf/printf.c.obj
 .text._ntoa_format
                0x100027ca      0x112 CMakeFiles/main.dir/pico-sdk/src/rp2_common/pico_printf/printf.c.obj
 .text._ntoa_long
                0x100028dc       0xbc CMakeFiles/main.dir/pico-sdk/src/rp2_common/pico_printf/printf.c.obj
 .text._ntoa_long_long
                0x10002998       0xe2 CMakeFiles/main.dir/pico-sdk/src/rp2_common/pico_printf/printf.c.obj
 *fill*         0x10002a7a        0x2 
 .text._etoa    0x10002a7c      0x414 CMakeFiles/main.dir/pico-sdk/src/rp2_common/pico_printf/printf.c.obj
 .text._ftoa    0x10002e90      0x354 CMakeFiles/main.dir/pico-sdk/src/rp2_common/pico_printf/printf.c.obj
 .text._vsnprintf
                0x100031e4      0x624 CMakeFiles/main.dir/pico-sdk/src/rp2_common/pico_printf/printf.c.obj
 .text.vfctprintf
                0x10003808       0x20 CMakeFiles/main.dir/pico-sdk/src/rp2_common/pico_printf/printf.c.obj
                0x10003808                vfctprintf
 .text          0x10003828       0x10 CMakeFiles/main.dir/pico-sdk/src/rp2_common/pico_bit_ops/bit_ops_aeabi.S.obj
 .text.rom_func_lookup
                0x10003838       0x10 CMakeFiles/main.dir/pico-sdk/src/rp2_common/pico_bootrom/bootrom.c.obj
                0x10003838                rom_func_lookup
 .text.rom_data_lookup
                0x10003848       0x10 CMakeFiles/main.dir/pico-sdk/src/rp2_common/pico_bootrom/bootrom.c.obj
                0x10003848                rom_data_lookup
 .text.rom_funcs_lookup
                0x10003858       0x36 CMakeFiles/main.dir/pico-sdk/src/rp2_common/pico_bootrom/bootrom.c.obj
                0x10003858                rom_funcs_lookup
 *fill*         0x1000388e        0x2 
 .text.__wrap___aeabi_idiv
                0x10003890       0x50 CMakeFiles/main.dir/pico-sdk/src/rp2_common/pico_divider/divider.S.obj
                0x10003890                __wrap___aeabi_idivmod
                0x10003890                divmod_s32s32
                0x10003890                div_s32s32
                0x10003890                __wrap___aeabi_idiv
                0x10003898                divmod_s32s32_unsafe
                0x100038c4                divmod_s32s32_savestate
 .text.__wrap___aeabi_uidiv
                0x100038e0       0x4c CMakeFiles/main.dir/pico-sdk/src/rp2_common/pico_divider/divider.S.obj
                0x100038e0                __wrap___aeabi_uidiv
                0x100038e0                __wrap___aeabi_uidivmod
                0x100038e0                div_u32u32
                0x100038e0                divmod_u32u32
                0x100038e8                divmod_u32u32_unsafe
                0x10003910                divmod_u32u32_savestate
 .text.__wrap___aeabi_ldiv
                0x1000392c      0x424 CMakeFiles/main.dir/pico-sdk/src/rp2_common/pico_divider/divider.S.obj
                0x1000392c                div_s64s64
                0x1000392c                divmod_s64s64
                0x1000392c                __wrap___aeabi_ldivmod
                0x1000395c                divmod_u64u64
                0x1000395c                div_u64u64
                0x1000395c                __wrap___aeabi_uldivmod
                0x1000396c                divmod_u64u64_savestate
                0x1000398c                divmod_s64s64_unsafe
                0x10003a14                divmod_u64u64_unsafe
 .text.__wrap___aeabi_darithmetic
                0x10003d50       0x80 CMakeFiles/main.dir/pico-sdk/src/rp2_common/pico_double/double_aeabi.S.obj
                0x10003d50                __wrap___aeabi_drsub
                0x10003d56                __wrap___aeabi_dsub
                0x10003d68                __wrap___aeabi_dadd
                0x10003d7a                __wrap___aeabi_ddiv
                0x10003db6                __wrap___aeabi_dmul
 .text.__wrap___aeabi_cdcmple
                0x10003dd0       0x6c CMakeFiles/main.dir/pico-sdk/src/rp2_common/pico_double/double_aeabi.S.obj
                0x10003dd0                __wrap___aeabi_cdrcmple
                0x10003de0                __wrap___aeabi_cdcmpeq
                0x10003de0                __wrap___aeabi_cdcmple
 .text.__wrap___aeabi_dcmplt
                0x10003e3c        0xc CMakeFiles/main.dir/pico-sdk/src/rp2_common/pico_double/double_aeabi.S.obj
                0x10003e3c                __wrap___aeabi_dcmplt
 .text.__wrap___aeabi_dcmple
                0x10003e48       0x10 CMakeFiles/main.dir/pico-sdk/src/rp2_common/pico_double/double_aeabi.S.obj
                0x10003e48                __wrap___aeabi_dcmple
 .text.__wrap___aeabi_dcmpge
                0x10003e58       0x10 CMakeFiles/main.dir/pico-sdk/src/rp2_common/pico_double/double_aeabi.S.obj
                0x10003e58                __wrap___aeabi_dcmpge
 .text.__wrap___aeabi_dcmpgt
                0x10003e68        0xa CMakeFiles/main.dir/pico-sdk/src/rp2_common/pico_double/double_aeabi.S.obj
                0x10003e68                __wrap___aeabi_dcmpgt
 .text.__wrap___aeabi_dcmpun
                0x10003e72       0x1c CMakeFiles/main.dir/pico-sdk/src/rp2_common/pico_double/double_aeabi.S.obj
                0x10003e72                __wrap___aeabi_dcmpun
 *fill*         0x10003e8e        0x2 
 .text.__wrap___aeabi_i2d
                0x10003e90       0x38 CMakeFiles/main.dir/pico-sdk/src/rp2_common/pico_double/double_aeabi.S.obj
                0x10003e90                __wrap___aeabi_ui2d
                0x10003e98                __wrap___aeabi_i2d
 .text.__wrap___aeabi_d2iz
                0x10003ec8       0x48 CMakeFiles/main.dir/pico-sdk/src/rp2_common/pico_double/double_aeabi.S.obj
                0x10003ec8                double2int_z
                0x10003ec8                __wrap___aeabi_d2iz
 .text.__wrap___aeabi_d2uiz
                0x10003f10       0x18 CMakeFiles/main.dir/pico-sdk/src/rp2_common/pico_double/double_aeabi.S.obj
                0x10003f10                __wrap___aeabi_d2uiz
                0x10003f10                double2uint
 .text.__aeabi_double_init
                0x10003f28       0xc8 CMakeFiles/main.dir/pico-sdk/src/rp2_common/pico_double/double_init_rom.c.obj
                0x10003f28                __aeabi_double_init
 .text.double_table_shim_on_use_helper
                0x10003ff0       0x34 CMakeFiles/main.dir/pico-sdk/src/rp2_common/pico_double/double_v1_rom_shim.S.obj
                0x10003ff0                double_table_shim_on_use_helper
 .text.__wrap___aeabi_dsub
                0x10004024       0x10 CMakeFiles/main.dir/pico-sdk/src/rp2_common/pico_double/double_v1_rom_shim.S.obj
                0x10004024                drsub_shim
                0x1000402a                dsub_shim
 .text.dadd_shim
                0x10004034      0x15c CMakeFiles/main.dir/pico-sdk/src/rp2_common/pico_double/double_v1_rom_shim.S.obj
                0x10004034                dadd_shim
 .text.dmul_shim
                0x10004190      0x15c CMakeFiles/main.dir/pico-sdk/src/rp2_common/pico_double/double_v1_rom_shim.S.obj
                0x10004190                dmul_shim
 .text.ddiv_shim
                0x100042ec      0x1b0 CMakeFiles/main.dir/pico-sdk/src/rp2_common/pico_double/double_v1_rom_shim.S.obj
                0x100042ec                ddiv_shim
 .text.double2uint_shim
                0x1000449c        0xe CMakeFiles/main.dir/pico-sdk/src/rp2_common/pico_double/double_v1_rom_shim.S.obj
                0x1000449c                double2uint_shim
                0x1000449e                double2ufix_shim
 *fill*         0x100044aa        0x2 
 .text.double2uint64_shim
                0x100044ac       0x70 CMakeFiles/main.dir/pico-sdk/src/rp2_common/pico_double/double_v1_rom_shim.S.obj
                0x100044ac                double2uint64_shim
                0x100044ae                double2ufix64_shim
                0x100044ce                d2fix_a
 .text.dunpacks
                0x1000451c       0x3c CMakeFiles/main.dir/pico-sdk/src/rp2_common/pico_double/double_v1_rom_shim.S.obj
                0x1000451c                dunpacks
 .text.__aeabi_lmul
                0x10004558       0x32 CMakeFiles/main.dir/pico-sdk/src/rp2_common/pico_int64_ops/pico_int64_ops_aeabi.S.obj
                0x10004558                __wrap___aeabi_lmul
 *fill*         0x1000458a        0x2 
 .text.__aeabi_float_init
                0x1000458c       0xfc CMakeFiles/main.dir/pico-sdk/src/rp2_common/pico_float/float_init_rom.c.obj
                0x1000458c                __aeabi_float_init
 .text.float_table_shim_on_use_helper
                0x10004688       0x34 CMakeFiles/main.dir/pico-sdk/src/rp2_common/pico_float/float_v1_rom_shim.S.obj
                0x10004688                float_table_shim_on_use_helper
 .text          0x100046bc       0x10 CMakeFiles/main.dir/pico-sdk/src/rp2_common/pico_mem_ops/mem_ops_aeabi.S.obj
                0x100046bc                __aeabi_mem_init
 .text.memset   0x100046cc        0xc CMakeFiles/main.dir/pico-sdk/src/rp2_common/pico_mem_ops/mem_ops_aeabi.S.obj
                0x100046cc                __wrap_memset
 .text.memcpy   0x100046d8        0xc CMakeFiles/main.dir/pico-sdk/src/rp2_common/pico_mem_ops/mem_ops_aeabi.S.obj
                0x100046d8                __wrap_memcpy
                0x100046d8                __wrap___aeabi_memcpy
 .text.stdio_out_chars_no_crlf
                0x100046e4        0xe CMakeFiles/main.dir/pico-sdk/src/rp2_common/pico_stdio/stdio.c.obj
 *fill*         0x100046f2        0x2 
 .text.stdio_out_chars_crlf
                0x100046f4       0x80 CMakeFiles/main.dir/pico-sdk/src/rp2_common/pico_stdio/stdio.c.obj
 .text.stdio_stack_buffer_flush
                0x10004774       0x44 CMakeFiles/main.dir/pico-sdk/src/rp2_common/pico_stdio/stdio.c.obj
 .text.stdio_buffered_printer
                0x100047b8       0x20 CMakeFiles/main.dir/pico-sdk/src/rp2_common/pico_stdio/stdio.c.obj
 .text.stdout_serialize_begin
                0x100047d8       0x5c CMakeFiles/main.dir/pico-sdk/src/rp2_common/pico_stdio/stdio.c.obj
                0x100047d8                stdout_serialize_begin
 .text.stdout_serialize_end
                0x10004834       0x10 CMakeFiles/main.dir/pico-sdk/src/rp2_common/pico_stdio/stdio.c.obj
                0x10004834                stdout_serialize_end
 .text.stdio_put_string
                0x10004844       0x98 CMakeFiles/main.dir/pico-sdk/src/rp2_common/pico_stdio/stdio.c.obj
 .text.stdio_set_driver_enabled
                0x100048dc       0x2c CMakeFiles/main.dir/pico-sdk/src/rp2_common/pico_stdio/stdio.c.obj
                0x100048dc                stdio_set_driver_enabled
 .text.stdio_flush
                0x10004908       0x20 CMakeFiles/main.dir/pico-sdk/src/rp2_common/pico_stdio/stdio.c.obj
                0x10004908                stdio_flush
 .text.__wrap_puts
                0x10004928       0x1e CMakeFiles/main.dir/pico-sdk/src/rp2_common/pico_stdio/stdio.c.obj
                0x10004928                __wrap_puts
 *fill*         0x10004946        0x2 
 .text.__wrap_vprintf
                0x10004948       0x40 CMakeFiles/main.dir/pico-sdk/src/rp2_common/pico_stdio/stdio.c.obj
                0x10004948                __wrap_vprintf
 .text.__wrap_printf
                0x10004988       0x18 CMakeFiles/main.dir/pico-sdk/src/rp2_common/pico_stdio/stdio.c.obj
                0x10004988                __wrap_printf
 .text.stdio_init_all
                0x100049a0        0x8 CMakeFiles/main.dir/pico-sdk/src/rp2_common/pico_stdio/stdio.c.obj
                0x100049a0                stdio_init_all
 .text.resetd_init
                0x100049a8        0x2 CMakeFiles/main.dir/pico-sdk/src/rp2_common/pico_stdio_usb/reset_interface.c.obj
 *fill*         0x100049aa        0x2 
 .text.resetd_reset
                0x100049ac        0xc CMakeFiles/main.dir/pico-sdk/src/rp2_common/pico_stdio_usb/reset_interface.c.obj
 .text.resetd_open
                0x100049b8       0x34 CMakeFiles/main.dir/pico-sdk/src/rp2_common/pico_stdio_usb/reset_interface.c.obj
 .text.resetd_xfer_cb
                0x100049ec        0x4 CMakeFiles/main.dir/pico-sdk/src/rp2_common/pico_stdio_usb/reset_interface.c.obj
 .text.reset_usb_boot
                0x100049f0       0x18 CMakeFiles/main.dir/pico-sdk/src/rp2_common/pico_stdio_usb/reset_interface.c.obj
 .text.resetd_control_xfer_cb
                0x10004a08       0x5c CMakeFiles/main.dir/pico-sdk/src/rp2_common/pico_stdio_usb/reset_interface.c.obj
 .text.usbd_app_driver_get_cb
                0x10004a64        0xc CMakeFiles/main.dir/pico-sdk/src/rp2_common/pico_stdio_usb/reset_interface.c.obj
                0x10004a64                usbd_app_driver_get_cb
 .text.tud_cdc_line_coding_cb
                0x10004a70       0x28 CMakeFiles/main.dir/pico-sdk/src/rp2_common/pico_stdio_usb/reset_interface.c.obj
                0x10004a70                tud_cdc_line_coding_cb
 .text.stdio_usb_set_chars_available_callback
                0x10004a98       0x14 CMakeFiles/main.dir/pico-sdk/src/rp2_common/pico_stdio_usb/stdio_usb.c.obj
                0x10004a98                stdio_usb_set_chars_available_callback
 .text.usb_irq  0x10004aac       0x10 CMakeFiles/main.dir/pico-sdk/src/rp2_common/pico_stdio_usb/stdio_usb.c.obj
 .text.timer_task
                0x10004abc       0x5c CMakeFiles/main.dir/pico-sdk/src/rp2_common/pico_stdio_usb/stdio_usb.c.obj
 .text.low_priority_worker_irq
                0x10004b18       0xdc CMakeFiles/main.dir/pico-sdk/src/rp2_common/pico_stdio_usb/stdio_usb.c.obj
 .text.tud_cdc_rx_cb
                0x10004bf4       0x20 CMakeFiles/main.dir/pico-sdk/src/rp2_common/pico_stdio_usb/stdio_usb.c.obj
                0x10004bf4                tud_cdc_rx_cb
 .text.stdio_usb_init
                0x10004c14      0x11c CMakeFiles/main.dir/pico-sdk/src/rp2_common/pico_stdio_usb/stdio_usb.c.obj
                0x10004c14                stdio_usb_init
 .text.stdio_usb_connected
                0x10004d30        0xa CMakeFiles/main.dir/pico-sdk/src/rp2_common/pico_stdio_usb/stdio_usb.c.obj
                0x10004d30                stdio_usb_connected
 *fill*         0x10004d3a        0x2 
 .text.stdio_usb_in_chars
                0x10004d3c       0xc4 CMakeFiles/main.dir/pico-sdk/src/rp2_common/pico_stdio_usb/stdio_usb.c.obj
                0x10004d3c                stdio_usb_in_chars
 .text.stdio_usb_out_chars
                0x10004e00      0x114 CMakeFiles/main.dir/pico-sdk/src/rp2_common/pico_stdio_usb/stdio_usb.c.obj
 .text.tud_descriptor_device_cb
                0x10004f14        0x8 CMakeFiles/main.dir/pico-sdk/src/rp2_common/pico_stdio_usb/stdio_usb_descriptors.c.obj
                0x10004f14                tud_descriptor_device_cb
 .text.tud_descriptor_configuration_cb
                0x10004f1c        0x8 CMakeFiles/main.dir/pico-sdk/src/rp2_common/pico_stdio_usb/stdio_usb_descriptors.c.obj
                0x10004f1c                tud_descriptor_configuration_cb
 .text.tud_descriptor_string_cb
                0x10004f24       0x6c CMakeFiles/main.dir/pico-sdk/src/rp2_common/pico_stdio_usb/stdio_usb_descriptors.c.obj
                0x10004f24                tud_descriptor_string_cb
 .text._retrieve_unique_id_on_boot
                0x10004f90       0x10 CMakeFiles/main.dir/pico-sdk/src/rp2_common/pico_unique_id/unique_id.c.obj
 .text.pico_get_unique_board_id_string
                0x10004fa0       0x60 CMakeFiles/main.dir/pico-sdk/src/rp2_common/pico_unique_id/unique_id.c.obj
                0x10004fa0                pico_get_unique_board_id_string
 .text.flash_get_unique_id
                0x10005000       0x46 CMakeFiles/main.dir/pico-sdk/src/rp2_common/hardware_flash/flash.c.obj
                0x10005000                flash_get_unique_id
 *fill*         0x10005046        0x2 
 .text.hw_endpoint_get_by_addr
                0x10005048       0x18 CMakeFiles/main.dir/pico-sdk/lib/tinyusb/src/portable/raspberrypi/rp2040/dcd_rp2040.c.obj
 .text._hw_endpoint_alloc
                0x10005060       0x70 CMakeFiles/main.dir/pico-sdk/lib/tinyusb/src/portable/raspberrypi/rp2040/dcd_rp2040.c.obj
 .text.hw_endpoint_init
                0x100050d0       0x88 CMakeFiles/main.dir/pico-sdk/lib/tinyusb/src/portable/raspberrypi/rp2040/dcd_rp2040.c.obj
 .text.hw_endpoint_xfer
                0x10005158       0x14 CMakeFiles/main.dir/pico-sdk/lib/tinyusb/src/portable/raspberrypi/rp2040/dcd_rp2040.c.obj
 .text.dcd_int_enable
                0x1000516c       0x2c CMakeFiles/main.dir/pico-sdk/lib/tinyusb/src/portable/raspberrypi/rp2040/dcd_rp2040.c.obj
                0x1000516c                dcd_int_enable
 .text.dcd_set_address
                0x10005198       0x2c CMakeFiles/main.dir/pico-sdk/lib/tinyusb/src/portable/raspberrypi/rp2040/dcd_rp2040.c.obj
                0x10005198                dcd_set_address
 .text.dcd_connect
                0x100051c4       0x10 CMakeFiles/main.dir/pico-sdk/lib/tinyusb/src/portable/raspberrypi/rp2040/dcd_rp2040.c.obj
                0x100051c4                dcd_connect
 .text.dcd_init
                0x100051d4       0x80 CMakeFiles/main.dir/pico-sdk/lib/tinyusb/src/portable/raspberrypi/rp2040/dcd_rp2040.c.obj
                0x100051d4                dcd_init
 .text.dcd_edpt0_status_complete
                0x10005254       0x1c CMakeFiles/main.dir/pico-sdk/lib/tinyusb/src/portable/raspberrypi/rp2040/dcd_rp2040.c.obj
                0x10005254                dcd_edpt0_status_complete
 .text.dcd_edpt_open
                0x10005270       0x40 CMakeFiles/main.dir/pico-sdk/lib/tinyusb/src/portable/raspberrypi/rp2040/dcd_rp2040.c.obj
                0x10005270                dcd_edpt_open
 .text.dcd_edpt_close_all
                0x100052b0        0x8 CMakeFiles/main.dir/pico-sdk/lib/tinyusb/src/portable/raspberrypi/rp2040/dcd_rp2040.c.obj
                0x100052b0                dcd_edpt_close_all
 .text.dcd_edpt_xfer
                0x100052b8       0x34 CMakeFiles/main.dir/pico-sdk/lib/tinyusb/src/portable/raspberrypi/rp2040/dcd_rp2040.c.obj
                0x100052b8                dcd_edpt_xfer
 .text.dcd_edpt_stall
                0x100052ec       0x2c CMakeFiles/main.dir/pico-sdk/lib/tinyusb/src/portable/raspberrypi/rp2040/dcd_rp2040.c.obj
                0x100052ec                dcd_edpt_stall
 .text.dcd_edpt_clear_stall
                0x10005318       0x20 CMakeFiles/main.dir/pico-sdk/lib/tinyusb/src/portable/raspberrypi/rp2040/dcd_rp2040.c.obj
                0x10005318                dcd_edpt_clear_stall
 .text.rp2040_usb_init
                0x10005338       0x4c CMakeFiles/main.dir/pico-sdk/lib/tinyusb/src/portable/raspberrypi/rp2040/rp2040_usb.c.obj
                0x10005338                rp2040_usb_init
 .text.hw_endpoint_xfer_start
                0x10005384       0x50 CMakeFiles/main.dir/pico-sdk/lib/tinyusb/src/portable/raspberrypi/rp2040/rp2040_usb.c.obj
                0x10005384                hw_endpoint_xfer_start
 .text.configuration_reset
                0x100053d4       0x84 CMakeFiles/main.dir/pico-sdk/lib/tinyusb/src/device/usbd.c.obj
 .text.usbd_reset
                0x10005458        0xc CMakeFiles/main.dir/pico-sdk/lib/tinyusb/src/device/usbd.c.obj
 .text.invoke_class_control
                0x10005464       0x1a CMakeFiles/main.dir/pico-sdk/lib/tinyusb/src/device/usbd.c.obj
 *fill*         0x1000547e        0x2 
 .text.process_set_config
                0x10005480      0x178 CMakeFiles/main.dir/pico-sdk/lib/tinyusb/src/device/usbd.c.obj
 .text.process_get_descriptor
                0x100055f8       0xdc CMakeFiles/main.dir/pico-sdk/lib/tinyusb/src/device/usbd.c.obj
 .text.tud_mounted
                0x100056d4       0x10 CMakeFiles/main.dir/pico-sdk/lib/tinyusb/src/device/usbd.c.obj
                0x100056d4                tud_mounted
 .text.tud_suspended
                0x100056e4       0x10 CMakeFiles/main.dir/pico-sdk/lib/tinyusb/src/device/usbd.c.obj
                0x100056e4                tud_suspended
 .text.tud_inited
                0x100056f4       0x14 CMakeFiles/main.dir/pico-sdk/lib/tinyusb/src/device/usbd.c.obj
                0x100056f4                tud_inited
 .text.tud_init
                0x10005708       0xcc CMakeFiles/main.dir/pico-sdk/lib/tinyusb/src/device/usbd.c.obj
                0x10005708                tud_init
 .text.usbd_defer_func
                0x100057d4       0x2a CMakeFiles/main.dir/pico-sdk/lib/tinyusb/src/device/usbd.c.obj
                0x100057d4                usbd_defer_func
 *fill*         0x100057fe        0x2 
 .text.usbd_edpt_open
                0x10005800       0x34 CMakeFiles/main.dir/pico-sdk/lib/tinyusb/src/device/usbd.c.obj
                0x10005800                usbd_edpt_open
 .text.usbd_open_edpt_pair
                0x10005834       0x62 CMakeFiles/main.dir/pico-sdk/lib/tinyusb/src/device/usbd.c.obj
                0x10005834                usbd_open_edpt_pair
 *fill*         0x10005896        0x2 
 .text.usbd_edpt_claim
                0x10005898       0x28 CMakeFiles/main.dir/pico-sdk/lib/tinyusb/src/device/usbd.c.obj
                0x10005898                usbd_edpt_claim
 .text.usbd_edpt_release
                0x100058c0       0x28 CMakeFiles/main.dir/pico-sdk/lib/tinyusb/src/device/usbd.c.obj
                0x100058c0                usbd_edpt_release
 .text.usbd_edpt_xfer
                0x100058e8       0x78 CMakeFiles/main.dir/pico-sdk/lib/tinyusb/src/device/usbd.c.obj
                0x100058e8                usbd_edpt_xfer
 .text.usbd_edpt_stall
                0x10005960       0x48 CMakeFiles/main.dir/pico-sdk/lib/tinyusb/src/device/usbd.c.obj
                0x10005960                usbd_edpt_stall
 .text.usbd_edpt_clear_stall
                0x100059a8       0x48 CMakeFiles/main.dir/pico-sdk/lib/tinyusb/src/device/usbd.c.obj
                0x100059a8                usbd_edpt_clear_stall
 .text.usbd_edpt_stalled
                0x100059f0       0x1c CMakeFiles/main.dir/pico-sdk/lib/tinyusb/src/device/usbd.c.obj
                0x100059f0                usbd_edpt_stalled
 .text.process_control_request
                0x10005a0c      0x37c CMakeFiles/main.dir/pico-sdk/lib/tinyusb/src/device/usbd.c.obj
 .text.tud_task_ext
                0x10005d88      0x1b8 CMakeFiles/main.dir/pico-sdk/lib/tinyusb/src/device/usbd.c.obj
                0x10005d88                tud_task_ext
 .text._data_stage_xact
                0x10005f40       0x58 CMakeFiles/main.dir/pico-sdk/lib/tinyusb/src/device/usbd_control.c.obj
 .text.tud_control_status
                0x10005f98       0x38 CMakeFiles/main.dir/pico-sdk/lib/tinyusb/src/device/usbd_control.c.obj
                0x10005f98                tud_control_status
 .text.tud_control_xfer
                0x10005fd0       0x74 CMakeFiles/main.dir/pico-sdk/lib/tinyusb/src/device/usbd_control.c.obj
                0x10005fd0                tud_control_xfer
 .text.usbd_control_reset
                0x10006044       0x14 CMakeFiles/main.dir/pico-sdk/lib/tinyusb/src/device/usbd_control.c.obj
                0x10006044                usbd_control_reset
 .text.usbd_control_set_complete_callback
                0x10006058        0xc CMakeFiles/main.dir/pico-sdk/lib/tinyusb/src/device/usbd_control.c.obj
                0x10006058                usbd_control_set_complete_callback
 .text.usbd_control_set_request
                0x10006064       0x1c CMakeFiles/main.dir/pico-sdk/lib/tinyusb/src/device/usbd_control.c.obj
                0x10006064                usbd_control_set_request
 .text.usbd_control_xfer_cb
                0x10006080       0xcc CMakeFiles/main.dir/pico-sdk/lib/tinyusb/src/device/usbd_control.c.obj
                0x10006080                usbd_control_xfer_cb
 .text._prep_out_transaction
                0x1000614c       0x4a CMakeFiles/main.dir/pico-sdk/lib/tinyusb/src/class/cdc/cdc_device.c.obj
 *fill*         0x10006196        0x2 
 .text.tud_cdc_n_connected
                0x10006198       0x44 CMakeFiles/main.dir/pico-sdk/lib/tinyusb/src/class/cdc/cdc_device.c.obj
                0x10006198                tud_cdc_n_connected
 .text.tud_cdc_n_available
                0x100061dc       0x18 CMakeFiles/main.dir/pico-sdk/lib/tinyusb/src/class/cdc/cdc_device.c.obj
                0x100061dc                tud_cdc_n_available
 .text.tud_cdc_n_read
                0x100061f4       0x28 CMakeFiles/main.dir/pico-sdk/lib/tinyusb/src/class/cdc/cdc_device.c.obj
                0x100061f4                tud_cdc_n_read
 .text.tud_cdc_n_write_flush
                0x1000621c       0xb8 CMakeFiles/main.dir/pico-sdk/lib/tinyusb/src/class/cdc/cdc_device.c.obj
                0x1000621c                tud_cdc_n_write_flush
 .text.tud_cdc_n_write
                0x100062d4       0x38 CMakeFiles/main.dir/pico-sdk/lib/tinyusb/src/class/cdc/cdc_device.c.obj
                0x100062d4                tud_cdc_n_write
 .text.tud_cdc_n_write_available
                0x1000630c       0x1c CMakeFiles/main.dir/pico-sdk/lib/tinyusb/src/class/cdc/cdc_device.c.obj
                0x1000630c                tud_cdc_n_write_available
 .text.cdcd_init
                0x10006328       0xbc CMakeFiles/main.dir/pico-sdk/lib/tinyusb/src/class/cdc/cdc_device.c.obj
                0x10006328                cdcd_init
 .text.cdcd_reset
                0x100063e4       0x44 CMakeFiles/main.dir/pico-sdk/lib/tinyusb/src/class/cdc/cdc_device.c.obj
                0x100063e4                cdcd_reset
 .text.cdcd_open
                0x10006428       0xcc CMakeFiles/main.dir/pico-sdk/lib/tinyusb/src/class/cdc/cdc_device.c.obj
                0x10006428                cdcd_open
 .text.cdcd_control_xfer_cb
                0x100064f4      0x134 CMakeFiles/main.dir/pico-sdk/lib/tinyusb/src/class/cdc/cdc_device.c.obj
                0x100064f4                cdcd_control_xfer_cb
 .text.cdcd_xfer_cb
                0x10006628      0x130 CMakeFiles/main.dir/pico-sdk/lib/tinyusb/src/class/cdc/cdc_device.c.obj
                0x10006628                cdcd_xfer_cb
 .text.tusb_init
                0x10006758        0xa CMakeFiles/main.dir/pico-sdk/lib/tinyusb/src/tusb.c.obj
                0x10006758                tusb_init
 .text.tusb_inited
                0x10006762        0xe CMakeFiles/main.dir/pico-sdk/lib/tinyusb/src/tusb.c.obj
                0x10006762                tusb_inited
 .text.tu_edpt_claim
                0x10006770       0x50 CMakeFiles/main.dir/pico-sdk/lib/tinyusb/src/tusb.c.obj
                0x10006770                tu_edpt_claim
 .text.tu_edpt_release
                0x100067c0       0x3c CMakeFiles/main.dir/pico-sdk/lib/tinyusb/src/tusb.c.obj
                0x100067c0                tu_edpt_release
 .text.tu_edpt_validate
                0x100067fc       0x78 CMakeFiles/main.dir/pico-sdk/lib/tinyusb/src/tusb.c.obj
                0x100067fc                tu_edpt_validate
 .text.tu_edpt_bind_driver
                0x10006874       0x26 CMakeFiles/main.dir/pico-sdk/lib/tinyusb/src/tusb.c.obj
                0x10006874                tu_edpt_bind_driver
 .text.advance_index
                0x1000689a       0x1a CMakeFiles/main.dir/pico-sdk/lib/tinyusb/src/common/tusb_fifo.c.obj
 .text._tu_fifo_peek
                0x100068b4       0x56 CMakeFiles/main.dir/pico-sdk/lib/tinyusb/src/common/tusb_fifo.c.obj
 .text._ff_pull_const_addr
                0x1000690a       0x4c CMakeFiles/main.dir/pico-sdk/lib/tinyusb/src/common/tusb_fifo.c.obj
 .text._ff_pull_n
                0x10006956      0x110 CMakeFiles/main.dir/pico-sdk/lib/tinyusb/src/common/tusb_fifo.c.obj
 .text._tu_fifo_peek_n
                0x10006a66       0x6a CMakeFiles/main.dir/pico-sdk/lib/tinyusb/src/common/tusb_fifo.c.obj
 .text._tu_fifo_read_n
                0x10006ad0       0x4e CMakeFiles/main.dir/pico-sdk/lib/tinyusb/src/common/tusb_fifo.c.obj
 .text._ff_push_const_addr
                0x10006b1e       0x40 CMakeFiles/main.dir/pico-sdk/lib/tinyusb/src/common/tusb_fifo.c.obj
 .text._ff_push_n
                0x10006b5e      0x10c CMakeFiles/main.dir/pico-sdk/lib/tinyusb/src/common/tusb_fifo.c.obj
 .text._tu_fifo_write_n
                0x10006c6a       0xf0 CMakeFiles/main.dir/pico-sdk/lib/tinyusb/src/common/tusb_fifo.c.obj
 .text.tu_fifo_config
                0x10006d5a       0x7c CMakeFiles/main.dir/pico-sdk/lib/tinyusb/src/common/tusb_fifo.c.obj
                0x10006d5a                tu_fifo_config
 .text.tu_fifo_count
                0x10006dd6       0x2a CMakeFiles/main.dir/pico-sdk/lib/tinyusb/src/common/tusb_fifo.c.obj
                0x10006dd6                tu_fifo_count
 .text.tu_fifo_empty
                0x10006e00       0x10 CMakeFiles/main.dir/pico-sdk/lib/tinyusb/src/common/tusb_fifo.c.obj
                0x10006e00                tu_fifo_empty
 .text.tu_fifo_full
                0x10006e10       0x28 CMakeFiles/main.dir/pico-sdk/lib/tinyusb/src/common/tusb_fifo.c.obj
                0x10006e10                tu_fifo_full
 .text.tu_fifo_remaining
                0x10006e38       0x2c CMakeFiles/main.dir/pico-sdk/lib/tinyusb/src/common/tusb_fifo.c.obj
                0x10006e38                tu_fifo_remaining
 .text.tu_fifo_read
                0x10006e64       0x42 CMakeFiles/main.dir/pico-sdk/lib/tinyusb/src/common/tusb_fifo.c.obj
                0x10006e64                tu_fifo_read
 .text.tu_fifo_read_n
                0x10006ea6        0xa CMakeFiles/main.dir/pico-sdk/lib/tinyusb/src/common/tusb_fifo.c.obj
                0x10006ea6                tu_fifo_read_n
 .text.tu_fifo_write
                0x10006eb0       0x64 CMakeFiles/main.dir/pico-sdk/lib/tinyusb/src/common/tusb_fifo.c.obj
                0x10006eb0                tu_fifo_write
 .text.tu_fifo_write_n
                0x10006f14        0xa CMakeFiles/main.dir/pico-sdk/lib/tinyusb/src/common/tusb_fifo.c.obj
                0x10006f14                tu_fifo_write_n
 .text.tu_fifo_clear
                0x10006f1e       0x3e CMakeFiles/main.dir/pico-sdk/lib/tinyusb/src/common/tusb_fifo.c.obj
                0x10006f1e                tu_fifo_clear
 .text.tu_fifo_set_overwritable
                0x10006f5c       0x46 CMakeFiles/main.dir/pico-sdk/lib/tinyusb/src/common/tusb_fifo.c.obj
                0x10006f5c                tu_fifo_set_overwritable
 .text.i2c_write_blocking_internal
                0x10006fa2      0x140 CMakeFiles/main.dir/pico-sdk/src/rp2_common/hardware_i2c/i2c.c.obj
 .text.i2c_read_blocking_internal
                0x100070e2       0xe6 CMakeFiles/main.dir/pico-sdk/src/rp2_common/hardware_i2c/i2c.c.obj
 .text.i2c_set_baudrate
                0x100071c8       0xf0 CMakeFiles/main.dir/pico-sdk/src/rp2_common/hardware_i2c/i2c.c.obj
                0x100071c8                i2c_set_baudrate
 .text.i2c_init
                0x100072b8       0x58 CMakeFiles/main.dir/pico-sdk/src/rp2_common/hardware_i2c/i2c.c.obj
                0x100072b8                i2c_init
 .text.i2c_write_blocking
                0x10007310       0x18 CMakeFiles/main.dir/pico-sdk/src/rp2_common/hardware_i2c/i2c.c.obj
                0x10007310                i2c_write_blocking
 .text.i2c_read_blocking
                0x10007328       0x18 CMakeFiles/main.dir/pico-sdk/src/rp2_common/hardware_i2c/i2c.c.obj
                0x10007328                i2c_read_blocking
 .text.strlen   0x10007340       0x5c c:/progra~1/raspbe~1/picosd~1.1/gcc-ar~1/bin/../lib/gcc/arm-none-eabi/10.3.1/../../../../arm-none-eabi/lib/thumb/v6-m/nofp\libg.a(lib_a-strlen-stub.o)
                0x10007340                strlen
 *(.fini)
 .fini          0x1000739c        0x4 c:/progra~1/raspbe~1/picosd~1.1/gcc-ar~1/bin/../lib/gcc/arm-none-eabi/10.3.1/thumb/v6-m/nofp/crti.o
                0x1000739c                _fini
 .fini.__stub   0x100073a0       0xe0 linker stubs
 *crtbegin.o(.ctors)
 *crtbegin?.o(.ctors)
 *(EXCLUDE_FILE(*crtend.o *crtend?.o) .ctors)
 *(SORT_BY_NAME(.ctors.*))
 *(.ctors)
 *crtbegin.o(.dtors)
 *crtbegin?.o(.dtors)
 *(EXCLUDE_FILE(*crtend.o *crtend?.o) .dtors)
 *(SORT_BY_NAME(.dtors.*))
 *(.dtors)
 *(.eh_frame*)
 .eh_frame      0x10007480        0x0 c:/progra~1/raspbe~1/picosd~1.1/gcc-ar~1/bin/../lib/gcc/arm-none-eabi/10.3.1/thumb/v6-m/nofp/crtbegin.o
                0x10007480                . = ALIGN (0x4)

.glue_7         0x10007480        0x0
 .glue_7        0x10007480        0x0 linker stubs

.glue_7t        0x10007480        0x0
 .glue_7t       0x10007480        0x0 linker stubs

.vfp11_veneer   0x10007480        0x0
 .vfp11_veneer  0x10007480        0x0 linker stubs

.v4_bx          0x10007480        0x0
 .v4_bx         0x10007480        0x0 linker stubs

.iplt           0x10007480        0x0
 .iplt          0x10007480        0x0 c:/progra~1/raspbe~1/picosd~1.1/gcc-ar~1/bin/../lib/gcc/arm-none-eabi/10.3.1/thumb/v6-m/nofp/crtbegin.o

.rodata         0x10007480     0x1bac
 *(EXCLUDE_FILE(*libm.a: *libc.a:*lib_a-mem*.o *libgcc.a:) .rodata*)
 .rodata.main.str1.4
                0x10007480       0x18 CMakeFiles/main.dir/main.c.obj
 .rodata.__bi_47.0
                0x10007498        0x8 CMakeFiles/main.dir/main.c.obj
 .rodata.spin_lock_claim_unused.str1.4
                0x100074a0       0x1b CMakeFiles/main.dir/pico-sdk/src/rp2_common/hardware_sync/sync.c.obj
 *fill*         0x100074bb        0x1 
 .rodata.make_branch.str1.4
                0x100074bc       0xc0 CMakeFiles/main.dir/pico-sdk/src/rp2_common/hardware_irq/irq.c.obj
 .rodata.insert_branch_and_link.str1.4
                0x1000757c       0x10 CMakeFiles/main.dir/pico-sdk/src/rp2_common/hardware_irq/irq.c.obj
 .rodata.irq_set_exclusive_handler.str1.4
                0x1000758c       0x36 CMakeFiles/main.dir/pico-sdk/src/rp2_common/hardware_irq/irq.c.obj
 *fill*         0x100075c2        0x2 
 .rodata.irq_add_shared_handler.str1.4
                0x100075c4       0xd9 CMakeFiles/main.dir/pico-sdk/src/rp2_common/hardware_irq/irq.c.obj
 *fill*         0x1000769d        0x3 
 .rodata.irq_remove_handler.str1.4
                0x100076a0       0x3a CMakeFiles/main.dir/pico-sdk/src/rp2_common/hardware_irq/irq.c.obj
 *fill*         0x100076da        0x2 
 .rodata.irq_add_tail_to_free_list.str1.4
                0x100076dc       0x3a CMakeFiles/main.dir/pico-sdk/src/rp2_common/hardware_irq/irq.c.obj
 *fill*         0x10007716        0x2 
 .rodata.user_irq_claim_unused.str1.4
                0x10007718       0x1b CMakeFiles/main.dir/pico-sdk/src/rp2_common/hardware_irq/irq.c.obj
 *fill*         0x10007733        0x1 
 .rodata.__func__.0
                0x10007734       0x1a CMakeFiles/main.dir/pico-sdk/src/rp2_common/hardware_irq/irq.c.obj
 *fill*         0x1000774e        0x2 
 .rodata.__func__.1
                0x10007750       0x17 CMakeFiles/main.dir/pico-sdk/src/rp2_common/hardware_irq/irq.c.obj
 *fill*         0x10007767        0x1 
 .rodata.__func__.2
                0x10007768       0x13 CMakeFiles/main.dir/pico-sdk/src/rp2_common/hardware_irq/irq.c.obj
 *fill*         0x1000777b        0x1 
 .rodata.__func__.3
                0x1000777c        0xc CMakeFiles/main.dir/pico-sdk/src/rp2_common/hardware_irq/irq.c.obj
 .rodata.__func__.4
                0x10007788        0xf CMakeFiles/main.dir/pico-sdk/src/rp2_common/hardware_irq/irq.c.obj
 *fill*         0x10007797        0x1 
 .rodata.__func__.5
                0x10007798       0x17 CMakeFiles/main.dir/pico-sdk/src/rp2_common/hardware_irq/irq.c.obj
 *fill*         0x100077af        0x1 
 .rodata.__func__.6
                0x100077b0       0x1a CMakeFiles/main.dir/pico-sdk/src/rp2_common/hardware_irq/irq.c.obj
 *fill*         0x100077ca        0x2 
 .rodata.str1.4
                0x100077cc      0x191 CMakeFiles/main.dir/pico-sdk/src/common/pico_sync/mutex.c.obj
 *fill*         0x1000795d        0x3 
 .rodata.__func__.1
                0x10007960        0xb CMakeFiles/main.dir/pico-sdk/src/common/pico_sync/mutex.c.obj
 *fill*         0x1000796b        0x1 
 .rodata.__func__.3
                0x1000796c       0x18 CMakeFiles/main.dir/pico-sdk/src/common/pico_sync/mutex.c.obj
 .rodata.__func__.4
                0x10007984       0x15 CMakeFiles/main.dir/pico-sdk/src/common/pico_sync/mutex.c.obj
 *fill*         0x10007999        0x3 
 .rodata.repeating_timer_callback.str1.4
                0x1000799c       0x9e CMakeFiles/main.dir/pico-sdk/src/common/pico_time/time.c.obj
 *fill*         0x10007a3a        0x2 
 .rodata.timer_pool_entry_comparator.str1.4
                0x10007a3c       0x22 CMakeFiles/main.dir/pico-sdk/src/common/pico_time/time.c.obj
 *fill*         0x10007a5e        0x2 
 .rodata.ph_add_child_node.str1.4
                0x10007a60       0xea CMakeFiles/main.dir/pico-sdk/src/common/pico_time/time.c.obj
 *fill*         0x10007b4a        0x2 
 .rodata.add_alarm_under_lock.str1.4
                0x10007b4c       0x28 CMakeFiles/main.dir/pico-sdk/src/common/pico_time/time.c.obj
                                 0x2b (size before relaxing)
 .rodata.alarm_pool_alarm_callback.str1.4
                0x10007b74       0x98 CMakeFiles/main.dir/pico-sdk/src/common/pico_time/time.c.obj
                                0x14c (size before relaxing)
 .rodata.alarm_pool_get_default.str1.4
                0x10007c0c       0x21 CMakeFiles/main.dir/pico-sdk/src/common/pico_time/time.c.obj
 *fill*         0x10007c2d        0x3 
 .rodata.alarm_pool_cancel_alarm.str1.4
                0x10007c30       0x27 CMakeFiles/main.dir/pico-sdk/src/common/pico_time/time.c.obj
 *fill*         0x10007c57        0x1 
 .rodata.sleep_until.str1.4
                0x10007c58       0x4d CMakeFiles/main.dir/pico-sdk/src/common/pico_time/time.c.obj
 *fill*         0x10007ca5        0x3 
 .rodata.__func__.1
                0x10007ca8       0x18 CMakeFiles/main.dir/pico-sdk/src/common/pico_time/time.c.obj
 .rodata.__func__.10
                0x10007cc0       0x15 CMakeFiles/main.dir/pico-sdk/src/common/pico_time/time.c.obj
 *fill*         0x10007cd5        0x3 
 .rodata.__func__.11
                0x10007cd8       0x1a CMakeFiles/main.dir/pico-sdk/src/common/pico_time/time.c.obj
 *fill*         0x10007cf2        0x2 
 .rodata.__func__.12
                0x10007cf4        0xa CMakeFiles/main.dir/pico-sdk/src/common/pico_time/time.c.obj
 *fill*         0x10007cfe        0x2 
 .rodata.__func__.3
                0x10007d00       0x17 CMakeFiles/main.dir/pico-sdk/src/common/pico_time/time.c.obj
 *fill*         0x10007d17        0x1 
 .rodata.__func__.4
                0x10007d18       0x12 CMakeFiles/main.dir/pico-sdk/src/common/pico_time/time.c.obj
 *fill*         0x10007d2a        0x2 
 .rodata.__func__.5
                0x10007d2c        0xd CMakeFiles/main.dir/pico-sdk/src/common/pico_time/time.c.obj
 *fill*         0x10007d39        0x3 
 .rodata.__func__.6
                0x10007d3c       0x12 CMakeFiles/main.dir/pico-sdk/src/common/pico_time/time.c.obj
 *fill*         0x10007d4e        0x2 
 .rodata.__func__.7
                0x10007d50        0xf CMakeFiles/main.dir/pico-sdk/src/common/pico_time/time.c.obj
 *fill*         0x10007d5f        0x1 
 .rodata.__func__.8
                0x10007d60        0xc CMakeFiles/main.dir/pico-sdk/src/common/pico_time/time.c.obj
 .rodata.__func__.9
                0x10007d6c       0x15 CMakeFiles/main.dir/pico-sdk/src/common/pico_time/time.c.obj
 *fill*         0x10007d81        0x3 
 .rodata.hardware_alarm_claim.str1.4
                0x10007d84       0x22 CMakeFiles/main.dir/pico-sdk/src/rp2_common/hardware_timer/timer.c.obj
 *fill*         0x10007da6        0x2 
 .rodata.hardware_alarm_set_target.str1.4
                0x10007da8       0xb8 CMakeFiles/main.dir/pico-sdk/src/rp2_common/hardware_timer/timer.c.obj
 .rodata.__func__.0
                0x10007e60       0x1a CMakeFiles/main.dir/pico-sdk/src/rp2_common/hardware_timer/timer.c.obj
 .rodata.ph_add_child_node.str1.4
                0x10007e7a       0xea CMakeFiles/main.dir/pico-sdk/src/common/pico_util/pheap.c.obj
 *fill*         0x10007e7a        0x2 
 .rodata.ph_remove_any_head.str1.4
                0x10007e7c       0xe0 CMakeFiles/main.dir/pico-sdk/src/common/pico_util/pheap.c.obj
                                 0xf4 (size before relaxing)
 .rodata.ph_remove_and_free_node.str1.4
                0x10007f5c       0x1e CMakeFiles/main.dir/pico-sdk/src/common/pico_util/pheap.c.obj
                                 0x26 (size before relaxing)
 *fill*         0x10007f7a        0x2 
 .rodata.__func__.0
                0x10007f7c       0x18 CMakeFiles/main.dir/pico-sdk/src/common/pico_util/pheap.c.obj
 .rodata.__func__.1
                0x10007f94       0x13 CMakeFiles/main.dir/pico-sdk/src/common/pico_util/pheap.c.obj
 *fill*         0x10007fa7        0x1 
 .rodata.__func__.2
                0x10007fa8       0x12 CMakeFiles/main.dir/pico-sdk/src/common/pico_util/pheap.c.obj
 *fill*         0x10007fba        0x2 
 .rodata.__func__.3
                0x10007fbc        0xc CMakeFiles/main.dir/pico-sdk/src/common/pico_util/pheap.c.obj
 .rodata.clock_configure.str1.4
                0x10007fc8       0xaa CMakeFiles/main.dir/pico-sdk/src/rp2_common/hardware_clocks/clocks.c.obj
 *fill*         0x10008072        0x2 
 .rodata.__func__.1
                0x10008074       0x10 CMakeFiles/main.dir/pico-sdk/src/rp2_common/hardware_clocks/clocks.c.obj
 .rodata.pll_init.str1.4
                0x10008084      0x174 CMakeFiles/main.dir/pico-sdk/src/rp2_common/hardware_pll/pll.c.obj
 .rodata.__func__.0
                0x100081f8        0x9 CMakeFiles/main.dir/pico-sdk/src/rp2_common/hardware_pll/pll.c.obj
 *fill*         0x10008201        0x3 
 .rodata.__assert_func.str1.4
                0x10008204       0x3f CMakeFiles/main.dir/pico-sdk/src/rp2_common/pico_runtime/runtime.c.obj
                                 0x43 (size before relaxing)
 *fill*         0x10008243        0x1 
 .rodata.runtime_init.str1.4
                0x10008244       0xb4 CMakeFiles/main.dir/pico-sdk/src/rp2_common/pico_runtime/runtime.c.obj
 .rodata.panic.str1.4
                0x100082f8       0x12 CMakeFiles/main.dir/pico-sdk/src/rp2_common/pico_runtime/runtime.c.obj
 *fill*         0x1000830a        0x2 
 .rodata.__func__.2
                0x1000830c        0xd CMakeFiles/main.dir/pico-sdk/src/rp2_common/pico_runtime/runtime.c.obj
 *fill*         0x10008319        0x3 
 .rodata._ftoa.str1.4
                0x1000831c       0x15 CMakeFiles/main.dir/pico-sdk/src/rp2_common/pico_printf/printf.c.obj
 *fill*         0x10008331        0x3 
 .rodata._vsnprintf
                0x10008334      0x1e0 CMakeFiles/main.dir/pico-sdk/src/rp2_common/pico_printf/printf.c.obj
 *fill*         0x10008514        0x4 
 .rodata.pow10.0
                0x10008518       0x50 CMakeFiles/main.dir/pico-sdk/src/rp2_common/pico_printf/printf.c.obj
 .rodata.__aeabi_double_init.str1.4
                0x10008568       0xef CMakeFiles/main.dir/pico-sdk/src/rp2_common/pico_double/double_init_rom.c.obj
 *fill*         0x10008657        0x1 
 .rodata.__func__.0
                0x10008658       0x14 CMakeFiles/main.dir/pico-sdk/src/rp2_common/pico_double/double_init_rom.c.obj
 .rodata.__aeabi_float_init.str1.4
                0x1000866c       0xcd CMakeFiles/main.dir/pico-sdk/src/rp2_common/pico_float/float_init_rom.c.obj
                                 0xd1 (size before relaxing)
 *fill*         0x10008739        0x3 
 .rodata.__func__.0
                0x1000873c       0x13 CMakeFiles/main.dir/pico-sdk/src/rp2_common/pico_float/float_init_rom.c.obj
 *fill*         0x1000874f        0x1 
 .rodata.str1.4
                0x10008750       0x3c CMakeFiles/main.dir/pico-sdk/src/rp2_common/pico_standard_link/binary_info.c.obj
 .rodata.__bi_44
                0x1000878c        0xc CMakeFiles/main.dir/pico-sdk/src/rp2_common/pico_standard_link/binary_info.c.obj
 .rodata.__bi_75
                0x10008798        0xc CMakeFiles/main.dir/pico-sdk/src/rp2_common/pico_standard_link/binary_info.c.obj
 .rodata.__bi_81
                0x100087a4        0xc CMakeFiles/main.dir/pico-sdk/src/rp2_common/pico_standard_link/binary_info.c.obj
 .rodata.stdout_serialize_begin.str1.4
                0x100087b0       0xb4 CMakeFiles/main.dir/pico-sdk/src/rp2_common/pico_stdio/stdio.c.obj
 .rodata.__func__.3
                0x100087b0       0x15 CMakeFiles/main.dir/pico-sdk/src/rp2_common/pico_stdio/stdio.c.obj
 *fill*         0x100087c5        0x3 
 .rodata.crlf_str.2
                0x100087c8        0x2 CMakeFiles/main.dir/pico-sdk/src/rp2_common/pico_stdio/stdio.c.obj
 *fill*         0x100087ca        0x2 
 .rodata._resetd_driver
                0x100087cc       0x18 CMakeFiles/main.dir/pico-sdk/src/rp2_common/pico_stdio_usb/reset_interface.c.obj
 .rodata.low_priority_worker_irq.str1.4
                0x100087e4       0xb4 CMakeFiles/main.dir/pico-sdk/src/rp2_common/pico_stdio_usb/stdio_usb.c.obj
 .rodata.stdio_usb_init.str1.4
                0x100087e4       0x98 CMakeFiles/main.dir/pico-sdk/src/rp2_common/pico_stdio_usb/stdio_usb.c.obj
                                 0xa0 (size before relaxing)
 .rodata.str1.4
                0x1000887c       0x13 CMakeFiles/main.dir/pico-sdk/src/rp2_common/pico_stdio_usb/stdio_usb.c.obj
 *fill*         0x1000888f        0x1 
 .rodata.__bi_182.0
                0x10008890        0xc CMakeFiles/main.dir/pico-sdk/src/rp2_common/pico_stdio_usb/stdio_usb.c.obj
 .rodata.__func__.1
                0x1000889c        0xf CMakeFiles/main.dir/pico-sdk/src/rp2_common/pico_stdio_usb/stdio_usb.c.obj
 *fill*         0x100088ab        0x1 
 .rodata.__func__.3
                0x100088ac       0x15 CMakeFiles/main.dir/pico-sdk/src/rp2_common/pico_stdio_usb/stdio_usb.c.obj
 *fill*         0x100088c1        0x3 
 .rodata.str1.4
                0x100088c4       0x2a CMakeFiles/main.dir/pico-sdk/src/rp2_common/pico_stdio_usb/stdio_usb_descriptors.c.obj
 *fill*         0x100088ee        0x2 
 .rodata.usbd_desc_cfg
                0x100088f0       0x54 CMakeFiles/main.dir/pico-sdk/src/rp2_common/pico_stdio_usb/stdio_usb_descriptors.c.obj
 .rodata.usbd_desc_device
                0x10008944       0x12 CMakeFiles/main.dir/pico-sdk/src/rp2_common/pico_stdio_usb/stdio_usb_descriptors.c.obj
 *fill*         0x10008956        0x2 
 .rodata.usbd_desc_str
                0x10008958       0x18 CMakeFiles/main.dir/pico-sdk/src/rp2_common/pico_stdio_usb/stdio_usb_descriptors.c.obj
 .rodata.pico_get_unique_board_id_string.str1.4
                0x10008970       0xa0 CMakeFiles/main.dir/pico-sdk/src/rp2_common/pico_unique_id/unique_id.c.obj
 .rodata.__func__.0
                0x10008a10       0x20 CMakeFiles/main.dir/pico-sdk/src/rp2_common/pico_unique_id/unique_id.c.obj
 .rodata.str1.4
                0x10008a30      0x1aa CMakeFiles/main.dir/pico-sdk/src/rp2_common/hardware_flash/flash.c.obj
 *fill*         0x10008bda        0x2 
 .rodata.__func__.0
                0x10008bdc        0xd CMakeFiles/main.dir/pico-sdk/src/rp2_common/hardware_flash/flash.c.obj
 *fill*         0x10008be9        0x3 
 .rodata._hw_endpoint_alloc.str1.4
                0x10008bec      0x109 CMakeFiles/main.dir/pico-sdk/lib/tinyusb/src/portable/raspberrypi/rp2040/dcd_rp2040.c.obj
 *fill*         0x10008cf5        0x3 
 .rodata.str1.4
                0x10008cf8       0x14 CMakeFiles/main.dir/pico-sdk/lib/tinyusb/src/portable/raspberrypi/rp2040/dcd_rp2040.c.obj
 .rodata.dcd_int_enable.str1.4
                0x10008d0c        0xc CMakeFiles/main.dir/pico-sdk/lib/tinyusb/src/portable/raspberrypi/rp2040/dcd_rp2040.c.obj
 .rodata.__func__.0
                0x10008d18        0xe CMakeFiles/main.dir/pico-sdk/lib/tinyusb/src/portable/raspberrypi/rp2040/dcd_rp2040.c.obj
 *fill*         0x10008d26        0x2 
 .rodata.__func__.1
                0x10008d28        0xe CMakeFiles/main.dir/pico-sdk/lib/tinyusb/src/portable/raspberrypi/rp2040/dcd_rp2040.c.obj
 *fill*         0x10008d36        0x2 
 .rodata.__func__.3
                0x10008d38       0x10 CMakeFiles/main.dir/pico-sdk/lib/tinyusb/src/portable/raspberrypi/rp2040/dcd_rp2040.c.obj
 .rodata.__func__.5
                0x10008d48        0xf CMakeFiles/main.dir/pico-sdk/lib/tinyusb/src/portable/raspberrypi/rp2040/dcd_rp2040.c.obj
 *fill*         0x10008d57        0x1 
 .rodata.__func__.6
                0x10008d58       0x13 CMakeFiles/main.dir/pico-sdk/lib/tinyusb/src/portable/raspberrypi/rp2040/dcd_rp2040.c.obj
 *fill*         0x10008d6b        0x1 
 .rodata.__func__.7
                0x10008d6c        0x9 CMakeFiles/main.dir/pico-sdk/lib/tinyusb/src/portable/raspberrypi/rp2040/dcd_rp2040.c.obj
 *fill*         0x10008d75        0x3 
 .rodata.str1.4
                0x10008d78      0x13b CMakeFiles/main.dir/pico-sdk/lib/tinyusb/src/portable/raspberrypi/rp2040/rp2040_usb.c.obj
 *fill*         0x10008eb3        0x1 
 .rodata.__func__.0
                0x10008eb4        0xf CMakeFiles/main.dir/pico-sdk/lib/tinyusb/src/portable/raspberrypi/rp2040/rp2040_usb.c.obj
 *fill*         0x10008ec3        0x1 
 .rodata.process_get_descriptor
                0x10008ec4       0x40 CMakeFiles/main.dir/pico-sdk/lib/tinyusb/src/device/usbd.c.obj
 .rodata.process_control_request
                0x10008f04       0x28 CMakeFiles/main.dir/pico-sdk/lib/tinyusb/src/device/usbd.c.obj
 .rodata.tud_task_ext
                0x10008f2c       0x24 CMakeFiles/main.dir/pico-sdk/lib/tinyusb/src/device/usbd.c.obj
 .rodata._usbd_driver
                0x10008f50       0x18 CMakeFiles/main.dir/pico-sdk/lib/tinyusb/src/device/usbd.c.obj
 .rodata.i2c_set_baudrate.str1.4
                0x10008f68       0xb0 CMakeFiles/main.dir/pico-sdk/src/rp2_common/hardware_i2c/i2c.c.obj
 .rodata.__func__.0
                0x10009018       0x11 CMakeFiles/main.dir/pico-sdk/src/rp2_common/hardware_i2c/i2c.c.obj
                0x1000902c                . = ALIGN (0x4)
 *fill*         0x10009029        0x3 
 *(SORT_BY_ALIGNMENT(SORT_BY_NAME(.flashdata*)))
                0x1000902c                . = ALIGN (0x4)

.ARM.extab
 *(.ARM.extab* .gnu.linkonce.armextab.*)
                0x1000902c                __exidx_start = .

.ARM.exidx
 *(.ARM.exidx* .gnu.linkonce.armexidx.*)
                0x1000902c                __exidx_end = .
                0x1000902c                . = ALIGN (0x4)
                0x1000902c                __binary_info_start = .

.binary_info    0x1000902c       0x24
 *(.binary_info.keep.*)
 .binary_info.keep.__bi_ptr47
                0x1000902c        0x4 CMakeFiles/main.dir/main.c.obj
 .binary_info.keep.__bi_ptr22
                0x10009030        0x4 CMakeFiles/main.dir/pico-sdk/src/rp2_common/pico_standard_link/binary_info.c.obj
 .binary_info.keep.__bi_ptr30
                0x10009034        0x4 CMakeFiles/main.dir/pico-sdk/src/rp2_common/pico_standard_link/binary_info.c.obj
 .binary_info.keep.__bi_ptr38
                0x10009038        0x4 CMakeFiles/main.dir/pico-sdk/src/rp2_common/pico_standard_link/binary_info.c.obj
 .binary_info.keep.__bi_ptr44
                0x1000903c        0x4 CMakeFiles/main.dir/pico-sdk/src/rp2_common/pico_standard_link/binary_info.c.obj
 .binary_info.keep.__bi_ptr50
                0x10009040        0x4 CMakeFiles/main.dir/pico-sdk/src/rp2_common/pico_standard_link/binary_info.c.obj
 .binary_info.keep.__bi_ptr75
                0x10009044        0x4 CMakeFiles/main.dir/pico-sdk/src/rp2_common/pico_standard_link/binary_info.c.obj
 .binary_info.keep.__bi_ptr81
                0x10009048        0x4 CMakeFiles/main.dir/pico-sdk/src/rp2_common/pico_standard_link/binary_info.c.obj
 *(.binary_info.*)
 .binary_info.__bi_ptr182
                0x1000904c        0x4 CMakeFiles/main.dir/pico-sdk/src/rp2_common/pico_stdio_usb/stdio_usb.c.obj
                0x10009050                __binary_info_end = .

.rel.dyn        0x10009050        0x0
 .rel.iplt      0x10009050        0x0 c:/progra~1/raspbe~1/picosd~1.1/gcc-ar~1/bin/../lib/gcc/arm-none-eabi/10.3.1/thumb/v6-m/nofp/crtbegin.o
                0x10009050                . = ALIGN (0x4)

.ram_vector_table
                0x20000000       0xc0
 *(.ram_vector_table)
 .ram_vector_table
                0x20000000       0xc0 CMakeFiles/main.dir/pico-sdk/src/rp2_common/pico_runtime/runtime.c.obj
                0x20000000                ram_vector_table

.data           0x200000c0      0xc00 load address 0x10009050
                0x200000c0                __data_start__ = .
 *(vtable)
 *(.time_critical*)
 .time_critical.mutex_try_enter
                0x200000c0       0x46 CMakeFiles/main.dir/pico-sdk/src/common/pico_sync/mutex.c.obj
                0x200000c0                mutex_try_enter
 *fill*         0x20000106        0x2 
 .time_critical.mutex_enter_block_until
                0x20000108       0x8c CMakeFiles/main.dir/pico-sdk/src/common/pico_sync/mutex.c.obj
                0x20000108                mutex_enter_block_until
 .time_critical.mutex_try_enter_block_until
                0x20000194       0x34 CMakeFiles/main.dir/pico-sdk/src/common/pico_sync/mutex.c.obj
                0x20000194                mutex_try_enter_block_until
 .time_critical.mutex_enter_timeout_ms
                0x200001c8       0x68 CMakeFiles/main.dir/pico-sdk/src/common/pico_sync/mutex.c.obj
                0x200001c8                mutex_enter_timeout_ms
 .time_critical.mutex_exit
                0x20000230       0x4c CMakeFiles/main.dir/pico-sdk/src/common/pico_sync/mutex.c.obj
                0x20000230                mutex_exit
 .time_critical.flash_init_boot2_copyout
                0x2000027c       0x30 CMakeFiles/main.dir/pico-sdk/src/rp2_common/hardware_flash/flash.c.obj
 .time_critical.flash_enable_xip_via_boot2
                0x200002ac       0x10 CMakeFiles/main.dir/pico-sdk/src/rp2_common/hardware_flash/flash.c.obj
 .time_critical.flash_cs_force
                0x200002bc       0x28 CMakeFiles/main.dir/pico-sdk/src/rp2_common/hardware_flash/flash.c.obj
 .time_critical.flash_do_cmd
                0x200002e4       0xd8 CMakeFiles/main.dir/pico-sdk/src/rp2_common/hardware_flash/flash.c.obj
                0x200002e4                flash_do_cmd
 .time_critical.reset_non_control_endpoints
                0x200003bc       0x40 CMakeFiles/main.dir/pico-sdk/lib/tinyusb/src/portable/raspberrypi/rp2040/dcd_rp2040.c.obj
 .time_critical.hw_handle_buff_status
                0x200003fc       0xa4 CMakeFiles/main.dir/pico-sdk/lib/tinyusb/src/portable/raspberrypi/rp2040/dcd_rp2040.c.obj
 .time_critical.dcd_rp2040_irq
                0x200004a0      0x1cc CMakeFiles/main.dir/pico-sdk/lib/tinyusb/src/portable/raspberrypi/rp2040/dcd_rp2040.c.obj
 .time_critical.e15_is_bulkin_ep
                0x2000066c       0x2c CMakeFiles/main.dir/pico-sdk/lib/tinyusb/src/portable/raspberrypi/rp2040/rp2040_usb.c.obj
 .time_critical.e15_is_critical_frame_period
                0x20000698       0x30 CMakeFiles/main.dir/pico-sdk/lib/tinyusb/src/portable/raspberrypi/rp2040/rp2040_usb.c.obj
 .time_critical.prepare_ep_buffer
                0x200006c8       0x70 CMakeFiles/main.dir/pico-sdk/lib/tinyusb/src/portable/raspberrypi/rp2040/rp2040_usb.c.obj
 .time_critical.sync_ep_buffer
                0x20000738       0x80 CMakeFiles/main.dir/pico-sdk/lib/tinyusb/src/portable/raspberrypi/rp2040/rp2040_usb.c.obj
 .time_critical._hw_endpoint_xfer_sync
                0x200007b8       0x28 CMakeFiles/main.dir/pico-sdk/lib/tinyusb/src/portable/raspberrypi/rp2040/rp2040_usb.c.obj
 .time_critical.hw_endpoint_reset_transfer
                0x200007e0        0xc CMakeFiles/main.dir/pico-sdk/lib/tinyusb/src/portable/raspberrypi/rp2040/rp2040_usb.c.obj
                0x200007e0                hw_endpoint_reset_transfer
 .time_critical._hw_endpoint_buffer_control_update32
                0x200007ec       0x58 CMakeFiles/main.dir/pico-sdk/lib/tinyusb/src/portable/raspberrypi/rp2040/rp2040_usb.c.obj
                0x200007ec                _hw_endpoint_buffer_control_update32
 .time_critical.hw_endpoint_start_next_buffer
                0x20000844       0x88 CMakeFiles/main.dir/pico-sdk/lib/tinyusb/src/portable/raspberrypi/rp2040/rp2040_usb.c.obj
                0x20000844                hw_endpoint_start_next_buffer
 .time_critical.hw_endpoint_xfer_continue
                0x200008cc       0x50 CMakeFiles/main.dir/pico-sdk/lib/tinyusb/src/portable/raspberrypi/rp2040/rp2040_usb.c.obj
                0x200008cc                hw_endpoint_xfer_continue
 .time_critical.tinyusb
                0x2000091c      0x200 CMakeFiles/main.dir/pico-sdk/lib/tinyusb/src/device/usbd.c.obj
                0x2000091c                dcd_event_handler
 *(.text*)
 .text          0x20000b1c        0x4 c:/progra~1/raspbe~1/picosd~1.1/gcc-ar~1/bin/../lib/gcc/arm-none-eabi/10.3.1/thumb/v6-m/nofp\libgcc.a(_dvmd_tls.o)
                0x20000b1c                __aeabi_idiv0
                0x20000b1c                __aeabi_ldiv0
 .text.__stub   0x20000b20       0x90 linker stubs
                0x20000bb0                . = ALIGN (0x4)
 *(.rodata*)
                0x20000bb0                . = ALIGN (0x4)
 *(.data*)
 .data.striped_spin_lock_num
                0x20000bb0        0x1 CMakeFiles/main.dir/pico-sdk/src/rp2_common/hardware_sync/sync.c.obj
 *fill*         0x20000bb1        0x3 
 .data          0x20000bb4       0x48 CMakeFiles/main.dir/pico-sdk/src/rp2_common/hardware_irq/irq_handler_chain.S.obj
                0x20000bb4                irq_handler_chain_slots
                0x20000be4                irq_handler_chain_first_slot
                0x20000bee                irq_handler_chain_remove_tail
 .data.default_alarm_pool
                0x20000bfc       0x18 CMakeFiles/main.dir/pico-sdk/src/common/pico_time/time.c.obj
 .data.default_alarm_pool_heap
                0x20000c14       0x10 CMakeFiles/main.dir/pico-sdk/src/common/pico_time/time.c.obj
 *fill*         0x20000c24        0xc 
 .data.aeabi_bits_funcs
                0x20000c30       0x10 CMakeFiles/main.dir/pico-sdk/src/rp2_common/pico_bit_ops/bit_ops_aeabi.S.obj
                0x20000c30                aeabi_bits_funcs
                0x20000c40                aeabi_bits_funcs_end
 .data.aeabi_mem_funcs
                0x20000c40       0x10 CMakeFiles/main.dir/pico-sdk/src/rp2_common/pico_mem_ops/mem_ops_aeabi.S.obj
                0x20000c40                aeabi_mem_funcs
                0x20000c50                aeabi_mem_funcs_end
 .data.stdio_usb
                0x20000c50       0x18 CMakeFiles/main.dir/pico-sdk/src/rp2_common/pico_stdio_usb/stdio_usb.c.obj
                0x20000c50                stdio_usb
 .data.ep_dir_string
                0x20000c68        0x8 CMakeFiles/main.dir/pico-sdk/lib/tinyusb/src/portable/raspberrypi/rp2040/rp2040_usb.c.obj
                0x20000c68                ep_dir_string
 .data._usbd_qdef
                0x20000c70       0x1c CMakeFiles/main.dir/pico-sdk/lib/tinyusb/src/device/usbd.c.obj
                0x20000c70                _usbd_qdef
 .data._usbd_rhport
                0x20000c8c        0x1 CMakeFiles/main.dir/pico-sdk/lib/tinyusb/src/device/usbd.c.obj
 *fill*         0x20000c8d        0x3 
 .data.i2c0_inst
                0x20000c90        0x8 CMakeFiles/main.dir/pico-sdk/src/rp2_common/hardware_i2c/i2c.c.obj
                0x20000c90                i2c0_inst
 .data.i2c1_inst
                0x20000c98        0x8 CMakeFiles/main.dir/pico-sdk/src/rp2_common/hardware_i2c/i2c.c.obj
                0x20000c98                i2c1_inst
                0x20000ca0                . = ALIGN (0x4)
 *(.after_data.*)
                0x20000ca0                . = ALIGN (0x4)
                0x20000ca0                PROVIDE (__mutex_array_start = .)
 *(SORT_BY_NAME(.mutex_array.*))
 *(.mutex_array)
 .mutex_array   0x20000ca0        0x8 CMakeFiles/main.dir/pico-sdk/src/rp2_common/pico_stdio/stdio.c.obj
                0x20000ca8                PROVIDE (__mutex_array_end = .)
                0x20000ca8                . = ALIGN (0x4)
                0x20000ca8                PROVIDE (__preinit_array_start = .)
 *(SORT_BY_NAME(.preinit_array.*))
 .preinit_array.00001
                0x20000ca8        0x4 CMakeFiles/main.dir/pico-sdk/src/rp2_common/pico_mem_ops/mem_ops_aeabi.S.obj
 .preinit_array.00010
                0x20000cac        0x4 CMakeFiles/main.dir/pico-sdk/src/rp2_common/pico_bit_ops/bit_ops_aeabi.S.obj
 .preinit_array.00020
                0x20000cb0        0x4 CMakeFiles/main.dir/pico-sdk/src/rp2_common/pico_double/double_aeabi.S.obj
 .preinit_array.00020
                0x20000cb4        0x4 CMakeFiles/main.dir/pico-sdk/src/rp2_common/pico_float/float_aeabi.S.obj
 *(.preinit_array)
                0x20000cb8                PROVIDE (__preinit_array_end = .)
                0x20000cb8                . = ALIGN (0x4)
                0x20000cb8                PROVIDE (__init_array_start = .)
 *(SORT_BY_NAME(.init_array.*))
 *(.init_array)
 .init_array    0x20000cb8        0x4 c:/progra~1/raspbe~1/picosd~1.1/gcc-ar~1/bin/../lib/gcc/arm-none-eabi/10.3.1/thumb/v6-m/nofp/crtbegin.o
 .init_array    0x20000cbc        0x4 CMakeFiles/main.dir/pico-sdk/src/rp2_common/pico_unique_id/unique_id.c.obj
                0x20000cc0                PROVIDE (__init_array_end = .)
                0x20000cc0                . = ALIGN (0x4)
                [!provide]                PROVIDE (__fini_array_start = .)
 *(SORT_BY_NAME(.fini_array.*))
 *(.fini_array)
                [!provide]                PROVIDE (__fini_array_end = .)
 *(.jcr)
                0x20000cc0                . = ALIGN (0x4)
                0x20000cc0                __data_end__ = .
                0x10009050                __etext = LOADADDR (.data)

.igot.plt       0x20000cc0        0x0 load address 0x10009c50
 .igot.plt      0x20000cc0        0x0 c:/progra~1/raspbe~1/picosd~1.1/gcc-ar~1/bin/../lib/gcc/arm-none-eabi/10.3.1/thumb/v6-m/nofp/crtbegin.o

.uninitialized_data
                0x20000cc0        0x0 load address 0x10009c50
                0x20000cc0                . = ALIGN (0x4)
 *(.uninitialized_data*)

.scratch_x      0x20040000        0x0 load address 0x10009c50
                0x20040000                __scratch_x_start__ = .
 *(.scratch_x.*)
                0x20040000                . = ALIGN (0x4)
                0x20040000                __scratch_x_end__ = .
                0x10009c50                __scratch_x_source__ = LOADADDR (.scratch_x)

.scratch_y      0x20041000        0x0 load address 0x10009c50
                0x20041000                __scratch_y_start__ = .
 *(.scratch_y.*)
                0x20041000                . = ALIGN (0x4)
                0x20041000                __scratch_y_end__ = .
                0x10009c50                __scratch_y_source__ = LOADADDR (.scratch_y)

.bss            0x20000cc0      0xd84
                0x20000cc0                . = ALIGN (0x4)
                0x20000cc0                __bss_start__ = .
 *(SORT_BY_ALIGNMENT(SORT_BY_NAME(.bss*)))
 .bss.default_alarm_pool_entries
                0x20000cc0      0x100 CMakeFiles/main.dir/pico-sdk/src/common/pico_time/time.c.obj
 .bss.last_avail_time.2
                0x20000dc0        0x8 CMakeFiles/main.dir/pico-sdk/src/rp2_common/pico_stdio_usb/stdio_usb.c.obj
 .bss           0x20000dc8       0x1c c:/progra~1/raspbe~1/picosd~1.1/gcc-ar~1/bin/../lib/gcc/arm-none-eabi/10.3.1/thumb/v6-m/nofp/crtbegin.o
 .bss._app_driver
                0x20000de4        0x4 CMakeFiles/main.dir/pico-sdk/lib/tinyusb/src/device/usbd.c.obj
 .bss._cdcd_itf
                0x20000de8      0x2c8 CMakeFiles/main.dir/pico-sdk/lib/tinyusb/src/class/cdc/cdc_device.c.obj
 .bss._ctrl_xfer
                0x200010b0       0x14 CMakeFiles/main.dir/pico-sdk/lib/tinyusb/src/device/usbd_control.c.obj
 .bss._ubsd_mutexdef
                0x200010c4        0x8 CMakeFiles/main.dir/pico-sdk/lib/tinyusb/src/device/usbd.c.obj
 .bss._usbd_ctrl_buf
                0x200010cc       0x40 CMakeFiles/main.dir/pico-sdk/lib/tinyusb/src/device/usbd_control.c.obj
 .bss._usbd_dev
                0x2000110c       0x53 CMakeFiles/main.dir/pico-sdk/lib/tinyusb/src/device/usbd.c.obj
 *fill*         0x2000115f        0x1 
 .bss._usbd_mutex
                0x20001160        0x4 CMakeFiles/main.dir/pico-sdk/lib/tinyusb/src/device/usbd.c.obj
 .bss._usbd_q   0x20001164        0x4 CMakeFiles/main.dir/pico-sdk/lib/tinyusb/src/device/usbd.c.obj
 .bss._usbd_qdef_buf
                0x20001168       0xc0 CMakeFiles/main.dir/pico-sdk/lib/tinyusb/src/device/usbd.c.obj
                0x20001168                _usbd_qdef_buf
 .bss.alarm_callbacks
                0x20001228       0x10 CMakeFiles/main.dir/pico-sdk/src/rp2_common/hardware_timer/timer.c.obj
 .bss.boot2_copyout
                0x20001238      0x100 CMakeFiles/main.dir/pico-sdk/src/rp2_common/hardware_flash/flash.c.obj
 .bss.chars_available_callback
                0x20001338        0x4 CMakeFiles/main.dir/pico-sdk/src/rp2_common/pico_stdio_usb/stdio_usb.c.obj
 .bss.chars_available_param
                0x2000133c        0x4 CMakeFiles/main.dir/pico-sdk/src/rp2_common/pico_stdio_usb/stdio_usb.c.obj
 .bss.claimed   0x20001340        0x4 CMakeFiles/main.dir/pico-sdk/src/rp2_common/hardware_sync/sync.c.obj
 .bss.configured_freq
                0x20001344       0x28 CMakeFiles/main.dir/pico-sdk/src/rp2_common/hardware_clocks/clocks.c.obj
 .bss.default_alarm_pool_entry_ids_high
                0x2000136c       0x10 CMakeFiles/main.dir/pico-sdk/src/common/pico_time/time.c.obj
 .bss.default_alarm_pool_heap_nodes
                0x2000137c       0x30 CMakeFiles/main.dir/pico-sdk/src/common/pico_time/time.c.obj
 .bss.desc_str.0
                0x200013ac       0x28 CMakeFiles/main.dir/pico-sdk/src/rp2_common/pico_stdio_usb/stdio_usb_descriptors.c.obj
 .bss.drivers   0x200013d4        0x4 CMakeFiles/main.dir/pico-sdk/src/rp2_common/pico_stdio/stdio.c.obj
 .bss.e15_last_sof
                0x200013d8        0x4 CMakeFiles/main.dir/pico-sdk/lib/tinyusb/src/portable/raspberrypi/rp2040/rp2040_usb.c.obj
                0x200013d8                e15_last_sof
 .bss.filter    0x200013dc        0x4 CMakeFiles/main.dir/pico-sdk/src/rp2_common/pico_stdio/stdio.c.obj
 .bss.hw_endpoints
                0x200013e0      0x400 CMakeFiles/main.dir/pico-sdk/lib/tinyusb/src/portable/raspberrypi/rp2040/dcd_rp2040.c.obj
 .bss.load_value
                0x200017e0        0x4 CMakeFiles/main.dir/pico-sdk/src/rp2_common/hardware_watchdog/watchdog.c.obj
 .bss.next_buffer_ptr
                0x200017e4        0x4 CMakeFiles/main.dir/pico-sdk/lib/tinyusb/src/portable/raspberrypi/rp2040/dcd_rp2040.c.obj
 .bss.one_shot_timer_crit_sec
                0x200017e8        0x8 CMakeFiles/main.dir/pico-sdk/src/rp2_common/pico_stdio_usb/stdio_usb.c.obj
 .bss.pools     0x200017f0       0x10 CMakeFiles/main.dir/pico-sdk/src/common/pico_time/time.c.obj
 .bss.retrieved_id
                0x20001800        0x8 CMakeFiles/main.dir/pico-sdk/src/rp2_common/pico_unique_id/unique_id.c.obj
 .bss.sd_table  0x20001808      0x100 CMakeFiles/main.dir/pico-sdk/src/rp2_common/pico_double/double_init_rom.c.obj
                0x20001808                sd_table
 .bss.sf_clz_func
                0x20001908        0x4 CMakeFiles/main.dir/pico-sdk/src/rp2_common/pico_double/double_init_rom.c.obj
                0x20001908                sf_clz_func
 .bss.sf_table  0x2000190c      0x100 CMakeFiles/main.dir/pico-sdk/src/rp2_common/pico_float/float_init_rom.c.obj
                0x2000190c                sf_table
 .bss.sleep_notifier
                0x20001a0c        0x4 CMakeFiles/main.dir/pico-sdk/src/common/pico_time/time.c.obj
 .bss.stdio_usb_mutex
                0x20001a10        0x8 CMakeFiles/main.dir/pico-sdk/src/rp2_common/pico_stdio_usb/stdio_usb.c.obj
 .bss.target_hi
                0x20001a18       0x10 CMakeFiles/main.dir/pico-sdk/src/rp2_common/hardware_timer/timer.c.obj
 .bss.usbd_serial_str
                0x20001a28       0x11 CMakeFiles/main.dir/pico-sdk/src/rp2_common/pico_stdio_usb/stdio_usb_descriptors.c.obj
 .bss._app_driver_count
                0x20001a39        0x1 CMakeFiles/main.dir/pico-sdk/lib/tinyusb/src/device/usbd.c.obj
 .bss._sof_enable
                0x20001a3a        0x1 CMakeFiles/main.dir/pico-sdk/lib/tinyusb/src/portable/raspberrypi/rp2040/dcd_rp2040.c.obj
 .bss.boot2_copyout_valid
                0x20001a3b        0x1 CMakeFiles/main.dir/pico-sdk/src/rp2_common/hardware_flash/flash.c.obj
 .bss.claimed   0x20001a3c        0x1 CMakeFiles/main.dir/pico-sdk/src/rp2_common/hardware_timer/timer.c.obj
 .bss.irq_hander_chain_free_slot_head
                0x20001a3d        0x1 CMakeFiles/main.dir/pico-sdk/src/rp2_common/hardware_irq/irq.c.obj
 .bss.itf_num   0x20001a3e        0x1 CMakeFiles/main.dir/pico-sdk/src/rp2_common/pico_stdio_usb/reset_interface.c.obj
 .bss.low_priority_irq_num
                0x20001a3f        0x1 CMakeFiles/main.dir/pico-sdk/src/rp2_common/pico_stdio_usb/stdio_usb.c.obj
 .bss.one_shot_timer_pending
                0x20001a40        0x1 CMakeFiles/main.dir/pico-sdk/src/rp2_common/pico_stdio_usb/stdio_usb.c.obj
 .bss.timer_callbacks_pending
                0x20001a41        0x1 CMakeFiles/main.dir/pico-sdk/src/rp2_common/hardware_timer/timer.c.obj
 .bss.user_irq_claimed
                0x20001a42        0x1 CMakeFiles/main.dir/pico-sdk/src/rp2_common/hardware_irq/irq.c.obj
 *(COMMON)
                0x20001a44                . = ALIGN (0x4)
 *fill*         0x20001a43        0x1 
                0x20001a44                __bss_end__ = .

.heap           0x20001a44      0x800
                0x20001a44                __end__ = .
                0x20001a44                end = __end__
 *(.heap*)
 .heap          0x20001a44      0x800 CMakeFiles/main.dir/pico-sdk/src/rp2_common/pico_standard_link/crt0.S.obj
                0x20002244                __HeapLimit = .

.stack1_dummy   0x20040000        0x0
 *(.stack1*)

.stack_dummy    0x20041000      0x800
 *(.stack*)
 .stack         0x20041000      0x800 CMakeFiles/main.dir/pico-sdk/src/rp2_common/pico_standard_link/crt0.S.obj

.flash_end      0x10009c50        0x0
                0x10009c50                PROVIDE (__flash_binary_end = .)
                0x20040000                __StackLimit = (ORIGIN (RAM) + LENGTH (RAM))
                0x20041000                __StackOneTop = (ORIGIN (SCRATCH_X) + LENGTH (SCRATCH_X))
                0x20042000                __StackTop = (ORIGIN (SCRATCH_Y) + LENGTH (SCRATCH_Y))
                0x20041000                __StackOneBottom = (__StackOneTop - SIZEOF (.stack1_dummy))
                0x20041800                __StackBottom = (__StackTop - SIZEOF (.stack_dummy))
                0x20042000                PROVIDE (__stack = __StackTop)
                0x00000001                ASSERT ((__StackLimit >= __HeapLimit), region RAM overflowed)
                0x00000001                ASSERT (((__binary_info_header_end - __logical_binary_start) <= 0x100), Binary info must be in first 256 bytes of the binary)
LOAD CMakeFiles/main.dir/main.c.obj
LOAD CMakeFiles/main.dir/pico-sdk/src/rp2_common/pico_stdlib/stdlib.c.obj
LOAD CMakeFiles/main.dir/pico-sdk/src/rp2_common/hardware_gpio/gpio.c.obj
LOAD CMakeFiles/main.dir/pico-sdk/src/rp2_common/pico_platform/platform.c.obj
LOAD CMakeFiles/main.dir/pico-sdk/src/rp2_common/hardware_claim/claim.c.obj
LOAD CMakeFiles/main.dir/pico-sdk/src/rp2_common/hardware_sync/sync.c.obj
LOAD CMakeFiles/main.dir/pico-sdk/src/rp2_common/hardware_irq/irq.c.obj
LOAD CMakeFiles/main.dir/pico-sdk/src/rp2_common/hardware_irq/irq_handler_chain.S.obj
LOAD CMakeFiles/main.dir/pico-sdk/src/common/pico_sync/sem.c.obj
LOAD CMakeFiles/main.dir/pico-sdk/src/common/pico_sync/lock_core.c.obj
LOAD CMakeFiles/main.dir/pico-sdk/src/common/pico_sync/mutex.c.obj
LOAD CMakeFiles/main.dir/pico-sdk/src/common/pico_sync/critical_section.c.obj
LOAD CMakeFiles/main.dir/pico-sdk/src/common/pico_time/time.c.obj
LOAD CMakeFiles/main.dir/pico-sdk/src/common/pico_time/timeout_helper.c.obj
LOAD CMakeFiles/main.dir/pico-sdk/src/rp2_common/hardware_timer/timer.c.obj
LOAD CMakeFiles/main.dir/pico-sdk/src/common/pico_util/datetime.c.obj
LOAD CMakeFiles/main.dir/pico-sdk/src/common/pico_util/pheap.c.obj
LOAD CMakeFiles/main.dir/pico-sdk/src/common/pico_util/queue.c.obj
LOAD CMakeFiles/main.dir/pico-sdk/src/rp2_common/hardware_uart/uart.c.obj
LOAD CMakeFiles/main.dir/pico-sdk/src/rp2_common/hardware_clocks/clocks.c.obj
LOAD CMakeFiles/main.dir/pico-sdk/src/rp2_common/hardware_pll/pll.c.obj
LOAD CMakeFiles/main.dir/pico-sdk/src/rp2_common/hardware_vreg/vreg.c.obj
LOAD CMakeFiles/main.dir/pico-sdk/src/rp2_common/hardware_watchdog/watchdog.c.obj
LOAD CMakeFiles/main.dir/pico-sdk/src/rp2_common/hardware_xosc/xosc.c.obj
LOAD CMakeFiles/main.dir/pico-sdk/src/rp2_common/hardware_divider/divider.S.obj
LOAD CMakeFiles/main.dir/pico-sdk/src/rp2_common/pico_runtime/runtime.c.obj
LOAD CMakeFiles/main.dir/pico-sdk/src/rp2_common/pico_printf/printf.c.obj
LOAD CMakeFiles/main.dir/pico-sdk/src/rp2_common/pico_bit_ops/bit_ops_aeabi.S.obj
LOAD CMakeFiles/main.dir/pico-sdk/src/rp2_common/pico_bootrom/bootrom.c.obj
LOAD CMakeFiles/main.dir/pico-sdk/src/rp2_common/pico_divider/divider.S.obj
LOAD CMakeFiles/main.dir/pico-sdk/src/rp2_common/pico_double/double_aeabi.S.obj
LOAD CMakeFiles/main.dir/pico-sdk/src/rp2_common/pico_double/double_init_rom.c.obj
LOAD CMakeFiles/main.dir/pico-sdk/src/rp2_common/pico_double/double_math.c.obj
LOAD CMakeFiles/main.dir/pico-sdk/src/rp2_common/pico_double/double_v1_rom_shim.S.obj
LOAD CMakeFiles/main.dir/pico-sdk/src/rp2_common/pico_int64_ops/pico_int64_ops_aeabi.S.obj
LOAD CMakeFiles/main.dir/pico-sdk/src/rp2_common/pico_float/float_aeabi.S.obj
LOAD CMakeFiles/main.dir/pico-sdk/src/rp2_common/pico_float/float_init_rom.c.obj
LOAD CMakeFiles/main.dir/pico-sdk/src/rp2_common/pico_float/float_math.c.obj
LOAD CMakeFiles/main.dir/pico-sdk/src/rp2_common/pico_float/float_v1_rom_shim.S.obj
LOAD CMakeFiles/main.dir/pico-sdk/src/rp2_common/pico_malloc/pico_malloc.c.obj
LOAD CMakeFiles/main.dir/pico-sdk/src/rp2_common/pico_mem_ops/mem_ops_aeabi.S.obj
LOAD CMakeFiles/main.dir/pico-sdk/src/rp2_common/pico_standard_link/crt0.S.obj
LOAD CMakeFiles/main.dir/pico-sdk/src/rp2_common/pico_standard_link/new_delete.cpp.obj
LOAD CMakeFiles/main.dir/pico-sdk/src/rp2_common/pico_standard_link/binary_info.c.obj
LOAD CMakeFiles/main.dir/pico-sdk/src/rp2_common/pico_stdio/stdio.c.obj
LOAD CMakeFiles/main.dir/pico-sdk/src/rp2_common/pico_stdio_usb/reset_interface.c.obj
LOAD CMakeFiles/main.dir/pico-sdk/src/rp2_common/pico_stdio_usb/stdio_usb.c.obj
LOAD CMakeFiles/main.dir/pico-sdk/src/rp2_common/pico_stdio_usb/stdio_usb_descriptors.c.obj
LOAD CMakeFiles/main.dir/pico-sdk/src/rp2_common/pico_unique_id/unique_id.c.obj
LOAD CMakeFiles/main.dir/pico-sdk/src/rp2_common/hardware_flash/flash.c.obj
LOAD CMakeFiles/main.dir/pico-sdk/lib/tinyusb/src/portable/raspberrypi/rp2040/dcd_rp2040.c.obj
LOAD CMakeFiles/main.dir/pico-sdk/lib/tinyusb/src/portable/raspberrypi/rp2040/rp2040_usb.c.obj
LOAD CMakeFiles/main.dir/pico-sdk/lib/tinyusb/src/device/usbd.c.obj
LOAD CMakeFiles/main.dir/pico-sdk/lib/tinyusb/src/device/usbd_control.c.obj
LOAD CMakeFiles/main.dir/pico-sdk/lib/tinyusb/src/class/audio/audio_device.c.obj
LOAD CMakeFiles/main.dir/pico-sdk/lib/tinyusb/src/class/cdc/cdc_device.c.obj
LOAD CMakeFiles/main.dir/pico-sdk/lib/tinyusb/src/class/dfu/dfu_device.c.obj
LOAD CMakeFiles/main.dir/pico-sdk/lib/tinyusb/src/class/dfu/dfu_rt_device.c.obj
LOAD CMakeFiles/main.dir/pico-sdk/lib/tinyusb/src/class/hid/hid_device.c.obj
LOAD CMakeFiles/main.dir/pico-sdk/lib/tinyusb/src/class/midi/midi_device.c.obj
LOAD CMakeFiles/main.dir/pico-sdk/lib/tinyusb/src/class/msc/msc_device.c.obj
LOAD CMakeFiles/main.dir/pico-sdk/lib/tinyusb/src/class/net/ecm_rndis_device.c.obj
LOAD CMakeFiles/main.dir/pico-sdk/lib/tinyusb/src/class/net/ncm_device.c.obj