Archive member included to satisfy reference by file (symbol)

C:/Users/Herman/.pico-sdk/toolchain/13_2_Rel1/bin/../lib/gcc/arm-none-eabi/13.2.1/thumb/v6-m/nofp\libgcc.a(_dvmd_tls.o)
                              CMakeFiles/main.dir/C_/Users/Herman/.pico-sdk/sdk/2.0.0/src/rp2_common/pico_divider/divider_hardware.S.obj (__aeabi_idiv0)
C:/Users/Herman/.pico-sdk/toolchain/13_2_Rel1/bin/../lib/gcc/arm-none-eabi/13.2.1/thumb/v6-m/nofp\libg.a(libc_a-calloc.o)
                              CMakeFiles/main.dir/C_/Users/Herman/.pico-sdk/sdk/2.0.0/src/rp2_common/pico_malloc/malloc.c.obj (calloc)
C:/Users/Herman/.pico-sdk/toolchain/13_2_Rel1/bin/../lib/gcc/arm-none-eabi/13.2.1/thumb/v6-m/nofp\libg.a(libc_a-callocr.o)
                              C:/Users/Herman/.pico-sdk/toolchain/13_2_Rel1/bin/../lib/gcc/arm-none-eabi/13.2.1/thumb/v6-m/nofp\libg.a(libc_a-calloc.o) (_calloc_r)
C:/Users/Herman/.pico-sdk/toolchain/13_2_Rel1/bin/../lib/gcc/arm-none-eabi/13.2.1/thumb/v6-m/nofp\libg.a(libc_a-malloc.o)
                              CMakeFiles/main.dir/C_/Users/Herman/.pico-sdk/sdk/2.0.0/src/rp2_common/pico_malloc/malloc.c.obj (malloc)
C:/Users/Herman/.pico-sdk/toolchain/13_2_Rel1/bin/../lib/gcc/arm-none-eabi/13.2.1/thumb/v6-m/nofp\libg.a(libc_a-mallocr.o)
                              C:/Users/Herman/.pico-sdk/toolchain/13_2_Rel1/bin/../lib/gcc/arm-none-eabi/13.2.1/thumb/v6-m/nofp\libg.a(libc_a-callocr.o) (_malloc_r)
C:/Users/Herman/.pico-sdk/toolchain/13_2_Rel1/bin/../lib/gcc/arm-none-eabi/13.2.1/thumb/v6-m/nofp\libg.a(libc_a-mlock.o)
                              C:/Users/Herman/.pico-sdk/toolchain/13_2_Rel1/bin/../lib/gcc/arm-none-eabi/13.2.1/thumb/v6-m/nofp\libg.a(libc_a-mallocr.o) (__malloc_lock)
C:/Users/Herman/.pico-sdk/toolchain/13_2_Rel1/bin/../lib/gcc/arm-none-eabi/13.2.1/thumb/v6-m/nofp\libg.a(libc_a-realloc.o)
                              CMakeFiles/main.dir/C_/Users/Herman/.pico-sdk/sdk/2.0.0/src/rp2_common/pico_malloc/malloc.c.obj (realloc)
C:/Users/Herman/.pico-sdk/toolchain/13_2_Rel1/bin/../lib/gcc/arm-none-eabi/13.2.1/thumb/v6-m/nofp\libg.a(libc_a-reallocr.o)
                              C:/Users/Herman/.pico-sdk/toolchain/13_2_Rel1/bin/../lib/gcc/arm-none-eabi/13.2.1/thumb/v6-m/nofp\libg.a(libc_a-realloc.o) (_realloc_r)
C:/Users/Herman/.pico-sdk/toolchain/13_2_Rel1/bin/../lib/gcc/arm-none-eabi/13.2.1/thumb/v6-m/nofp\libg.a(libc_a-memcmp.o)
                              CMakeFiles/main.dir/C_/Users/Herman/.pico-sdk/sdk/2.0.0/src/rp2_common/pico_atomic/atomic.c.obj (memcmp)
C:/Users/Herman/.pico-sdk/toolchain/13_2_Rel1/bin/../lib/gcc/arm-none-eabi/13.2.1/thumb/v6-m/nofp\libg.a(libc_a-memmove.o)
                              C:/Users/Herman/.pico-sdk/toolchain/13_2_Rel1/bin/../lib/gcc/arm-none-eabi/13.2.1/thumb/v6-m/nofp\libg.a(libc_a-reallocr.o) (memmove)
C:/Users/Herman/.pico-sdk/toolchain/13_2_Rel1/bin/../lib/gcc/arm-none-eabi/13.2.1/thumb/v6-m/nofp\libg.a(libc_a-strchr.o)
                              CMakeFiles/main.dir/main.cpp.obj (strchr)
C:/Users/Herman/.pico-sdk/toolchain/13_2_Rel1/bin/../lib/gcc/arm-none-eabi/13.2.1/thumb/v6-m/nofp\libg.a(libc_a-strncpy.o)
                              CMakeFiles/main.dir/main.cpp.obj (strncpy)
C:/Users/Herman/.pico-sdk/toolchain/13_2_Rel1/bin/../lib/gcc/arm-none-eabi/13.2.1/thumb/v6-m/nofp\libg.a(libc_a-strstr.o)
                              CMakeFiles/main.dir/main.cpp.obj (strstr)
C:/Users/Herman/.pico-sdk/toolchain/13_2_Rel1/bin/../lib/gcc/arm-none-eabi/13.2.1/thumb/v6-m/nofp\libg.a(libc_a-lcltime_r.o)
                              CMakeFiles/main.dir/C_/Users/Herman/.pico-sdk/sdk/2.0.0/src/common/pico_util/datetime.c.obj (localtime_r)
C:/Users/Herman/.pico-sdk/toolchain/13_2_Rel1/bin/../lib/gcc/arm-none-eabi/13.2.1/thumb/v6-m/nofp\libg.a(libc_a-mktime.o)
                              CMakeFiles/main.dir/C_/Users/Herman/.pico-sdk/sdk/2.0.0/src/common/pico_util/datetime.c.obj (mktime)
C:/Users/Herman/.pico-sdk/toolchain/13_2_Rel1/bin/../lib/gcc/arm-none-eabi/13.2.1/thumb/v6-m/nofp\libg.a(libc_a-month_lengths.o)
                              C:/Users/Herman/.pico-sdk/toolchain/13_2_Rel1/bin/../lib/gcc/arm-none-eabi/13.2.1/thumb/v6-m/nofp\libg.a(libc_a-lcltime_r.o) (__month_lengths)
C:/Users/Herman/.pico-sdk/toolchain/13_2_Rel1/bin/../lib/gcc/arm-none-eabi/13.2.1/thumb/v6-m/nofp\libg.a(libc_a-tzcalc_limits.o)
                              C:/Users/Herman/.pico-sdk/toolchain/13_2_Rel1/bin/../lib/gcc/arm-none-eabi/13.2.1/thumb/v6-m/nofp\libg.a(libc_a-lcltime_r.o) (__tzcalc_limits)
C:/Users/Herman/.pico-sdk/toolchain/13_2_Rel1/bin/../lib/gcc/arm-none-eabi/13.2.1/thumb/v6-m/nofp\libg.a(libc_a-tzlock.o)
                              C:/Users/Herman/.pico-sdk/toolchain/13_2_Rel1/bin/../lib/gcc/arm-none-eabi/13.2.1/thumb/v6-m/nofp\libg.a(libc_a-lcltime_r.o) (__tz_lock)
C:/Users/Herman/.pico-sdk/toolchain/13_2_Rel1/bin/../lib/gcc/arm-none-eabi/13.2.1/thumb/v6-m/nofp\libg.a(libc_a-tzset.o)
[...]
Memory Configuration

Name             Origin             Length             Attributes
FLASH            0x10000000         0x00200000         xr
RAM              0x20000000         0x00040000         xrw
SCRATCH_X        0x20040000         0x00001000         xrw
SCRATCH_Y        0x20041000         0x00001000         xrw
*default*        0x00000000         0xffffffff

Linker script and memory map

LOAD C:/Users/Herman/.pico-sdk/toolchain/13_2_Rel1/bin/../lib/gcc/arm-none-eabi/13.2.1/thumb/v6-m/nofp/crti.o
LOAD C:/Users/Herman/.pico-sdk/toolchain/13_2_Rel1/bin/../lib/gcc/arm-none-eabi/13.2.1/thumb/v6-m/nofp/crtbegin.o
LOAD C:/Users/Herman/.pico-sdk/toolchain/13_2_Rel1/bin/../lib/gcc/arm-none-eabi/13.2.1/thumb/v6-m/nofp/crt0.o

.flash_begin    0x10000000        0x0
                0x10000000                        __flash_binary_start = .

.boot2          0x10000000      0x100
                0x10000000                        __boot2_start__ = .
 *(.boot2)
 .boot2         0x10000000      0x100 C:\Users\Herman\AppData\Local\Temp\cckp7fYy.o
                0x10000100                        __boot2_end__ = .
                0x00000001                        ASSERT (((__boot2_end__ - __boot2_start__) == 0x100), ERROR: Pico second stage bootloader must be 256 bytes in size)

.text           0x10000100     0x8eb8
                0x10000100                        __logical_binary_start = .
 *(.vectors)
 .vectors       0x10000100       0xd4 CMakeFiles/main.dir/C_/Users/Herman/.pico-sdk/sdk/2.0.0/src/rp2_common/pico_crt0/crt0.S.obj
                0x10000100                __VECTOR_TABLE
                0x10000100                __vectors
                0x100001c0                isr_invalid
                0x100001c0                __default_isrs_start
                0x100001c2                isr_nmi
                0x100001c4                isr_hardfault
                0x100001c6                isr_svcall
                0x100001c8                isr_pendsv
                0x100001ca                isr_systick
                0x100001cc                isr_irq23
                0x100001cc                isr_irq18
                0x100001cc                isr_irq11
                0x100001cc                isr_irq28
                0x100001cc                isr_irq19
                0x100001cc                isr_irq0
                0x100001cc                isr_irq6
                0x100001cc                isr_irq5
                0x100001cc                isr_irq12
                0x100001cc                isr_irq22
                0x100001cc                isr_irq31
                0x100001cc                isr_irq17
                0x100001cc                isr_irq27
                0x100001cc                isr_irq30
                0x100001cc                isr_irq2
                0x100001cc                isr_irq10
                0x100001cc                isr_irq8
                0x100001cc                isr_irq24
                0x100001cc                isr_irq1
                0x100001cc                isr_irq7
                0x100001cc                isr_irq21
                0x100001cc                isr_irq20
                0x100001cc                isr_irq15
                0x100001cc                isr_irq25
                0x100001cc                isr_irq13
                0x100001cc                __unhandled_user_irq
                0x100001cc                isr_irq4
                0x100001cc                isr_irq16
                0x100001cc                isr_irq29
                0x100001cc                isr_irq26
                0x100001cc                __default_isrs_end
                0x100001cc                isr_irq3
                0x100001cc                isr_irq14
                0x100001cc                isr_irq9
                0x100001d2                unhandled_user_irq_num_in_r0
 *(.binary_info_header)
 .binary_info_header
                0x100001d4       0x14 CMakeFiles/main.dir/C_/Users/Herman/.pico-sdk/sdk/2.0.0/src/rp2_common/pico_crt0/crt0.S.obj
                0x100001e8                        __binary_info_header_end = .
 *(.embedded_block)
                0x100001e8                        __embedded_block_end = .
 *(.reset)
 .reset         0x100001e8       0x9c CMakeFiles/main.dir/C_/Users/Herman/.pico-sdk/sdk/2.0.0/src/rp2_common/pico_crt0/crt0.S.obj
                0x100001e8                _entry_point
 *(.init)
 .init          0x10000284        0x4 C:/Users/Herman/.pico-sdk/toolchain/13_2_Rel1/bin/../lib/gcc/arm-none-eabi/13.2.1/thumb/v6-m/nofp/crti.o
                0x10000284                _init
 *(EXCLUDE_FILE(*libm.a: *libc.a:*lib_a-mem*.o *libgcc.a:) .text*)
 .text.register_tm_clones
                0x10000288       0x28 C:/Users/Herman/.pico-sdk/toolchain/13_2_Rel1/bin/../lib/gcc/arm-none-eabi/13.2.1/thumb/v6-m/nofp/crtbegin.o
 .text.frame_dummy
                0x100002b0       0x24 C:/Users/Herman/.pico-sdk/toolchain/13_2_Rel1/bin/../lib/gcc/arm-none-eabi/13.2.1/thumb/v6-m/nofp/crtbegin.o
 .text._Z9init_presPtS_S_S_S_S_
                0x100002d4      0x17c CMakeFiles/main.dir/main.cpp.obj
                0x100002d4                init_pres(unsigned short*, unsigned short*, unsigned short*, unsigned short*, unsigned short*, unsigned short*)
 .text._Z9read_presttttttPlS_
                0x10000450      0x164 CMakeFiles/main.dir/main.cpp.obj
                0x10000450                read_pres(unsigned short, unsigned short, unsigned short, unsigned short, unsigned short, unsigned short, long*, long*)
 .text._Z8init_gpsv
                0x100005b4       0x34 CMakeFiles/main.dir/main.cpp.obj
                0x100005b4                init_gps()
 .text._Z8read_gpsv
                0x100005e8       0x74 CMakeFiles/main.dir/main.cpp.obj
                0x100005e8                read_gps()
 .text._Z18quad_encoder_init1v
                0x1000065c       0x4c CMakeFiles/main.dir/main.cpp.obj
                0x1000065c                quad_encoder_init1()
 .text._Z18quad_encoder_init2v
                0x100006a8       0x4c CMakeFiles/main.dir/main.cpp.obj
                0x100006a8                quad_encoder_init2()
 .text._Z8PWM_initv
                0x100006f4       0x44 CMakeFiles/main.dir/main.cpp.obj
                0x100006f4                PWM_init()
 .text.startup.main
                0x10000738      0x10c CMakeFiles/main.dir/main.cpp.obj
                0x10000738                main
 .text.startup._GLOBAL__sub_I_radio
                0x10000844       0x40 CMakeFiles/main.dir/main.cpp.obj
 .text.quadrature_decoder_init
                0x10000884       0x3c CMakeFiles/main.dir/Libraries/quadrature-decoder/quadrature_decoder.c.obj
                0x10000884                quadrature_decoder_init
 .text.add_quadrature_decoder
                0x100008c0      0x104 CMakeFiles/main.dir/Libraries/quadrature-decoder/quadrature_decoder.c.obj
                0x100008c0                add_quadrature_decoder
 .text._ZN7DRF126216get_radio_errorsEv
                0x100009c4       0x94 CMakeFiles/main.dir/Libraries/rp2040-drf1262-lib/SX1262.cpp.obj
                0x100009c4                DRF1262::get_radio_errors()
 .text._ZN7DRF126220read_radio_registersEv
                0x10000a58       0xc0 CMakeFiles/main.dir/Libraries/rp2040-drf1262-lib/SX1262.cpp.obj
                0x10000a58                DRF1262::read_radio_registers()
 .text._ZN7DRF126214radio_spi_initEv
                0x10000b18       0xa8 CMakeFiles/main.dir/Libraries/rp2040-drf1262-lib/SX1262.cpp.obj
                0x10000b18                DRF1262::radio_spi_init()
 .text._ZN7DRF126219set_radio_pa_configEv
                0x10000bc0       0xa4 CMakeFiles/main.dir/Libraries/rp2040-drf1262-lib/SX1262.cpp.obj
                0x10000bc0                DRF1262::set_radio_pa_config()
 .text._ZN7DRF126217set_radio_rf_freqEv
                0x10000c64       0x74 CMakeFiles/main.dir/Libraries/rp2040-drf1262-lib/SX1262.cpp.obj
                0x10000c64                DRF1262::set_radio_rf_freq()
 .text._ZN7DRF126231set_radio_lora_modulation_paramEv
                0x10000cd8       0x8c CMakeFiles/main.dir/Libraries/rp2040-drf1262-lib/SX1262.cpp.obj
                0x10000cd8                DRF1262::set_radio_lora_modulation_param()
 .text._ZN7DRF126226set_lora_packet_parametersEv
                0x10000d64       0xbc CMakeFiles/main.dir/Libraries/rp2040-drf1262-lib/SX1262.cpp.obj
                0x10000d64                DRF1262::set_lora_packet_parameters()
 .text._ZN7DRF126219set_radio_sync_wordEv
                0x10000e20       0xec CMakeFiles/main.dir/Libraries/rp2040-drf1262-lib/SX1262.cpp.obj
                0x10000e20                DRF1262::set_radio_sync_word()
 .text._ZN7DRF126216set_dio3_as_tcxoEv
                0x10000f0c       0xa8 CMakeFiles/main.dir/Libraries/rp2040-drf1262-lib/SX1262.cpp.obj
                0x10000f0c                DRF1262::set_dio3_as_tcxo()
 .text._ZN7DRF126211set_dio_irqEv
                0x10000fb4       0xe4 CMakeFiles/main.dir/Libraries/rp2040-drf1262-lib/SX1262.cpp.obj
                0x10000fb4                DRF1262::set_dio_irq()
 .text._ZN7DRF126210radio_initEv
                0x10001098      0x27c CMakeFiles/main.dir/Libraries/rp2040-drf1262-lib/SX1262.cpp.obj
                0x10001098                DRF1262::radio_init()
 .text.gpio_set_function
                0x10001314       0x34 CMakeFiles/main.dir/C_/Users/Herman/.pico-sdk/sdk/2.0.0/src/rp2_common/hardware_gpio/gpio.c.obj
                0x10001314                gpio_set_function
 .text.gpio_set_pulls
                0x10001348       0x28 CMakeFiles/main.dir/C_/Users/Herman/.pico-sdk/sdk/2.0.0/src/rp2_common/hardware_gpio/gpio.c.obj
                0x10001348                gpio_set_pulls
 .text.gpio_set_irq_enabled
                0x10001370       0x58 CMakeFiles/main.dir/C_/Users/Herman/.pico-sdk/sdk/2.0.0/src/rp2_common/hardware_gpio/gpio.c.obj
                0x10001370                gpio_set_irq_enabled
 .text.gpio_init
                0x100013c8       0x40 CMakeFiles/main.dir/C_/Users/Herman/.pico-sdk/sdk/2.0.0/src/rp2_common/hardware_gpio/gpio.c.obj
                0x100013c8                gpio_init
 .text.rp2040_chip_version
                0x10001408        0xc CMakeFiles/main.dir/C_/Users/Herman/.pico-sdk/sdk/2.0.0/src/rp2040/pico_platform/platform.c.obj
                0x10001408                rp2040_chip_version
 .text.panic    0x10001414       0x30 CMakeFiles/main.dir/C_/Users/Herman/.pico-sdk/sdk/2.0.0/src/rp2_common/pico_platform_panic/panic.c.obj
                0x10001414                panic
 .text.hw_claim_lock
                0x10001444       0x18 CMakeFiles/main.dir/C_/Users/Herman/.pico-sdk/sdk/2.0.0/src/common/hardware_claim/claim.c.obj
                0x10001444                hw_claim_lock
 .text.hw_claim_unlock
                0x1000145c       0x14 CMakeFiles/main.dir/C_/Users/Herman/.pico-sdk/sdk/2.0.0/src/common/hardware_claim/claim.c.obj
                0x1000145c                hw_claim_unlock
 .text.hw_claim_or_assert
                0x10001470       0x44 CMakeFiles/main.dir/C_/Users/Herman/.pico-sdk/sdk/2.0.0/src/common/hardware_claim/claim.c.obj
                0x10001470                hw_claim_or_assert
 .text.hw_claim_unused_from_range
                0x100014b4       0x9c CMakeFiles/main.dir/C_/Users/Herman/.pico-sdk/sdk/2.0.0/src/common/hardware_claim/claim.c.obj
                0x100014b4                hw_claim_unused_from_range
 .text.next_striped_spin_lock_num
                0x10001550       0x18 CMakeFiles/main.dir/C_/Users/Herman/.pico-sdk/sdk/2.0.0/src/rp2_common/hardware_sync/sync.c.obj
                0x10001550                next_striped_spin_lock_num
 .text.spin_lock_claim_unused
                0x10001568       0x24 CMakeFiles/main.dir/C_/Users/Herman/.pico-sdk/sdk/2.0.0/src/rp2_common/hardware_sync/sync.c.obj
                0x10001568                spin_lock_claim_unused
 .text.spin_locks_reset
                0x1000158c       0x1c CMakeFiles/main.dir/C_/Users/Herman/.pico-sdk/sdk/2.0.0/src/rp2_common/hardware_sync_spin_lock/sync_spin_lock.c.obj
                0x1000158c                spin_locks_reset
 .text.runtime_init_per_core_irq_priorities
                0x100015a8       0x24 CMakeFiles/main.dir/C_/Users/Herman/.pico-sdk/sdk/2.0.0/src/rp2_common/hardware_irq/irq.c.obj
                0x100015a8                runtime_init_per_core_irq_priorities
 .text.irq_set_enabled
                0x100015cc       0x24 CMakeFiles/main.dir/C_/Users/Herman/.pico-sdk/sdk/2.0.0/src/rp2_common/hardware_irq/irq.c.obj
                0x100015cc                irq_set_enabled
 .text.irq_is_enabled
                0x100015f0       0x18 CMakeFiles/main.dir/C_/Users/Herman/.pico-sdk/sdk/2.0.0/src/rp2_common/hardware_irq/irq.c.obj
                0x100015f0                irq_is_enabled
 .text.irq_set_pending
                0x10001608       0x10 CMakeFiles/main.dir/C_/Users/Herman/.pico-sdk/sdk/2.0.0/src/rp2_common/hardware_irq/irq.c.obj
                0x10001608                irq_set_pending
 .text.irq_has_shared_handler
                0x10001618       0x2c CMakeFiles/main.dir/C_/Users/Herman/.pico-sdk/sdk/2.0.0/src/rp2_common/hardware_irq/irq.c.obj
                0x10001618                irq_has_shared_handler
 .text.irq_set_exclusive_handler
                0x10001644       0x54 CMakeFiles/main.dir/C_/Users/Herman/.pico-sdk/sdk/2.0.0/src/rp2_common/hardware_irq/irq.c.obj
                0x10001644                irq_set_exclusive_handler
 .text.irq_add_shared_handler
                0x10001698      0x1f4 CMakeFiles/main.dir/C_/Users/Herman/.pico-sdk/sdk/2.0.0/src/rp2_common/hardware_irq/irq.c.obj
                0x10001698                irq_add_shared_handler
 .text.irq_add_tail_to_free_list
                0x1000188c       0xb4 CMakeFiles/main.dir/C_/Users/Herman/.pico-sdk/sdk/2.0.0/src/rp2_common/hardware_irq/irq.c.obj
                0x1000188c                irq_add_tail_to_free_list
 .text.user_irq_claim_unused
                0x10001940       0x2c CMakeFiles/main.dir/C_/Users/Herman/.pico-sdk/sdk/2.0.0/src/rp2_common/hardware_irq/irq.c.obj
                0x10001940                user_irq_claim_unused
 .text.lock_init
                0x1000196c       0x10 CMakeFiles/main.dir/C_/Users/Herman/.pico-sdk/sdk/2.0.0/src/common/pico_sync/lock_core.c.obj
                0x1000196c                lock_init
 .text.runtime_init_mutex
                0x1000197c       0x50 CMakeFiles/main.dir/C_/Users/Herman/.pico-sdk/sdk/2.0.0/src/common/pico_sync/mutex.c.obj
                0x1000197c                runtime_init_mutex
 .text.mutex_init
                0x100019cc       0x1c CMakeFiles/main.dir/C_/Users/Herman/.pico-sdk/sdk/2.0.0/src/common/pico_sync/mutex.c.obj
                0x100019cc                mutex_init
 .text.critical_section_init
                0x100019e8       0x1c CMakeFiles/main.dir/C_/Users/Herman/.pico-sdk/sdk/2.0.0/src/common/pico_sync/critical_section.c.obj
                0x100019e8                critical_section_init
 .text.critical_section_init_with_lock_num
                0x10001a04       0x14 CMakeFiles/main.dir/C_/Users/Herman/.pico-sdk/sdk/2.0.0/src/common/pico_sync/critical_section.c.obj
                0x10001a04                critical_section_init_with_lock_num
 .text.sleep_until_callback
                0x10001a18       0x30 CMakeFiles/main.dir/C_/Users/Herman/.pico-sdk/sdk/2.0.0/src/common/pico_time/time.c.obj
 .text.alarm_pool_irq_handler
                0x10001a48      0x2e4 CMakeFiles/main.dir/C_/Users/Herman/.pico-sdk/sdk/2.0.0/src/common/pico_time/time.c.obj
 .text.runtime_init_default_alarm_pool
                0x10001d2c       0xdc CMakeFiles/main.dir/C_/Users/Herman/.pico-sdk/sdk/2.0.0/src/common/pico_time/time.c.obj
                0x10001d2c                runtime_init_default_alarm_pool
 .text.alarm_pool_get_default
                0x10001e08        0x8 CMakeFiles/main.dir/C_/Users/Herman/.pico-sdk/sdk/2.0.0/src/common/pico_time/time.c.obj
                0x10001e08                alarm_pool_get_default
 .text.alarm_pool_add_alarm_at
                0x10001e10       0xd4 CMakeFiles/main.dir/C_/Users/Herman/.pico-sdk/sdk/2.0.0/src/common/pico_time/time.c.obj
                0x10001e10                alarm_pool_add_alarm_at
 .text.alarm_pool_add_alarm_at_force_in_context
                0x10001ee4       0xb0 CMakeFiles/main.dir/C_/Users/Herman/.pico-sdk/sdk/2.0.0/src/common/pico_time/time.c.obj
                0x10001ee4                alarm_pool_add_alarm_at_force_in_context
 .text.alarm_pool_cancel_alarm
                0x10001f94       0x74 CMakeFiles/main.dir/C_/Users/Herman/.pico-sdk/sdk/2.0.0/src/common/pico_time/time.c.obj
                0x10001f94                alarm_pool_cancel_alarm
 .text.alarm_pool_core_num
                0x10002008        0x4 CMakeFiles/main.dir/C_/Users/Herman/.pico-sdk/sdk/2.0.0/src/common/pico_time/time.c.obj
                0x10002008                alarm_pool_core_num
 .text.sleep_until
                0x1000200c       0xd8 CMakeFiles/main.dir/C_/Users/Herman/.pico-sdk/sdk/2.0.0/src/common/pico_time/time.c.obj
                0x1000200c                sleep_until
 .text.sleep_ms
                0x100020e4       0x38 CMakeFiles/main.dir/C_/Users/Herman/.pico-sdk/sdk/2.0.0/src/common/pico_time/time.c.obj
                0x100020e4                sleep_ms
 .text.best_effort_wfe_or_timeout
                0x1000211c      0x134 CMakeFiles/main.dir/C_/Users/Herman/.pico-sdk/sdk/2.0.0/src/common/pico_time/time.c.obj
                0x1000211c                best_effort_wfe_or_timeout
 .text.timer_hardware_alarm_claim
                0x10002250       0x14 CMakeFiles/main.dir/C_/Users/Herman/.pico-sdk/sdk/2.0.0/src/rp2_common/hardware_timer/timer.c.obj
                0x10002250                timer_hardware_alarm_claim
 .text.timer_time_us_64
                0x10002264       0x10 CMakeFiles/main.dir/C_/Users/Herman/.pico-sdk/sdk/2.0.0/src/rp2_common/hardware_timer/timer.c.obj
                0x10002264                timer_time_us_64
 .text.time_us_64
                0x10002274       0x14 CMakeFiles/main.dir/C_/Users/Herman/.pico-sdk/sdk/2.0.0/src/rp2_common/hardware_timer/timer.c.obj
                0x10002274                time_us_64
 .text.busy_wait_us
                0x10002288       0x68 CMakeFiles/main.dir/C_/Users/Herman/.pico-sdk/sdk/2.0.0/src/rp2_common/hardware_timer/timer.c.obj
                0x10002288                busy_wait_us
 .text.busy_wait_until
                0x100022f0       0x20 CMakeFiles/main.dir/C_/Users/Herman/.pico-sdk/sdk/2.0.0/src/rp2_common/hardware_timer/timer.c.obj
                0x100022f0                busy_wait_until
 .text.uart_init
                0x10002310      0x120 CMakeFiles/main.dir/C_/Users/Herman/.pico-sdk/sdk/2.0.0/src/rp2_common/hardware_uart/uart.c.obj
                0x10002310                uart_init
 .text.clock_configure_int_divider
                0x10002430       0xf4 CMakeFiles/main.dir/C_/Users/Herman/.pico-sdk/sdk/2.0.0/src/rp2_common/hardware_clocks/clocks.c.obj
                0x10002430                clock_configure_int_divider
 .text.clock_configure_undivided
                0x10002524       0xe8 CMakeFiles/main.dir/C_/Users/Herman/.pico-sdk/sdk/2.0.0/src/rp2_common/hardware_clocks/clocks.c.obj
                0x10002524                clock_configure_undivided
 .text.clock_get_hz
                0x1000260c        0xc CMakeFiles/main.dir/C_/Users/Herman/.pico-sdk/sdk/2.0.0/src/rp2_common/hardware_clocks/clocks.c.obj
                0x1000260c                clock_get_hz
 .text.pll_init
                0x10002618       0xa4 CMakeFiles/main.dir/C_/Users/Herman/.pico-sdk/sdk/2.0.0/src/rp2_common/hardware_pll/pll.c.obj
                0x10002618                pll_init
 .text.watchdog_reboot
                0x100026bc       0x9c CMakeFiles/main.dir/C_/Users/Herman/.pico-sdk/sdk/2.0.0/src/rp2_common/hardware_watchdog/watchdog.c.obj
                0x100026bc                watchdog_reboot
 .text.tick_start
                0x10002758       0x10 CMakeFiles/main.dir/C_/Users/Herman/.pico-sdk/sdk/2.0.0/src/rp2_common/hardware_ticks/ticks.c.obj
                0x10002758                tick_start
 .text.xosc_init
                0x10002768       0x28 CMakeFiles/main.dir/C_/Users/Herman/.pico-sdk/sdk/2.0.0/src/rp2_common/hardware_xosc/xosc.c.obj
                0x10002768                xosc_init
 .text.first_per_core_initializer
                0x10002790        0x4 CMakeFiles/main.dir/C_/Users/Herman/.pico-sdk/sdk/2.0.0/src/rp2_common/pico_runtime/runtime.c.obj
 .text.hard_assertion_failure
                0x10002794        0xc CMakeFiles/main.dir/C_/Users/Herman/.pico-sdk/sdk/2.0.0/src/rp2_common/pico_runtime/runtime.c.obj
                0x10002794                hard_assertion_failure
 .text.runtime_run_initializers
                0x100027a0       0x28 CMakeFiles/main.dir/C_/Users/Herman/.pico-sdk/sdk/2.0.0/src/rp2_common/pico_runtime/runtime.c.obj
                0x100027a0                runtime_run_initializers
 .text.runtime_init_early_resets
                0x100027c8       0x2c CMakeFiles/main.dir/C_/Users/Herman/.pico-sdk/sdk/2.0.0/src/rp2_common/pico_runtime_init/runtime_init.c.obj
                0x100027c8                runtime_init_early_resets
 .text.runtime_init_usb_power_down
                0x100027f4       0x1c CMakeFiles/main.dir/C_/Users/Herman/.pico-sdk/sdk/2.0.0/src/rp2_common/pico_runtime_init/runtime_init.c.obj
                0x100027f4                runtime_init_usb_power_down
 .text.runtime_init_post_clock_resets
                0x10002810       0x20 CMakeFiles/main.dir/C_/Users/Herman/.pico-sdk/sdk/2.0.0/src/rp2_common/pico_runtime_init/runtime_init.c.obj
                0x10002810                runtime_init_post_clock_resets
 .text.runtime_init_rp2040_gpio_ie_disable
                0x10002830       0x14 CMakeFiles/main.dir/C_/Users/Herman/.pico-sdk/sdk/2.0.0/src/rp2_common/pico_runtime_init/runtime_init.c.obj
                0x10002830                runtime_init_rp2040_gpio_ie_disable
 .text.runtime_init_spin_locks_reset
                0x10002844        0x8 CMakeFiles/main.dir/C_/Users/Herman/.pico-sdk/sdk/2.0.0/src/rp2_common/pico_runtime_init/runtime_init.c.obj
                0x10002844                runtime_init_spin_locks_reset
 .text.runtime_init_install_ram_vector_table
                0x1000284c       0x1c CMakeFiles/main.dir/C_/Users/Herman/.pico-sdk/sdk/2.0.0/src/rp2_common/pico_runtime_init/runtime_init.c.obj
                0x1000284c                runtime_init_install_ram_vector_table
 .text.runtime_init_clocks
                0x10002868       0xd8 CMakeFiles/main.dir/C_/Users/Herman/.pico-sdk/sdk/2.0.0/src/rp2_common/pico_runtime_init/runtime_init_clocks.c.obj
                0x10002868                runtime_init_clocks
 .text          0x10002940       0x10 CMakeFiles/main.dir/C_/Users/Herman/.pico-sdk/sdk/2.0.0/src/rp2_common/pico_bit_ops/bit_ops_aeabi.S.obj
 .text.rom_func_lookup
                0x10002950       0x10 CMakeFiles/main.dir/C_/Users/Herman/.pico-sdk/sdk/2.0.0/src/rp2_common/pico_bootrom/bootrom.c.obj
                0x10002950                rom_func_lookup
 .text.rom_data_lookup
                0x10002960       0x10 CMakeFiles/main.dir/C_/Users/Herman/.pico-sdk/sdk/2.0.0/src/rp2_common/pico_bootrom/bootrom.c.obj
                0x10002960                rom_data_lookup
 .text.rom_funcs_lookup
                0x10002970       0x44 CMakeFiles/main.dir/C_/Users/Herman/.pico-sdk/sdk/2.0.0/src/rp2_common/pico_bootrom/bootrom.c.obj
                0x10002970                rom_funcs_lookup
 .text.rom_reset_usb_boot
                0x100029b4       0x20 CMakeFiles/main.dir/C_/Users/Herman/.pico-sdk/sdk/2.0.0/src/rp2_common/pico_bootrom/bootrom.c.obj
                0x100029b4                rom_reset_usb_boot
 .text.__wrap___aeabi_idiv
                0x100029d4       0x50 CMakeFiles/main.dir/C_/Users/Herman/.pico-sdk/sdk/2.0.0/src/rp2_common/pico_divider/divider_hardware.S.obj
                0x100029d4                __wrap___aeabi_idivmod
                0x100029d4                divmod_s32s32
                0x100029d4                div_s32s32
                0x100029d4                __wrap___aeabi_idiv
                0x100029dc                divmod_s32s32_unsafe
                0x10002a08                divmod_s32s32_savestate
 .text.__wrap___aeabi_uidiv
                0x10002a24       0x4c CMakeFiles/main.dir/C_/Users/Herman/.pico-sdk/sdk/2.0.0/src/rp2_common/pico_divider/divider_hardware.S.obj
                0x10002a24                __wrap___aeabi_uidiv
                0x10002a24                __wrap___aeabi_uidivmod
                0x10002a24                div_u32u32
                0x10002a24                divmod_u32u32
                0x10002a2c                divmod_u32u32_unsafe
                0x10002a54                divmod_u32u32_savestate
 .text.__wrap___aeabi_ldiv
                0x10002a70      0x424 CMakeFiles/main.dir/C_/Users/Herman/.pico-sdk/sdk/2.0.0/src/rp2_common/pico_divider/divider_hardware.S.obj
                0x10002a70                div_s64s64
                0x10002a70                divmod_s64s64
                0x10002a70                __wrap___aeabi_ldivmod
                0x10002aa0                divmod_u64u64
                0x10002aa0                div_u64u64
                0x10002aa0                __wrap___aeabi_uldivmod
                0x10002ab0                divmod_u64u64_savestate
                0x10002ad0                divmod_s64s64_unsafe
                0x10002b58                divmod_u64u64_unsafe
 .text.__wrap___aeabi_darithmetic
                0x10002e94       0x80 CMakeFiles/main.dir/C_/Users/Herman/.pico-sdk/sdk/2.0.0/src/rp2_common/pico_double/double_aeabi_rp2040.S.obj
                0x10002e94                __wrap___aeabi_drsub
                0x10002e9a                __wrap___aeabi_dsub
                0x10002eac                __wrap___aeabi_dadd
                0x10002ebe                __wrap___aeabi_ddiv
                0x10002efa                __wrap___aeabi_dmul
 .text.__wrap___aeabi_cdcmple
                0x10002f14       0x6c CMakeFiles/main.dir/C_/Users/Herman/.pico-sdk/sdk/2.0.0/src/rp2_common/pico_double/double_aeabi_rp2040.S.obj
                0x10002f14                __wrap___aeabi_cdrcmple
                0x10002f24                __wrap___aeabi_cdcmpeq
                0x10002f24                __wrap___aeabi_cdcmple
 .text.__wrap___aeabi_dcmplt
                0x10002f80        0xc CMakeFiles/main.dir/C_/Users/Herman/.pico-sdk/sdk/2.0.0/src/rp2_common/pico_double/double_aeabi_rp2040.S.obj
                0x10002f80                __wrap___aeabi_dcmplt
 .text.__wrap___aeabi_dcmpge
                0x10002f8c       0x10 CMakeFiles/main.dir/C_/Users/Herman/.pico-sdk/sdk/2.0.0/src/rp2_common/pico_double/double_aeabi_rp2040.S.obj
                0x10002f8c                __wrap___aeabi_dcmpge
 .text.__wrap___aeabi_dcmpgt
                0x10002f9c        0xa CMakeFiles/main.dir/C_/Users/Herman/.pico-sdk/sdk/2.0.0/src/rp2_common/pico_double/double_aeabi_rp2040.S.obj
                0x10002f9c                __wrap___aeabi_dcmpgt
 .text.__wrap___aeabi_dcmpun
                0x10002fa6       0x18 CMakeFiles/main.dir/C_/Users/Herman/.pico-sdk/sdk/2.0.0/src/rp2_common/pico_double/double_aeabi_rp2040.S.obj
                0x10002fa6                __wrap___aeabi_dcmpun
 *fill*         0x10002fbe        0x2 
 .text.__wrap___aeabi_i2d
                0x10002fc0       0x38 CMakeFiles/main.dir/C_/Users/Herman/.pico-sdk/sdk/2.0.0/src/rp2_common/pico_double/double_aeabi_rp2040.S.obj
                0x10002fc0                __wrap___aeabi_ui2d
                0x10002fc8                __wrap___aeabi_i2d
 .text.__wrap___aeabi_d2iz
                0x10002ff8       0x48 CMakeFiles/main.dir/C_/Users/Herman/.pico-sdk/sdk/2.0.0/src/rp2_common/pico_double/double_aeabi_rp2040.S.obj
                0x10002ff8                double2int_z
                0x10002ff8                __wrap___aeabi_d2iz
 .text.__wrap___aeabi_d2uiz
                0x10003040       0x18 CMakeFiles/main.dir/C_/Users/Herman/.pico-sdk/sdk/2.0.0/src/rp2_common/pico_double/double_aeabi_rp2040.S.obj
                0x10003040                __wrap___aeabi_d2uiz
                0x10003040                double2uint
 .text.__aeabi_double_init
                0x10003058       0xa4 CMakeFiles/main.dir/C_/Users/Herman/.pico-sdk/sdk/2.0.0/src/rp2_common/pico_double/double_init_rom_rp2040.c.obj
                0x10003058                __aeabi_double_init
 .text.double_table_shim_on_use_helper
                0x100030fc       0x2c CMakeFiles/main.dir/C_/Users/Herman/.pico-sdk/sdk/2.0.0/src/rp2_common/pico_double/double_v1_rom_shim_rp2040.S.obj
                0x100030fc                double_table_shim_on_use_helper
 .text.__wrap___aeabi_dsub
                0x10003128       0x10 CMakeFiles/main.dir/C_/Users/Herman/.pico-sdk/sdk/2.0.0/src/rp2_common/pico_double/double_v1_rom_shim_rp2040.S.obj
                0x10003128                drsub_shim
                0x1000312e                dsub_shim
 .text.dadd_shim
                0x10003138      0x15c CMakeFiles/main.dir/C_/Users/Herman/.pico-sdk/sdk/2.0.0/src/rp2_common/pico_double/double_v1_rom_shim_rp2040.S.obj
                0x10003138                dadd_shim
 .text.dmul_shim
                0x10003294      0x15c CMakeFiles/main.dir/C_/Users/Herman/.pico-sdk/sdk/2.0.0/src/rp2_common/pico_double/double_v1_rom_shim_rp2040.S.obj
                0x10003294                dmul_shim
 .text.ddiv_shim
                0x100033f0      0x1b0 CMakeFiles/main.dir/C_/Users/Herman/.pico-sdk/sdk/2.0.0/src/rp2_common/pico_double/double_v1_rom_shim_rp2040.S.obj
                0x100033f0                ddiv_shim
 .text.double2uint_shim
                0x100035a0        0xe CMakeFiles/main.dir/C_/Users/Herman/.pico-sdk/sdk/2.0.0/src/rp2_common/pico_double/double_v1_rom_shim_rp2040.S.obj
                0x100035a0                double2uint_shim
                0x100035a2                double2ufix_shim
 *fill*         0x100035ae        0x2 
 .text.double2uint64_shim
                0x100035b0       0x70 CMakeFiles/main.dir/C_/Users/Herman/.pico-sdk/sdk/2.0.0/src/rp2_common/pico_double/double_v1_rom_shim_rp2040.S.obj
                0x100035b0                double2uint64_shim
                0x100035b2                double2ufix64_shim
                0x100035d2                d2fix_a
 .text.dunpacks
                0x10003620       0x3c CMakeFiles/main.dir/C_/Users/Herman/.pico-sdk/sdk/2.0.0/src/rp2_common/pico_double/double_v1_rom_shim_rp2040.S.obj
                0x10003620                dunpacks
 .text.__aeabi_lmul
                0x1000365c       0x32 CMakeFiles/main.dir/C_/Users/Herman/.pico-sdk/sdk/2.0.0/src/rp2_common/pico_int64_ops/pico_int64_ops_aeabi.S.obj
                0x1000365c                __wrap___aeabi_lmul
 *fill*         0x1000368e        0x2 
 .text.__aeabi_float_init
                0x10003690       0x64 CMakeFiles/main.dir/C_/Users/Herman/.pico-sdk/sdk/2.0.0/src/rp2_common/pico_float/float_init_rom_rp2040.c.obj
                0x10003690                __aeabi_float_init
 .text.float_table_shim_on_use_helper
                0x100036f4       0x2c CMakeFiles/main.dir/C_/Users/Herman/.pico-sdk/sdk/2.0.0/src/rp2_common/pico_float/float_v1_rom_shim_rp2040.S.obj
                0x100036f4                float_table_shim_on_use_helper
 .text.__wrap_malloc
                0x10003720       0x24 CMakeFiles/main.dir/C_/Users/Herman/.pico-sdk/sdk/2.0.0/src/rp2_common/pico_malloc/malloc.c.obj
                0x10003720                __wrap_malloc
 .text.__wrap_free
                0x10003744        0x8 CMakeFiles/main.dir/C_/Users/Herman/.pico-sdk/sdk/2.0.0/src/rp2_common/pico_malloc/malloc.c.obj
                0x10003744                __wrap_free
 .text          0x1000374c       0x10 CMakeFiles/main.dir/C_/Users/Herman/.pico-sdk/sdk/2.0.0/src/rp2_common/pico_mem_ops/mem_ops_aeabi.S.obj
                0x1000374c                __aeabi_mem_init
 .text.memset   0x1000375c        0xc CMakeFiles/main.dir/C_/Users/Herman/.pico-sdk/sdk/2.0.0/src/rp2_common/pico_mem_ops/mem_ops_aeabi.S.obj
                0x1000375c                __wrap_memset
 .text.memcpy   0x10003768        0xc CMakeFiles/main.dir/C_/Users/Herman/.pico-sdk/sdk/2.0.0/src/rp2_common/pico_mem_ops/mem_ops_aeabi.S.obj
                0x10003768                __wrap_memcpy
                0x10003768                __wrap___aeabi_memcpy
 .text._out_null
                0x10003774        0x4 CMakeFiles/main.dir/C_/Users/Herman/.pico-sdk/sdk/2.0.0/src/rp2_common/pico_printf/printf.c.obj
 .text._out_rev
                0x10003778       0xac CMakeFiles/main.dir/C_/Users/Herman/.pico-sdk/sdk/2.0.0/src/rp2_common/pico_printf/printf.c.obj
 .text._ntoa_format
                0x10003824      0x250 CMakeFiles/main.dir/C_/Users/Herman/.pico-sdk/sdk/2.0.0/src/rp2_common/pico_printf/printf.c.obj
 .text._out_char
                0x10003a74       0x10 CMakeFiles/main.dir/C_/Users/Herman/.pico-sdk/sdk/2.0.0/src/rp2_common/pico_printf/printf.c.obj
 .text._out_fct
                0x10003a84       0x10 CMakeFiles/main.dir/C_/Users/Herman/.pico-sdk/sdk/2.0.0/src/rp2_common/pico_printf/printf.c.obj
 .text._etoa    0x10003a94      0x464 CMakeFiles/main.dir/C_/Users/Herman/.pico-sdk/sdk/2.0.0/src/rp2_common/pico_printf/printf.c.obj
 .text._ftoa    0x10003ef8      0x3c0 CMakeFiles/main.dir/C_/Users/Herman/.pico-sdk/sdk/2.0.0/src/rp2_common/pico_printf/printf.c.obj
 .text._vsnprintf
                0x100042b8      0xbc8 CMakeFiles/main.dir/C_/Users/Herman/.pico-sdk/sdk/2.0.0/src/rp2_common/pico_printf/printf.c.obj
 .text.vfctprintf
                0x10004e80       0x20 CMakeFiles/main.dir/C_/Users/Herman/.pico-sdk/sdk/2.0.0/src/rp2_common/pico_printf/printf.c.obj
                0x10004e80                vfctprintf
 .text.weak_raw_vprintf
                0x10004ea0       0x30 CMakeFiles/main.dir/C_/Users/Herman/.pico-sdk/sdk/2.0.0/src/rp2_common/pico_printf/printf.c.obj
                0x10004ea0                weak_raw_vprintf
 .text._exit    0x10004ed0        0x4 CMakeFiles/main.dir/C_/Users/Herman/.pico-sdk/sdk/2.0.0/src/rp2_common/pico_clib_interface/newlib_interface.c.obj
                0x10004ed0                _exit
 .text._sbrk    0x10004ed4       0x34 CMakeFiles/main.dir/C_/Users/Herman/.pico-sdk/sdk/2.0.0/src/rp2_common/pico_clib_interface/newlib_interface.c.obj
                0x10004ed4                _sbrk
 .text.exit     0x10004f08        0x8 CMakeFiles/main.dir/C_/Users/Herman/.pico-sdk/sdk/2.0.0/src/rp2_common/pico_clib_interface/newlib_interface.c.obj
                0x10004f08                exit
 .text.runtime_init
                0x10004f10       0x2c CMakeFiles/main.dir/C_/Users/Herman/.pico-sdk/sdk/2.0.0/src/rp2_common/pico_clib_interface/newlib_interface.c.obj
                0x10004f10                runtime_init
 .text.stdio_out_chars_no_crlf
                0x10004f3c       0x10 CMakeFiles/main.dir/C_/Users/Herman/.pico-sdk/sdk/2.0.0/src/rp2_common/pico_stdio/stdio.c.obj
 .text.stdio_out_chars_crlf
                0x10004f4c       0x94 CMakeFiles/main.dir/C_/Users/Herman/.pico-sdk/sdk/2.0.0/src/rp2_common/pico_stdio/stdio.c.obj
 .text.stdio_buffered_printer
                0x10004fe0       0x64 CMakeFiles/main.dir/C_/Users/Herman/.pico-sdk/sdk/2.0.0/src/rp2_common/pico_stdio/stdio.c.obj
 .text.stdio_put_string
                0x10005044      0x100 CMakeFiles/main.dir/C_/Users/Herman/.pico-sdk/sdk/2.0.0/src/rp2_common/pico_stdio/stdio.c.obj
                0x10005044                stdio_put_string
 .text.stdio_set_driver_enabled
                0x10005144       0x30 CMakeFiles/main.dir/C_/Users/Herman/.pico-sdk/sdk/2.0.0/src/rp2_common/pico_stdio/stdio.c.obj
                0x10005144                stdio_set_driver_enabled
 .text.stdio_init_all
                0x10005174        0x8 CMakeFiles/main.dir/C_/Users/Herman/.pico-sdk/sdk/2.0.0/src/rp2_common/pico_stdio/stdio.c.obj
                0x10005174                stdio_init_all
 .text.__wrap_putchar
                0x1000517c       0x98 CMakeFiles/main.dir/C_/Users/Herman/.pico-sdk/sdk/2.0.0/src/rp2_common/pico_stdio/stdio.c.obj
                0x1000517c                __wrap_putchar
                0x1000517c                stdio_putchar
 .text.__wrap_puts
                0x10005214       0x3c CMakeFiles/main.dir/C_/Users/Herman/.pico-sdk/sdk/2.0.0/src/rp2_common/pico_stdio/stdio.c.obj
                0x10005214                stdio_puts
                0x10005214                __wrap_puts
 .text.__wrap_vprintf
                0x10005250       0xd4 CMakeFiles/main.dir/C_/Users/Herman/.pico-sdk/sdk/2.0.0/src/rp2_common/pico_stdio/stdio.c.obj
                0x10005250                stdio_vprintf
                0x10005250                __wrap_vprintf
 .text.__wrap_printf
                0x10005324       0x18 CMakeFiles/main.dir/C_/Users/Herman/.pico-sdk/sdk/2.0.0/src/rp2_common/pico_stdio/stdio.c.obj
                0x10005324                __wrap_printf
                0x10005324                stdio_printf
 .text.resetd_init
                0x1000533c        0x4 CMakeFiles/main.dir/C_/Users/Herman/.pico-sdk/sdk/2.0.0/src/rp2_common/pico_stdio_usb/reset_interface.c.obj
 .text.resetd_reset
                0x10005340        0xc CMakeFiles/main.dir/C_/Users/Herman/.pico-sdk/sdk/2.0.0/src/rp2_common/pico_stdio_usb/reset_interface.c.obj
 .text.resetd_open
                0x1000534c       0x28 CMakeFiles/main.dir/C_/Users/Herman/.pico-sdk/sdk/2.0.0/src/rp2_common/pico_stdio_usb/reset_interface.c.obj
 .text.resetd_xfer_cb
                0x10005374        0x4 CMakeFiles/main.dir/C_/Users/Herman/.pico-sdk/sdk/2.0.0/src/rp2_common/pico_stdio_usb/reset_interface.c.obj
 .text.resetd_control_xfer_cb
                0x10005378       0x54 CMakeFiles/main.dir/C_/Users/Herman/.pico-sdk/sdk/2.0.0/src/rp2_common/pico_stdio_usb/reset_interface.c.obj
 .text.tud_descriptor_bos_cb
                0x100053cc        0x8 CMakeFiles/main.dir/C_/Users/Herman/.pico-sdk/sdk/2.0.0/src/rp2_common/pico_stdio_usb/reset_interface.c.obj
                0x100053cc                tud_descriptor_bos_cb
 .text.tud_vendor_control_xfer_cb
                0x100053d4       0x34 CMakeFiles/main.dir/C_/Users/Herman/.pico-sdk/sdk/2.0.0/src/rp2_common/pico_stdio_usb/reset_interface.c.obj
                0x100053d4                tud_vendor_control_xfer_cb
 .text.usbd_app_driver_get_cb
                0x10005408        0xc CMakeFiles/main.dir/C_/Users/Herman/.pico-sdk/sdk/2.0.0/src/rp2_common/pico_stdio_usb/reset_interface.c.obj
                0x10005408                usbd_app_driver_get_cb
 .text.tud_cdc_line_coding_cb
                0x10005414       0x28 CMakeFiles/main.dir/C_/Users/Herman/.pico-sdk/sdk/2.0.0/src/rp2_common/pico_stdio_usb/reset_interface.c.obj
                0x10005414                tud_cdc_line_coding_cb
 .text.stdio_usb_set_chars_available_callback
                0x1000543c       0x14 CMakeFiles/main.dir/C_/Users/Herman/.pico-sdk/sdk/2.0.0/src/rp2_common/pico_stdio_usb/stdio_usb.c.obj
                0x1000543c                stdio_usb_set_chars_available_callback
 .text.usb_irq  0x10005450       0x10 CMakeFiles/main.dir/C_/Users/Herman/.pico-sdk/sdk/2.0.0/src/rp2_common/pico_stdio_usb/stdio_usb.c.obj
 .text.timer_task
                0x10005460       0x64 CMakeFiles/main.dir/C_/Users/Herman/.pico-sdk/sdk/2.0.0/src/rp2_common/pico_stdio_usb/stdio_usb.c.obj
 .text.stdio_usb_in_chars
                0x100054c4       0x90 CMakeFiles/main.dir/C_/Users/Herman/.pico-sdk/sdk/2.0.0/src/rp2_common/pico_stdio_usb/stdio_usb.c.obj
                0x100054c4                stdio_usb_in_chars
 .text.stdio_usb_out_flush
                0x10005554       0x50 CMakeFiles/main.dir/C_/Users/Herman/.pico-sdk/sdk/2.0.0/src/rp2_common/pico_stdio_usb/stdio_usb.c.obj
 .text.stdio_usb_out_chars
                0x100055a4      0x104 CMakeFiles/main.dir/C_/Users/Herman/.pico-sdk/sdk/2.0.0/src/rp2_common/pico_stdio_usb/stdio_usb.c.obj
 .text.low_priority_worker_irq
                0x100056a8       0xcc CMakeFiles/main.dir/C_/Users/Herman/.pico-sdk/sdk/2.0.0/src/rp2_common/pico_stdio_usb/stdio_usb.c.obj
 .text.stdio_usb_init
                0x10005774       0xe8 CMakeFiles/main.dir/C_/Users/Herman/.pico-sdk/sdk/2.0.0/src/rp2_common/pico_stdio_usb/stdio_usb.c.obj
                0x10005774                stdio_usb_init
 .text.tud_descriptor_device_cb
                0x1000585c        0x8 CMakeFiles/main.dir/C_/Users/Herman/.pico-sdk/sdk/2.0.0/src/rp2_common/pico_stdio_usb/stdio_usb_descriptors.c.obj
                0x1000585c                tud_descriptor_device_cb
 .text.tud_descriptor_configuration_cb
                0x10005864        0x8 CMakeFiles/main.dir/C_/Users/Herman/.pico-sdk/sdk/2.0.0/src/rp2_common/pico_stdio_usb/stdio_usb_descriptors.c.obj
                0x10005864                tud_descriptor_configuration_cb
 .text.tud_descriptor_string_cb
                0x1000586c       0x78 CMakeFiles/main.dir/C_/Users/Herman/.pico-sdk/sdk/2.0.0/src/rp2_common/pico_stdio_usb/stdio_usb_descriptors.c.obj
                0x1000586c                tud_descriptor_string_cb
 .text.startup._retrieve_unique_id_on_boot
                0x100058e4       0x10 CMakeFiles/main.dir/C_/Users/Herman/.pico-sdk/sdk/2.0.0/src/rp2_common/pico_unique_id/unique_id.c.obj
 .text.pico_get_unique_board_id_string
                0x100058f4      0x1a8 CMakeFiles/main.dir/C_/Users/Herman/.pico-sdk/sdk/2.0.0/src/rp2_common/pico_unique_id/unique_id.c.obj
                0x100058f4                pico_get_unique_board_id_string
 .text.flash_get_unique_id
                0x10005a9c       0x3c CMakeFiles/main.dir/C_/Users/Herman/.pico-sdk/sdk/2.0.0/src/rp2_common/hardware_flash/flash.c.obj
                0x10005a9c                flash_get_unique_id
 .text.dcd_init
                0x10005ad8       0x8c CMakeFiles/main.dir/C_/Users/Herman/.pico-sdk/sdk/2.0.0/lib/tinyusb/src/portable/raspberrypi/rp2040/dcd_rp2040.c.obj
                0x10005ad8                dcd_init
 .text.dcd_int_enable
                0x10005b64        0xc CMakeFiles/main.dir/C_/Users/Herman/.pico-sdk/sdk/2.0.0/lib/tinyusb/src/portable/raspberrypi/rp2040/dcd_rp2040.c.obj
                0x10005b64                dcd_int_enable
 .text.dcd_set_address
                0x10005b70       0x14 CMakeFiles/main.dir/C_/Users/Herman/.pico-sdk/sdk/2.0.0/lib/tinyusb/src/portable/raspberrypi/rp2040/dcd_rp2040.c.obj
                0x10005b70                dcd_set_address
 .text.dcd_sof_enable
                0x10005b84       0x1c CMakeFiles/main.dir/C_/Users/Herman/.pico-sdk/sdk/2.0.0/lib/tinyusb/src/portable/raspberrypi/rp2040/dcd_rp2040.c.obj
                0x10005b84                dcd_sof_enable
 .text.dcd_edpt0_status_complete
                0x10005ba0       0x1c CMakeFiles/main.dir/C_/Users/Herman/.pico-sdk/sdk/2.0.0/lib/tinyusb/src/portable/raspberrypi/rp2040/dcd_rp2040.c.obj
                0x10005ba0                dcd_edpt0_status_complete
 .text.dcd_edpt_open
                0x10005bbc      0x108 CMakeFiles/main.dir/C_/Users/Herman/.pico-sdk/sdk/2.0.0/lib/tinyusb/src/portable/raspberrypi/rp2040/dcd_rp2040.c.obj
                0x10005bbc                dcd_edpt_open
 .text.dcd_edpt_close_all
                0x10005cc4        0x8 CMakeFiles/main.dir/C_/Users/Herman/.pico-sdk/sdk/2.0.0/lib/tinyusb/src/portable/raspberrypi/rp2040/dcd_rp2040.c.obj
                0x10005cc4                dcd_edpt_close_all
 .text.dcd_edpt_xfer
                0x10005ccc       0x24 CMakeFiles/main.dir/C_/Users/Herman/.pico-sdk/sdk/2.0.0/lib/tinyusb/src/portable/raspberrypi/rp2040/dcd_rp2040.c.obj
                0x10005ccc                dcd_edpt_xfer
 .text.dcd_edpt_stall
                0x10005cf0       0x34 CMakeFiles/main.dir/C_/Users/Herman/.pico-sdk/sdk/2.0.0/lib/tinyusb/src/portable/raspberrypi/rp2040/dcd_rp2040.c.obj
                0x10005cf0                dcd_edpt_stall
 .text.dcd_edpt_clear_stall
                0x10005d24       0x30 CMakeFiles/main.dir/C_/Users/Herman/.pico-sdk/sdk/2.0.0/lib/tinyusb/src/portable/raspberrypi/rp2040/dcd_rp2040.c.obj
                0x10005d24                dcd_edpt_clear_stall
 .text.rp2040_usb_init
                0x10005d54       0x40 CMakeFiles/main.dir/C_/Users/Herman/.pico-sdk/sdk/2.0.0/lib/tinyusb/src/portable/raspberrypi/rp2040/rp2040_usb.c.obj
                0x10005d54                rp2040_usb_init
 .text.hw_endpoint_xfer_start
                0x10005d94       0x40 CMakeFiles/main.dir/C_/Users/Herman/.pico-sdk/sdk/2.0.0/lib/tinyusb/src/portable/raspberrypi/rp2040/rp2040_usb.c.obj
                0x10005d94                hw_endpoint_xfer_start
 .text.tud_event_hook_cb
                0x10005dd4        0x4 CMakeFiles/main.dir/C_/Users/Herman/.pico-sdk/sdk/2.0.0/lib/tinyusb/src/device/usbd.c.obj
                0x10005dd4                tud_event_hook_cb
 .text.tud_sof_cb
                0x10005dd8        0x4 CMakeFiles/main.dir/C_/Users/Herman/.pico-sdk/sdk/2.0.0/lib/tinyusb/src/device/usbd.c.obj
                0x10005dd8                tud_sof_cb
 .text.tud_descriptor_device_qualifier_cb
                0x10005ddc        0x4 CMakeFiles/main.dir/C_/Users/Herman/.pico-sdk/sdk/2.0.0/lib/tinyusb/src/device/usbd.c.obj
                0x10005ddc                tud_descriptor_device_qualifier_cb
 .text.tud_descriptor_other_speed_configuration_cb
                0x10005de0        0x4 CMakeFiles/main.dir/C_/Users/Herman/.pico-sdk/sdk/2.0.0/lib/tinyusb/src/device/usbd.c.obj
                0x10005de0                tud_descriptor_other_speed_configuration_cb
 .text.tud_mount_cb
                0x10005de4        0x4 CMakeFiles/main.dir/C_/Users/Herman/.pico-sdk/sdk/2.0.0/lib/tinyusb/src/device/usbd.c.obj
                0x10005de4                tud_mount_cb
 .text.tud_umount_cb
                0x10005de8        0x4 CMakeFiles/main.dir/C_/Users/Herman/.pico-sdk/sdk/2.0.0/lib/tinyusb/src/device/usbd.c.obj
                0x10005de8                tud_umount_cb
 .text.tud_suspend_cb
                0x10005dec        0x4 CMakeFiles/main.dir/C_/Users/Herman/.pico-sdk/sdk/2.0.0/lib/tinyusb/src/device/usbd.c.obj
                0x10005dec                tud_suspend_cb
 .text.tud_resume_cb
                0x10005df0        0x4 CMakeFiles/main.dir/C_/Users/Herman/.pico-sdk/sdk/2.0.0/lib/tinyusb/src/device/usbd.c.obj
                0x10005df0                tud_resume_cb
 .text.tud_mounted
                0x10005df4       0x10 CMakeFiles/main.dir/C_/Users/Herman/.pico-sdk/sdk/2.0.0/lib/tinyusb/src/device/usbd.c.obj
                0x10005df4                tud_mounted
 .text.tud_suspended
                0x10005e04       0x10 CMakeFiles/main.dir/C_/Users/Herman/.pico-sdk/sdk/2.0.0/lib/tinyusb/src/device/usbd.c.obj
                0x10005e04                tud_suspended
 .text.tud_init
                0x10005e14       0xe4 CMakeFiles/main.dir/C_/Users/Herman/.pico-sdk/sdk/2.0.0/lib/tinyusb/src/device/usbd.c.obj
                0x10005e14                tud_init
 .text.tud_task_ext
                0x10005ef8      0x800 CMakeFiles/main.dir/C_/Users/Herman/.pico-sdk/sdk/2.0.0/lib/tinyusb/src/device/usbd.c.obj
                0x10005ef8                tud_task_ext
 .text.usbd_open_edpt_pair
                0x100066f8       0x9c CMakeFiles/main.dir/C_/Users/Herman/.pico-sdk/sdk/2.0.0/lib/tinyusb/src/device/usbd.c.obj
                0x100066f8                usbd_open_edpt_pair
 .text.usbd_edpt_open
                0x10006794       0x34 CMakeFiles/main.dir/C_/Users/Herman/.pico-sdk/sdk/2.0.0/lib/tinyusb/src/device/usbd.c.obj
                0x10006794                usbd_edpt_open
 .text.usbd_edpt_claim
                0x100067c8       0x28 CMakeFiles/main.dir/C_/Users/Herman/.pico-sdk/sdk/2.0.0/lib/tinyusb/src/device/usbd.c.obj
                0x100067c8                usbd_edpt_claim
 .text.usbd_edpt_release
                0x100067f0       0x28 CMakeFiles/main.dir/C_/Users/Herman/.pico-sdk/sdk/2.0.0/lib/tinyusb/src/device/usbd.c.obj
                0x100067f0                usbd_edpt_release
 .text.usbd_edpt_xfer
                0x10006818       0x4c CMakeFiles/main.dir/C_/Users/Herman/.pico-sdk/sdk/2.0.0/lib/tinyusb/src/device/usbd.c.obj
                0x10006818                usbd_edpt_xfer
 .text.tud_control_status
                0x10006864       0x2c CMakeFiles/main.dir/C_/Users/Herman/.pico-sdk/sdk/2.0.0/lib/tinyusb/src/device/usbd_control.c.obj
                0x10006864                tud_control_status
 .text.tud_control_xfer
                0x10006890       0xac CMakeFiles/main.dir/C_/Users/Herman/.pico-sdk/sdk/2.0.0/lib/tinyusb/src/device/usbd_control.c.obj
                0x10006890                tud_control_xfer
 .text.usbd_control_reset
                0x1000693c       0x14 CMakeFiles/main.dir/C_/Users/Herman/.pico-sdk/sdk/2.0.0/lib/tinyusb/src/device/usbd_control.c.obj
                0x1000693c                usbd_control_reset
 .text.usbd_control_set_complete_callback
                0x10006950        0xc CMakeFiles/main.dir/C_/Users/Herman/.pico-sdk/sdk/2.0.0/lib/tinyusb/src/device/usbd_control.c.obj
                0x10006950                usbd_control_set_complete_callback
 .text.usbd_control_set_request
                0x1000695c       0x1c CMakeFiles/main.dir/C_/Users/Herman/.pico-sdk/sdk/2.0.0/lib/tinyusb/src/device/usbd_control.c.obj
                0x1000695c                usbd_control_set_request
 .text.usbd_control_xfer_cb
                0x10006978       0xec CMakeFiles/main.dir/C_/Users/Herman/.pico-sdk/sdk/2.0.0/lib/tinyusb/src/device/usbd_control.c.obj
                0x10006978                usbd_control_xfer_cb
 .text._prep_out_transaction.isra.0
                0x10006a64       0x5c CMakeFiles/main.dir/C_/Users/Herman/.pico-sdk/sdk/2.0.0/lib/tinyusb/src/class/cdc/cdc_device.c.obj
 .text.tud_cdc_n_connected
                0x10006ac0       0x30 CMakeFiles/main.dir/C_/Users/Herman/.pico-sdk/sdk/2.0.0/lib/tinyusb/src/class/cdc/cdc_device.c.obj
                0x10006ac0                tud_cdc_n_connected
 .text.tud_cdc_n_available
                0x10006af0       0x18 CMakeFiles/main.dir/C_/Users/Herman/.pico-sdk/sdk/2.0.0/lib/tinyusb/src/class/cdc/cdc_device.c.obj
                0x10006af0                tud_cdc_n_available
 .text.tud_cdc_n_read
                0x10006b08       0x98 CMakeFiles/main.dir/C_/Users/Herman/.pico-sdk/sdk/2.0.0/lib/tinyusb/src/class/cdc/cdc_device.c.obj
                0x10006b08                tud_cdc_n_read
 .text.tud_cdc_n_write_flush
                0x10006ba0       0x78 CMakeFiles/main.dir/C_/Users/Herman/.pico-sdk/sdk/2.0.0/lib/tinyusb/src/class/cdc/cdc_device.c.obj
                0x10006ba0                tud_cdc_n_write_flush
 .text.tud_cdc_n_write
                0x10006c18       0x40 CMakeFiles/main.dir/C_/Users/Herman/.pico-sdk/sdk/2.0.0/lib/tinyusb/src/class/cdc/cdc_device.c.obj
                0x10006c18                tud_cdc_n_write
 .text.tud_cdc_n_write_available
                0x10006c58       0x18 CMakeFiles/main.dir/C_/Users/Herman/.pico-sdk/sdk/2.0.0/lib/tinyusb/src/class/cdc/cdc_device.c.obj
                0x10006c58                tud_cdc_n_write_available
 .text.cdcd_init
                0x10006c70       0x7c CMakeFiles/main.dir/C_/Users/Herman/.pico-sdk/sdk/2.0.0/lib/tinyusb/src/class/cdc/cdc_device.c.obj
                0x10006c70                cdcd_init
 .text.cdcd_deinit
                0x10006cec       0x34 CMakeFiles/main.dir/C_/Users/Herman/.pico-sdk/sdk/2.0.0/lib/tinyusb/src/class/cdc/cdc_device.c.obj
                0x10006cec                cdcd_deinit
 .text.cdcd_reset
                0x10006d20       0x4c CMakeFiles/main.dir/C_/Users/Herman/.pico-sdk/sdk/2.0.0/lib/tinyusb/src/class/cdc/cdc_device.c.obj
                0x10006d20                cdcd_reset
 .text.cdcd_open
                0x10006d6c       0xb0 CMakeFiles/main.dir/C_/Users/Herman/.pico-sdk/sdk/2.0.0/lib/tinyusb/src/class/cdc/cdc_device.c.obj
                0x10006d6c                cdcd_open
 .text.cdcd_control_xfer_cb
                0x10006e1c       0xe4 CMakeFiles/main.dir/C_/Users/Herman/.pico-sdk/sdk/2.0.0/lib/tinyusb/src/class/cdc/cdc_device.c.obj
                0x10006e1c                cdcd_control_xfer_cb
 .text.cdcd_xfer_cb
                0x10006f00      0x100 CMakeFiles/main.dir/C_/Users/Herman/.pico-sdk/sdk/2.0.0/lib/tinyusb/src/class/cdc/cdc_device.c.obj
                0x10006f00                cdcd_xfer_cb
 .text.tud_vendor_n_write_flush
                0x10007000       0x78 CMakeFiles/main.dir/C_/Users/Herman/.pico-sdk/sdk/2.0.0/lib/tinyusb/src/class/vendor/vendor_device.c.obj
                0x10007000                tud_vendor_n_write_flush
 .text.vendord_init
                0x10007078       0x64 CMakeFiles/main.dir/C_/Users/Herman/.pico-sdk/sdk/2.0.0/lib/tinyusb/src/class/vendor/vendor_device.c.obj
                0x10007078                vendord_init
 .text.vendord_deinit
                0x100070dc       0x34 CMakeFiles/main.dir/C_/Users/Herman/.pico-sdk/sdk/2.0.0/lib/tinyusb/src/class/vendor/vendor_device.c.obj
                0x100070dc                vendord_deinit
 .text.vendord_reset
                0x10007110       0x1c CMakeFiles/main.dir/C_/Users/Herman/.pico-sdk/sdk/2.0.0/lib/tinyusb/src/class/vendor/vendor_device.c.obj
                0x10007110                vendord_reset
 .text.vendord_open
                0x1000712c       0xd8 CMakeFiles/main.dir/C_/Users/Herman/.pico-sdk/sdk/2.0.0/lib/tinyusb/src/class/vendor/vendor_device.c.obj
                0x1000712c                vendord_open
 .text.vendord_xfer_cb
                0x10007204       0xc8 CMakeFiles/main.dir/C_/Users/Herman/.pico-sdk/sdk/2.0.0/lib/tinyusb/src/class/vendor/vendor_device.c.obj
                0x10007204                vendord_xfer_cb
 .text.tusb_init
                0x100072cc        0xc CMakeFiles/main.dir/C_/Users/Herman/.pico-sdk/sdk/2.0.0/lib/tinyusb/src/tusb.c.obj
                0x100072cc                tusb_init
 .text.tu_edpt_claim
                0x100072d8       0x50 CMakeFiles/main.dir/C_/Users/Herman/.pico-sdk/sdk/2.0.0/lib/tinyusb/src/tusb.c.obj
                0x100072d8                tu_edpt_claim
 .text.tu_edpt_release
                0x10007328       0x38 CMakeFiles/main.dir/C_/Users/Herman/.pico-sdk/sdk/2.0.0/lib/tinyusb/src/tusb.c.obj
                0x10007328                tu_edpt_release
 .text.tu_edpt_validate
                0x10007360       0x7c CMakeFiles/main.dir/C_/Users/Herman/.pico-sdk/sdk/2.0.0/lib/tinyusb/src/tusb.c.obj
                0x10007360                tu_edpt_validate
 .text.tu_edpt_bind_driver
                0x100073dc       0x34 CMakeFiles/main.dir/C_/Users/Herman/.pico-sdk/sdk/2.0.0/lib/tinyusb/src/tusb.c.obj
                0x100073dc                tu_edpt_bind_driver
 .text.tu_fifo_config
                0x10007410       0x6c CMakeFiles/main.dir/C_/Users/Herman/.pico-sdk/sdk/2.0.0/lib/tinyusb/src/common/tusb_fifo.c.obj
                0x10007410                tu_fifo_config
 .text.tu_fifo_count
                0x1000747c       0x2c CMakeFiles/main.dir/C_/Users/Herman/.pico-sdk/sdk/2.0.0/lib/tinyusb/src/common/tusb_fifo.c.obj
                0x1000747c                tu_fifo_count
 .text.tu_fifo_empty
                0x100074a8       0x10 CMakeFiles/main.dir/C_/Users/Herman/.pico-sdk/sdk/2.0.0/lib/tinyusb/src/common/tusb_fifo.c.obj
                0x100074a8                tu_fifo_empty
 .text.tu_fifo_remaining
                0x100074b8       0x2c CMakeFiles/main.dir/C_/Users/Herman/.pico-sdk/sdk/2.0.0/lib/tinyusb/src/common/tusb_fifo.c.obj
                0x100074b8                tu_fifo_remaining
 .text.tu_fifo_read
                0x100074e4       0x9c CMakeFiles/main.dir/C_/Users/Herman/.pico-sdk/sdk/2.0.0/lib/tinyusb/src/common/tusb_fifo.c.obj
                0x100074e4                tu_fifo_read
 .text.tu_fifo_read_n
                0x10007580       0xe8 CMakeFiles/main.dir/C_/Users/Herman/.pico-sdk/sdk/2.0.0/lib/tinyusb/src/common/tusb_fifo.c.obj
                0x10007580                tu_fifo_read_n
 .text.tu_fifo_write
                0x10007668       0xa8 CMakeFiles/main.dir/C_/Users/Herman/.pico-sdk/sdk/2.0.0/lib/tinyusb/src/common/tusb_fifo.c.obj
                0x10007668                tu_fifo_write
 .text.tu_fifo_write_n
                0x10007710      0x178 CMakeFiles/main.dir/C_/Users/Herman/.pico-sdk/sdk/2.0.0/lib/tinyusb/src/common/tusb_fifo.c.obj
                0x10007710                tu_fifo_write_n
 .text.tu_fifo_clear
                0x10007888       0x40 CMakeFiles/main.dir/C_/Users/Herman/.pico-sdk/sdk/2.0.0/lib/tinyusb/src/common/tusb_fifo.c.obj
                0x10007888                tu_fifo_clear
 .text.tu_fifo_set_overwritable
                0x100078c8       0x48 CMakeFiles/main.dir/C_/Users/Herman/.pico-sdk/sdk/2.0.0/lib/tinyusb/src/common/tusb_fifo.c.obj
                0x100078c8                tu_fifo_set_overwritable
 .text.i2c_set_baudrate
                0x10007910       0xc0 CMakeFiles/main.dir/C_/Users/Herman/.pico-sdk/sdk/2.0.0/src/rp2_common/hardware_i2c/i2c.c.obj
                0x10007910                i2c_set_baudrate
 .text.i2c_init
                0x100079d0       0x50 CMakeFiles/main.dir/C_/Users/Herman/.pico-sdk/sdk/2.0.0/src/rp2_common/hardware_i2c/i2c.c.obj
                0x100079d0                i2c_init
 .text.i2c_write_blocking
                0x10007a20       0xd0 CMakeFiles/main.dir/C_/Users/Herman/.pico-sdk/sdk/2.0.0/src/rp2_common/hardware_i2c/i2c.c.obj
                0x10007a20                i2c_write_blocking
 .text.i2c_read_blocking
                0x10007af0       0x90 CMakeFiles/main.dir/C_/Users/Herman/.pico-sdk/sdk/2.0.0/src/rp2_common/hardware_i2c/i2c.c.obj
                0x10007af0                i2c_read_blocking
 .text.spi_init
                0x10007b80      0x13c CMakeFiles/main.dir/C_/Users/Herman/.pico-sdk/sdk/2.0.0/src/rp2_common/hardware_spi/spi.c.obj
                0x10007b80                spi_init
 .text.pio_claim_unused_sm
                0x10007cbc       0x38 CMakeFiles/main.dir/C_/Users/Herman/.pico-sdk/sdk/2.0.0/src/rp2_common/hardware_pio/pio.c.obj
                0x10007cbc                pio_claim_unused_sm
 .text.pio_can_add_program
                0x10007cf4       0x90 CMakeFiles/main.dir/C_/Users/Herman/.pico-sdk/sdk/2.0.0/src/rp2_common/hardware_pio/pio.c.obj
                0x10007cf4                pio_can_add_program
 .text.pio_add_program
                0x10007d84      0x104 CMakeFiles/main.dir/C_/Users/Herman/.pico-sdk/sdk/2.0.0/src/rp2_common/hardware_pio/pio.c.obj
                0x10007d84                pio_add_program
 .text.pio_sm_init
                0x10007e88       0x98 CMakeFiles/main.dir/C_/Users/Herman/.pico-sdk/sdk/2.0.0/src/rp2_common/hardware_pio/pio.c.obj
                0x10007e88                pio_sm_init
 .text.dma_claim_unused_channel
                0x10007f20       0x24 CMakeFiles/main.dir/C_/Users/Herman/.pico-sdk/sdk/2.0.0/src/rp2_common/hardware_dma/dma.c.obj
                0x10007f20                dma_claim_unused_channel
 .text.malloc   0x10007f44       0x14 C:/Users/Herman/.pico-sdk/toolchain/13_2_Rel1/bin/../lib/gcc/arm-none-eabi/13.2.1/thumb/v6-m/nofp\libg.a(libc_a-malloc.o)
                0x10007f44                malloc
 .text.free     0x10007f58       0x14 C:/Users/Herman/.pico-sdk/toolchain/13_2_Rel1/bin/../lib/gcc/arm-none-eabi/13.2.1/thumb/v6-m/nofp\libg.a(libc_a-malloc.o)
                0x10007f58                free
 .text._malloc_r
                0x10007f6c      0x5c4 C:/Users/Herman/.pico-sdk/toolchain/13_2_Rel1/bin/../lib/gcc/arm-none-eabi/13.2.1/thumb/v6-m/nofp\libg.a(libc_a-mallocr.o)
                0x10007f6c                _malloc_r
 .text.__malloc_lock
                0x10008530       0x10 C:/Users/Herman/.pico-sdk/toolchain/13_2_Rel1/bin/../lib/gcc/arm-none-eabi/13.2.1/thumb/v6-m/nofp\libg.a(libc_a-mlock.o)
                0x10008530                __malloc_lock
 .text.__malloc_unlock
                0x10008540       0x10 C:/Users/Herman/.pico-sdk/toolchain/13_2_Rel1/bin/../lib/gcc/arm-none-eabi/13.2.1/thumb/v6-m/nofp\libg.a(libc_a-mlock.o)
                0x10008540                __malloc_unlock
 .text.memcmp   0x10008550       0x48 C:/Users/Herman/.pico-sdk/toolchain/13_2_Rel1/bin/../lib/gcc/arm-none-eabi/13.2.1/thumb/v6-m/nofp\libg.a(libc_a-memcmp.o)
                0x10008550                memcmp
 .text.strchr   0x10008598       0xc4 C:/Users/Herman/.pico-sdk/toolchain/13_2_Rel1/bin/../lib/gcc/arm-none-eabi/13.2.1/thumb/v6-m/nofp\libg.a(libc_a-strchr.o)
                0x10008598                strchr
 .text.strncpy  0x1000865c       0x60 C:/Users/Herman/.pico-sdk/toolchain/13_2_Rel1/bin/../lib/gcc/arm-none-eabi/13.2.1/thumb/v6-m/nofp\libg.a(libc_a-strncpy.o)
                0x1000865c                strncpy
 .text.critical_factorization
                0x100086bc       0xcc C:/Users/Herman/.pico-sdk/toolchain/13_2_Rel1/bin/../lib/gcc/arm-none-eabi/13.2.1/thumb/v6-m/nofp\libg.a(libc_a-strstr.o)
 .text.two_way_long_needle
                0x10008788      0x228 C:/Users/Herman/.pico-sdk/toolchain/13_2_Rel1/bin/../lib/gcc/arm-none-eabi/13.2.1/thumb/v6-m/nofp\libg.a(libc_a-strstr.o)
 .text.strstr   0x100089b0      0x17c C:/Users/Herman/.pico-sdk/toolchain/13_2_Rel1/bin/../lib/gcc/arm-none-eabi/13.2.1/thumb/v6-m/nofp\libg.a(libc_a-strstr.o)
                0x100089b0                strstr
 .text._sbrk_r  0x10008b2c       0x24 C:/Users/Herman/.pico-sdk/toolchain/13_2_Rel1/bin/../lib/gcc/arm-none-eabi/13.2.1/thumb/v6-m/nofp\libg.a(libc_a-sbrkr.o)
                0x10008b2c                _sbrk_r
 .text.__errno  0x10008b50        0xc C:/Users/Herman/.pico-sdk/toolchain/13_2_Rel1/bin/../lib/gcc/arm-none-eabi/13.2.1/thumb/v6-m/nofp\libg.a(libc_a-errno.o)
                0x10008b50                __errno
 .text.__retarget_lock_acquire_recursive
                0x10008b5c        0x4 C:/Users/Herman/.pico-sdk/toolchain/13_2_Rel1/bin/../lib/gcc/arm-none-eabi/13.2.1/thumb/v6-m/nofp\libg.a(libc_a-lock.o)
                0x10008b5c                __retarget_lock_acquire_recursive
 .text.__retarget_lock_release_recursive
                0x10008b60        0x4 C:/Users/Herman/.pico-sdk/toolchain/13_2_Rel1/bin/../lib/gcc/arm-none-eabi/13.2.1/thumb/v6-m/nofp\libg.a(libc_a-lock.o)
                0x10008b60                __retarget_lock_release_recursive
 .text.sysconf  0x10008b64       0x1c C:/Users/Herman/.pico-sdk/toolchain/13_2_Rel1/bin/../lib/gcc/arm-none-eabi/13.2.1/thumb/v6-m/nofp\libg.a(libc_a-sysconf.o)
                0x10008b64                sysconf
 .text.strlen   0x10008b80       0x5c C:/Users/Herman/.pico-sdk/toolchain/13_2_Rel1/bin/../lib/gcc/arm-none-eabi/13.2.1/thumb/v6-m/nofp\libg.a(libc_a-strlen-stub.o)
                0x10008b80                strlen
 .text._malloc_trim_r
                0x10008bdc       0xb4 C:/Users/Herman/.pico-sdk/toolchain/13_2_Rel1/bin/../lib/gcc/arm-none-eabi/13.2.1/thumb/v6-m/nofp\libg.a(libc_a-freer.o)
                0x10008bdc                _malloc_trim_r
 .text._free_r  0x10008c90      0x1d4 C:/Users/Herman/.pico-sdk/toolchain/13_2_Rel1/bin/../lib/gcc/arm-none-eabi/13.2.1/thumb/v6-m/nofp\libg.a(libc_a-freer.o)
                0x10008c90                _free_r
 .text.strnlen  0x10008e64       0x24 C:/Users/Herman/.pico-sdk/toolchain/13_2_Rel1/bin/../lib/gcc/arm-none-eabi/13.2.1/thumb/v6-m/nofp\libg.a(libc_a-strnlen.o)
                0x10008e64                strnlen
 *(.fini)
 .fini          0x10008e88        0x4 C:/Users/Herman/.pico-sdk/toolchain/13_2_Rel1/bin/../lib/gcc/arm-none-eabi/13.2.1/thumb/v6-m/nofp/crti.o
                0x10008e88                _fini
 *fill*         0x10008e8c        0x4 
 .fini.__stub   0x10008e90       0xe0 linker stubs
 *crtbegin.o(.ctors)
 *crtbegin?.o(.ctors)
 *(EXCLUDE_FILE(*crtend.o *crtend?.o) .ctors)
 *(SORT_BY_NAME(.ctors.*))
 *(.ctors)
 *crtbegin.o(.dtors)
 *crtbegin?.o(.dtors)
 *(EXCLUDE_FILE(*crtend.o *crtend?.o) .dtors)
 *(SORT_BY_NAME(.dtors.*))
 *(.dtors)
                0x10008f70                        . = ALIGN (0x4)
                0x10008f70                        PROVIDE (__preinit_array_start = .)
 *(SORT_BY_NAME(.preinit_array.*))
 .preinit_array.00100
                0x10008f70        0x4 CMakeFiles/main.dir/C_/Users/Herman/.pico-sdk/sdk/2.0.0/src/rp2_common/pico_runtime_init/runtime_init.c.obj
                0x10008f70                __pre_init_runtime_init_early_resets
 .preinit_array.00101
                0x10008f74        0x4 CMakeFiles/main.dir/C_/Users/Herman/.pico-sdk/sdk/2.0.0/src/rp2_common/pico_runtime_init/runtime_init.c.obj
                0x10008f74                __pre_init_runtime_init_usb_power_down
 .preinit_array.00275
                0x10008f78        0x4 CMakeFiles/main.dir/C_/Users/Herman/.pico-sdk/sdk/2.0.0/src/rp2_common/pico_bit_ops/bit_ops_aeabi.S.obj
 .preinit_array.00300
                0x10008f7c        0x4 CMakeFiles/main.dir/C_/Users/Herman/.pico-sdk/sdk/2.0.0/src/rp2_common/pico_mem_ops/mem_ops_aeabi.S.obj
 .preinit_array.00350
                0x10008f80        0x4 CMakeFiles/main.dir/C_/Users/Herman/.pico-sdk/sdk/2.0.0/src/rp2_common/pico_double/double_aeabi_rp2040.S.obj
 .preinit_array.00350
                0x10008f84        0x4 CMakeFiles/main.dir/C_/Users/Herman/.pico-sdk/sdk/2.0.0/src/rp2_common/pico_float/float_aeabi_rp2040.S.obj
 .preinit_array.00500
                0x10008f88        0x4 CMakeFiles/main.dir/C_/Users/Herman/.pico-sdk/sdk/2.0.0/src/rp2_common/pico_runtime_init/runtime_init.c.obj
                0x10008f88                __pre_init_runtime_init_clocks
 .preinit_array.00600
                0x10008f8c        0x4 CMakeFiles/main.dir/C_/Users/Herman/.pico-sdk/sdk/2.0.0/src/rp2_common/pico_runtime_init/runtime_init.c.obj
                0x10008f8c                __pre_init_runtime_init_post_clock_resets
 .preinit_array.00700
                0x10008f90        0x4 CMakeFiles/main.dir/C_/Users/Herman/.pico-sdk/sdk/2.0.0/src/rp2_common/pico_runtime_init/runtime_init.c.obj
                0x10008f90                __pre_init_runtime_init_rp2040_gpio_ie_disable
 .preinit_array.01000
                0x10008f94        0x4 CMakeFiles/main.dir/C_/Users/Herman/.pico-sdk/sdk/2.0.0/src/rp2_common/pico_runtime_init/runtime_init.c.obj
                0x10008f94                __pre_init_runtime_init_spin_locks_reset
 .preinit_array.01100
                0x10008f98        0x4 CMakeFiles/main.dir/C_/Users/Herman/.pico-sdk/sdk/2.0.0/src/common/pico_sync/mutex.c.obj
                0x10008f98                __pre_init_runtime_init_mutex
 .preinit_array.10080
                0x10008f9c        0x4 CMakeFiles/main.dir/C_/Users/Herman/.pico-sdk/sdk/2.0.0/src/rp2_common/pico_runtime_init/runtime_init.c.obj
                0x10008f9c                __pre_init_runtime_init_install_ram_vector_table
 .preinit_array.11000
                0x10008fa0        0x4 CMakeFiles/main.dir/C_/Users/Herman/.pico-sdk/sdk/2.0.0/src/common/pico_time/time.c.obj
                0x10008fa0                __pre_init_runtime_init_default_alarm_pool
 .preinit_array.YYYYY
                0x10008fa4        0x4 CMakeFiles/main.dir/C_/Users/Herman/.pico-sdk/sdk/2.0.0/src/rp2_common/pico_runtime/runtime.c.obj
                0x10008fa4                __pre_init_first_per_core_initializer
 .preinit_array.ZZZZZ.01200
                0x10008fa8        0x4 CMakeFiles/main.dir/C_/Users/Herman/.pico-sdk/sdk/2.0.0/src/rp2_common/hardware_irq/irq.c.obj
                0x10008fa8                __pre_init_runtime_init_per_core_irq_priorities
 *(.preinit_array)
                0x10008fac                        PROVIDE (__preinit_array_end = .)
                0x10008fac                        . = ALIGN (0x4)
                0x10008fac                        PROVIDE (__init_array_start = .)
 *(SORT_BY_NAME(.init_array.*))
 *(.init_array)
 .init_array    0x10008fac        0x4 C:/Users/Herman/.pico-sdk/toolchain/13_2_Rel1/bin/../lib/gcc/arm-none-eabi/13.2.1/thumb/v6-m/nofp/crtbegin.o
 .init_array    0x10008fb0        0x4 CMakeFiles/main.dir/main.cpp.obj
 .init_array    0x10008fb4        0x4 CMakeFiles/main.dir/C_/Users/Herman/.pico-sdk/sdk/2.0.0/src/rp2_common/pico_unique_id/unique_id.c.obj
                0x10008fb8                        PROVIDE (__init_array_end = .)
                0x10008fb8                        . = ALIGN (0x4)
                [!provide]                        PROVIDE (__fini_array_start = .)
 *(SORT_BY_NAME(.fini_array.*))
 *(.fini_array)
                [!provide]                        PROVIDE (__fini_array_end = .)
 *(.eh_frame*)
 .eh_frame      0x10008fb8        0x0 C:/Users/Herman/.pico-sdk/toolchain/13_2_Rel1/bin/../lib/gcc/arm-none-eabi/13.2.1/thumb/v6-m/nofp/crtbegin.o
                0x10008fb8                        . = ALIGN (0x4)

.glue_7         0x10008fb8        0x0
 .glue_7        0x10008fb8        0x0 linker stubs

.glue_7t        0x10008fb8        0x0
 .glue_7t       0x10008fb8        0x0 linker stubs

.vfp11_veneer   0x10008fb8        0x0
 .vfp11_veneer  0x10008fb8        0x0 linker stubs

.v4_bx          0x10008fb8        0x0
 .v4_bx         0x10008fb8        0x0 linker stubs

.iplt           0x10008fb8        0x0
 .iplt          0x10008fb8        0x0 C:/Users/Herman/.pico-sdk/toolchain/13_2_Rel1/bin/../lib/gcc/arm-none-eabi/13.2.1/thumb/v6-m/nofp/crtbegin.o

.rodata         0x10008fb8      0x854
 *(EXCLUDE_FILE(*libm.a: *libc.a:*lib_a-mem*.o *libgcc.a:) .rodata*)
 .rodata._Z8read_gpsv.str1.4
                0x10008fb8      0x356 CMakeFiles/main.dir/main.cpp.obj
                                  0xd (size before relaxing)
 .rodata._Z18quad_encoder_init1v.str1.4
                0x1000930e       0x15 CMakeFiles/main.dir/main.cpp.obj
 .rodata._Z18quad_encoder_init2v.str1.4
                0x1000930e       0x14 CMakeFiles/main.dir/main.cpp.obj
 .rodata.main.str1.4
                0x1000930e        0x9 CMakeFiles/main.dir/main.cpp.obj
 *fill*         0x1000930e        0x2 
 .rodata._ZZ9init_presPtS_S_S_S_S_E7__bi_70
                0x10009310        0x8 CMakeFiles/main.dir/main.cpp.obj
 .rodata.QuadratureDecoder_program
                0x10009318        0x8 CMakeFiles/main.dir/Libraries/quadrature-decoder/quadrature_decoder.c.obj
 .rodata.QuadratureDecoder_program_instructions
                0x10009320       0x38 CMakeFiles/main.dir/Libraries/quadrature-decoder/quadrature_decoder.c.obj
 .rodata._ZN7DRF126216get_radio_errorsEv.str1.4
                0x10009358       0x15 CMakeFiles/main.dir/Libraries/rp2040-drf1262-lib/SX1262.cpp.obj
 .rodata._ZN7DRF126220read_radio_registersEv.str1.4
                0x10009358       0x16 CMakeFiles/main.dir/Libraries/rp2040-drf1262-lib/SX1262.cpp.obj
 .rodata._ZN7DRF126214radio_spi_initEv.str1.4
                0x10009358        0xf CMakeFiles/main.dir/Libraries/rp2040-drf1262-lib/SX1262.cpp.obj
 .rodata._ZN7DRF126226set_radio_packet_type_loraEv.str1.4
                0x10009358       0x1c CMakeFiles/main.dir/Libraries/rp2040-drf1262-lib/SX1262.cpp.obj
 .rodata._ZN7DRF126219set_radio_pa_configEv.str1.4
                0x10009358       0x12 CMakeFiles/main.dir/Libraries/rp2040-drf1262-lib/SX1262.cpp.obj
 .rodata._ZN7DRF126217set_radio_rf_freqEv.str1.4
                0x10009358       0x19 CMakeFiles/main.dir/Libraries/rp2040-drf1262-lib/SX1262.cpp.obj
 .rodata._ZN7DRF126226set_lora_packet_parametersEv.str1.4
                0x10009358       0x1f CMakeFiles/main.dir/Libraries/rp2040-drf1262-lib/SX1262.cpp.obj
 .rodata._ZN7DRF126218set_dio2_rf_switchEv.str1.4
                0x10009358       0x1a CMakeFiles/main.dir/Libraries/rp2040-drf1262-lib/SX1262.cpp.obj
 .rodata._ZN7DRF126219set_radio_sync_wordEv.str1.4
                0x10009358       0x18 CMakeFiles/main.dir/Libraries/rp2040-drf1262-lib/SX1262.cpp.obj
 .rodata._ZN7DRF126216set_dio3_as_tcxoEv.str1.4
                0x10009358       0x1a CMakeFiles/main.dir/Libraries/rp2040-drf1262-lib/SX1262.cpp.obj
 .rodata._ZN7DRF126218set_regulator_modeEv.str1.4
                0x10009358       0x20 CMakeFiles/main.dir/Libraries/rp2040-drf1262-lib/SX1262.cpp.obj
 .rodata._ZN7DRF126218clear_radio_errorsEv.str1.4
                0x10009358       0x16 CMakeFiles/main.dir/Libraries/rp2040-drf1262-lib/SX1262.cpp.obj
 .rodata._ZN7DRF126211set_dio_irqEv.str1.4
                0x10009358       0x11 CMakeFiles/main.dir/Libraries/rp2040-drf1262-lib/SX1262.cpp.obj
 .rodata._ZN7DRF126210radio_initEv.str1.4
                0x10009358       0x13 CMakeFiles/main.dir/Libraries/rp2040-drf1262-lib/SX1262.cpp.obj
 .rodata._ZL25set_lora_symb_timeout_cmd
                0x10009358        0x1 CMakeFiles/main.dir/Libraries/rp2040-drf1262-lib/SX1262.cpp.obj
 .rodata._ZL21set_radio_dio_irq_cmd
                0x10009359        0x1 CMakeFiles/main.dir/Libraries/rp2040-drf1262-lib/SX1262.cpp.obj
 .rodata._ZL22set_regulator_mode_cmd
                0x1000935a        0x1 CMakeFiles/main.dir/Libraries/rp2040-drf1262-lib/SX1262.cpp.obj
 .rodata._ZL20set_dio3_as_tcxo_cmd
                0x1000935b        0x1 CMakeFiles/main.dir/Libraries/rp2040-drf1262-lib/SX1262.cpp.obj
 .rodata._ZL19clear_radio_err_cmd
                0x1000935c        0x1 CMakeFiles/main.dir/Libraries/rp2040-drf1262-lib/SX1262.cpp.obj
 .rodata._ZL20set_packet_param_cmd
                0x1000935d        0x1 CMakeFiles/main.dir/Libraries/rp2040-drf1262-lib/SX1262.cpp.obj
 .rodata._ZL20set_dio2_rf_ctrl_cmd
                0x1000935e        0x1 CMakeFiles/main.dir/Libraries/rp2040-drf1262-lib/SX1262.cpp.obj
 .rodata._ZL24write_radio_register_cmd
                0x1000935f        0x1 CMakeFiles/main.dir/Libraries/rp2040-drf1262-lib/SX1262.cpp.obj
 .rodata._ZL24set_modulation_param_cmd
                0x10009360        0x1 CMakeFiles/main.dir/Libraries/rp2040-drf1262-lib/SX1262.cpp.obj
 .rodata._ZL24set_buffer_base_addr_cmd
                0x10009361        0x1 CMakeFiles/main.dir/Libraries/rp2040-drf1262-lib/SX1262.cpp.obj
 .rodata._ZL17set_tx_params_cmd
                0x10009362        0x1 CMakeFiles/main.dir/Libraries/rp2040-drf1262-lib/SX1262.cpp.obj
 .rodata._ZL15set_rf_freq_cmd
                0x10009363        0x1 CMakeFiles/main.dir/Libraries/rp2040-drf1262-lib/SX1262.cpp.obj
 .rodata._ZL13pa_config_cmd
                0x10009364        0x1 CMakeFiles/main.dir/Libraries/rp2040-drf1262-lib/SX1262.cpp.obj
 .rodata._ZL16packet_type_lora
                0x10009365        0x1 CMakeFiles/main.dir/Libraries/rp2040-drf1262-lib/SX1262.cpp.obj
 .rodata._ZL19set_packet_type_cmd
                0x10009366        0x1 CMakeFiles/main.dir/Libraries/rp2040-drf1262-lib/SX1262.cpp.obj
 .rodata._ZL11get_err_cmd
                0x10009367        0x1 CMakeFiles/main.dir/Libraries/rp2040-drf1262-lib/SX1262.cpp.obj
 .rodata._ZL15set_standby_cmd
                0x10009368        0x1 CMakeFiles/main.dir/Libraries/rp2040-drf1262-lib/SX1262.cpp.obj
 .rodata._ZL11StdbyConfig
                0x10009369        0x1 CMakeFiles/main.dir/Libraries/rp2040-drf1262-lib/SX1262.cpp.obj
 .rodata._ZL5addr1
                0x1000936a        0x1 CMakeFiles/main.dir/Libraries/rp2040-drf1262-lib/SX1262.cpp.obj
 .rodata._ZL5addr2
                0x1000936b        0x1 CMakeFiles/main.dir/Libraries/rp2040-drf1262-lib/SX1262.cpp.obj
 .rodata._ZL7nop_cmd
                0x1000936c        0x1 CMakeFiles/main.dir/Libraries/rp2040-drf1262-lib/SX1262.cpp.obj
 .rodata._ZL12read_reg_cmd
                0x1000936d        0x1 CMakeFiles/main.dir/Libraries/rp2040-drf1262-lib/SX1262.cpp.obj
 .rodata.panic.str1.4
                0x1000936e       0x12 CMakeFiles/main.dir/C_/Users/Herman/.pico-sdk/sdk/2.0.0/src/rp2_common/pico_platform_panic/panic.c.obj
 .rodata.spin_lock_claim_unused.str1.4
                0x1000936e       0x1b CMakeFiles/main.dir/C_/Users/Herman/.pico-sdk/sdk/2.0.0/src/rp2_common/hardware_sync/sync.c.obj
 .rodata.user_irq_claim_unused.str1.4
                0x1000936e       0x1b CMakeFiles/main.dir/C_/Users/Herman/.pico-sdk/sdk/2.0.0/src/rp2_common/hardware_irq/irq.c.obj
 .rodata.timer_hardware_alarm_claim.str1.4
                0x1000936e       0x22 CMakeFiles/main.dir/C_/Users/Herman/.pico-sdk/sdk/2.0.0/src/rp2_common/hardware_timer/timer.c.obj
 .rodata.hard_assertion_failure.str1.4
                0x1000936e        0xc CMakeFiles/main.dir/C_/Users/Herman/.pico-sdk/sdk/2.0.0/src/rp2_common/pico_runtime/runtime.c.obj
 .rodata.__wrap_malloc.str1.4
                0x1000936e        0xe CMakeFiles/main.dir/C_/Users/Herman/.pico-sdk/sdk/2.0.0/src/rp2_common/pico_malloc/malloc.c.obj
 .rodata.str1.4
                0x1000936e       0x2c CMakeFiles/main.dir/C_/Users/Herman/.pico-sdk/sdk/2.0.0/src/rp2_common/pico_standard_binary_info/standard_binary_info.c.obj
 *fill*         0x1000936e        0x2 
 .rodata.__bi_84
                0x10009370        0xc CMakeFiles/main.dir/C_/Users/Herman/.pico-sdk/sdk/2.0.0/src/rp2_common/pico_standard_binary_info/standard_binary_info.c.obj
 .rodata.__bi_54
                0x1000937c        0xc CMakeFiles/main.dir/C_/Users/Herman/.pico-sdk/sdk/2.0.0/src/rp2_common/pico_standard_binary_info/standard_binary_info.c.obj
 .rodata.__bi_48
                0x10009388        0xc CMakeFiles/main.dir/C_/Users/Herman/.pico-sdk/sdk/2.0.0/src/rp2_common/pico_standard_binary_info/standard_binary_info.c.obj
 .rodata.__bi_42
                0x10009394        0xc CMakeFiles/main.dir/C_/Users/Herman/.pico-sdk/sdk/2.0.0/src/rp2_common/pico_standard_binary_info/standard_binary_info.c.obj
 .rodata.__bi_34
                0x100093a0        0xc CMakeFiles/main.dir/C_/Users/Herman/.pico-sdk/sdk/2.0.0/src/rp2_common/pico_standard_binary_info/standard_binary_info.c.obj
 .rodata.__bi_26
                0x100093ac        0xc CMakeFiles/main.dir/C_/Users/Herman/.pico-sdk/sdk/2.0.0/src/rp2_common/pico_standard_binary_info/standard_binary_info.c.obj
 .rodata._ftoa.str1.4
                0x100093b8       0x15 CMakeFiles/main.dir/C_/Users/Herman/.pico-sdk/sdk/2.0.0/src/rp2_common/pico_printf/printf.c.obj
 .rodata._vsnprintf
                0x100093b8      0x19c CMakeFiles/main.dir/C_/Users/Herman/.pico-sdk/sdk/2.0.0/src/rp2_common/pico_printf/printf.c.obj
 *fill*         0x10009554        0x4 
 .rodata.pow10.0
                0x10009558       0x50 CMakeFiles/main.dir/C_/Users/Herman/.pico-sdk/sdk/2.0.0/src/rp2_common/pico_printf/printf.c.obj
 .rodata.crlf_str.0
                0x100095a8        0x2 CMakeFiles/main.dir/C_/Users/Herman/.pico-sdk/sdk/2.0.0/src/rp2_common/pico_stdio/stdio.c.obj
 *fill*         0x100095aa        0x2 
 .rodata._resetd_driver
                0x100095ac       0x20 CMakeFiles/main.dir/C_/Users/Herman/.pico-sdk/sdk/2.0.0/src/rp2_common/pico_stdio_usb/reset_interface.c.obj
 .rodata.desc_ms_os_20
                0x100095cc       0xa6 CMakeFiles/main.dir/C_/Users/Herman/.pico-sdk/sdk/2.0.0/src/rp2_common/pico_stdio_usb/reset_interface.c.obj
 *fill*         0x10009672        0x2 
 .rodata.desc_bos
                0x10009674       0x21 CMakeFiles/main.dir/C_/Users/Herman/.pico-sdk/sdk/2.0.0/src/rp2_common/pico_stdio_usb/reset_interface.c.obj
                0x10009674                desc_bos
 .rodata.str1.4
                0x10009695       0x13 CMakeFiles/main.dir/C_/Users/Herman/.pico-sdk/sdk/2.0.0/src/rp2_common/pico_stdio_usb/stdio_usb.c.obj
 *fill*         0x10009695        0x3 
 .rodata.__bi_197.0
                0x10009698        0xc CMakeFiles/main.dir/C_/Users/Herman/.pico-sdk/sdk/2.0.0/src/rp2_common/pico_stdio_usb/stdio_usb.c.obj
 .rodata.str1.4
                0x100096a4       0x2a CMakeFiles/main.dir/C_/Users/Herman/.pico-sdk/sdk/2.0.0/src/rp2_common/pico_stdio_usb/stdio_usb_descriptors.c.obj
 .rodata.usbd_desc_str
                0x100096a4       0x18 CMakeFiles/main.dir/C_/Users/Herman/.pico-sdk/sdk/2.0.0/src/rp2_common/pico_stdio_usb/stdio_usb_descriptors.c.obj
 .rodata.usbd_desc_cfg
                0x100096bc       0x54 CMakeFiles/main.dir/C_/Users/Herman/.pico-sdk/sdk/2.0.0/src/rp2_common/pico_stdio_usb/stdio_usb_descriptors.c.obj
 .rodata.usbd_desc_device
                0x10009710       0x12 CMakeFiles/main.dir/C_/Users/Herman/.pico-sdk/sdk/2.0.0/src/rp2_common/pico_stdio_usb/stdio_usb_descriptors.c.obj
 .rodata.str1.4
                0x10009722       0x14 CMakeFiles/main.dir/C_/Users/Herman/.pico-sdk/sdk/2.0.0/lib/tinyusb/src/portable/raspberrypi/rp2040/dcd_rp2040.c.obj
 .rodata.str1.4
                0x10009722       0x48 CMakeFiles/main.dir/C_/Users/Herman/.pico-sdk/sdk/2.0.0/lib/tinyusb/src/portable/raspberrypi/rp2040/rp2040_usb.c.obj
 *fill*         0x10009722        0x2 
 .rodata.tud_task_ext
                0x10009724       0x8c CMakeFiles/main.dir/C_/Users/Herman/.pico-sdk/sdk/2.0.0/lib/tinyusb/src/device/usbd.c.obj
 .rodata        0x100097b0       0x1c CMakeFiles/main.dir/C_/Users/Herman/.pico-sdk/sdk/2.0.0/lib/tinyusb/src/device/usbd.c.obj
 .rodata._usbd_driver
                0x100097cc       0x40 CMakeFiles/main.dir/C_/Users/Herman/.pico-sdk/sdk/2.0.0/lib/tinyusb/src/device/usbd.c.obj
 .rodata.pio_claim_unused_sm.str1.4
                0x1000980c       0x24 CMakeFiles/main.dir/C_/Users/Herman/.pico-sdk/sdk/2.0.0/src/rp2_common/hardware_pio/pio.c.obj
 .rodata.dma_claim_unused_channel.str1.4
                0x1000980c       0x1e CMakeFiles/main.dir/C_/Users/Herman/.pico-sdk/sdk/2.0.0/src/rp2_common/hardware_dma/dma.c.obj
                0x10009830                        . = ALIGN (0x4)
 *(SORT_BY_ALIGNMENT(SORT_BY_NAME(.flashdata*)))
                0x10009830                        . = ALIGN (0x4)

.ARM.extab
 *(.ARM.extab* .gnu.linkonce.armextab.*)
                0x1000980c                        __exidx_start = .

.ARM.exidx
 *(.ARM.exidx* .gnu.linkonce.armexidx.*)
                0x1000980c                        __exidx_end = .
                0x10009830                        . = ALIGN (0x4)
                0x1000980c                        __binary_info_start = .

.binary_info    0x1000980c       0x20
 *(.binary_info.keep.*)
 .binary_info.keep.__bi_ptr70
                0x1000980c        0x4 CMakeFiles/main.dir/main.cpp.obj
 .binary_info.keep.__bi_ptr84
                0x10009810        0x4 CMakeFiles/main.dir/C_/Users/Herman/.pico-sdk/sdk/2.0.0/src/rp2_common/pico_standard_binary_info/standard_binary_info.c.obj
 .binary_info.keep.__bi_ptr54
                0x10009814        0x4 CMakeFiles/main.dir/C_/Users/Herman/.pico-sdk/sdk/2.0.0/src/rp2_common/pico_standard_binary_info/standard_binary_info.c.obj
 .binary_info.keep.__bi_ptr48
                0x10009818        0x4 CMakeFiles/main.dir/C_/Users/Herman/.pico-sdk/sdk/2.0.0/src/rp2_common/pico_standard_binary_info/standard_binary_info.c.obj
 .binary_info.keep.__bi_ptr42
                0x1000981c        0x4 CMakeFiles/main.dir/C_/Users/Herman/.pico-sdk/sdk/2.0.0/src/rp2_common/pico_standard_binary_info/standard_binary_info.c.obj
 .binary_info.keep.__bi_ptr34
                0x10009820        0x4 CMakeFiles/main.dir/C_/Users/Herman/.pico-sdk/sdk/2.0.0/src/rp2_common/pico_standard_binary_info/standard_binary_info.c.obj
 .binary_info.keep.__bi_ptr26
                0x10009824        0x4 CMakeFiles/main.dir/C_/Users/Herman/.pico-sdk/sdk/2.0.0/src/rp2_common/pico_standard_binary_info/standard_binary_info.c.obj
 *(.binary_info.*)
 .binary_info.__bi_ptr197
                0x10009828        0x4 CMakeFiles/main.dir/C_/Users/Herman/.pico-sdk/sdk/2.0.0/src/rp2_common/pico_stdio_usb/stdio_usb.c.obj
                0x1000982c                        __binary_info_end = .

.rel.dyn        0x1000982c        0x0
 .rel.iplt      0x1000982c        0x0 C:/Users/Herman/.pico-sdk/toolchain/13_2_Rel1/bin/../lib/gcc/arm-none-eabi/13.2.1/thumb/v6-m/nofp/crtbegin.o
                0x1000982c                        . = ALIGN (0x4)

.ram_vector_table
                0x20000000       0xc0
 *(.ram_vector_table)
 .ram_vector_table
                0x20000000       0xc0 CMakeFiles/main.dir/C_/Users/Herman/.pico-sdk/sdk/2.0.0/src/rp2_common/pico_runtime_init/runtime_init.c.obj
                0x20000000                ram_vector_table

.uninitialized_data
                0x200000c0        0x0
                0x200000c0                        . = ALIGN (0x4)
 *(.uninitialized_data*)

.data           0x200000c0     0x15a8 load address 0x1000982c
                0x200000c0                        __data_start__ = .
 *(vtable)
 *(.time_critical*)
 .time_critical.mutex_try_enter
                0x200000c0       0x40 CMakeFiles/main.dir/C_/Users/Herman/.pico-sdk/sdk/2.0.0/src/common/pico_sync/mutex.c.obj
                0x200000c0                mutex_try_enter
 .time_critical.mutex_try_enter_block_until
                0x20000100       0x9c CMakeFiles/main.dir/C_/Users/Herman/.pico-sdk/sdk/2.0.0/src/common/pico_sync/mutex.c.obj
                0x20000100                mutex_try_enter_block_until
 .time_critical.mutex_enter_timeout_ms
                0x2000019c       0x90 CMakeFiles/main.dir/C_/Users/Herman/.pico-sdk/sdk/2.0.0/src/common/pico_sync/mutex.c.obj
                0x2000019c                mutex_enter_timeout_ms
 .time_critical.mutex_exit
                0x2000022c       0x28 CMakeFiles/main.dir/C_/Users/Herman/.pico-sdk/sdk/2.0.0/src/common/pico_sync/mutex.c.obj
                0x2000022c                mutex_exit
 .time_critical.flash_init_boot2_copyout
                0x20000254       0x30 CMakeFiles/main.dir/C_/Users/Herman/.pico-sdk/sdk/2.0.0/src/rp2_common/hardware_flash/flash.c.obj
 .time_critical.flash_enable_xip_via_boot2
                0x20000284        0xc CMakeFiles/main.dir/C_/Users/Herman/.pico-sdk/sdk/2.0.0/src/rp2_common/hardware_flash/flash.c.obj
 .time_critical.flash_cs_force
                0x20000290       0x38 CMakeFiles/main.dir/C_/Users/Herman/.pico-sdk/sdk/2.0.0/src/rp2_common/hardware_flash/flash.c.obj
 .time_critical.flash_do_cmd
                0x200002c8       0xc0 CMakeFiles/main.dir/C_/Users/Herman/.pico-sdk/sdk/2.0.0/src/rp2_common/hardware_flash/flash.c.obj
                0x200002c8                flash_do_cmd
 .time_critical.reset_non_control_endpoints
                0x20000388       0x68 CMakeFiles/main.dir/C_/Users/Herman/.pico-sdk/sdk/2.0.0/lib/tinyusb/src/portable/raspberrypi/rp2040/dcd_rp2040.c.obj
 .time_critical.hw_handle_buff_status
                0x200003f0       0xb0 CMakeFiles/main.dir/C_/Users/Herman/.pico-sdk/sdk/2.0.0/lib/tinyusb/src/portable/raspberrypi/rp2040/dcd_rp2040.c.obj
 .time_critical.dcd_rp2040_irq
                0x200004a0      0x578 CMakeFiles/main.dir/C_/Users/Herman/.pico-sdk/sdk/2.0.0/lib/tinyusb/src/portable/raspberrypi/rp2040/dcd_rp2040.c.obj
 .time_critical.prepare_ep_buffer
                0x20000a18       0xe0 CMakeFiles/main.dir/C_/Users/Herman/.pico-sdk/sdk/2.0.0/lib/tinyusb/src/portable/raspberrypi/rp2040/rp2040_usb.c.obj
 .time_critical.sync_ep_buffer
                0x20000af8       0xa8 CMakeFiles/main.dir/C_/Users/Herman/.pico-sdk/sdk/2.0.0/lib/tinyusb/src/portable/raspberrypi/rp2040/rp2040_usb.c.obj
 .time_critical._hw_endpoint_xfer_sync
                0x20000ba0       0x28 CMakeFiles/main.dir/C_/Users/Herman/.pico-sdk/sdk/2.0.0/lib/tinyusb/src/portable/raspberrypi/rp2040/rp2040_usb.c.obj
 .time_critical.e15_is_bulkin_ep
                0x20000bc8       0x28 CMakeFiles/main.dir/C_/Users/Herman/.pico-sdk/sdk/2.0.0/lib/tinyusb/src/portable/raspberrypi/rp2040/rp2040_usb.c.obj
 .time_critical.e15_is_critical_frame_period
                0x20000bf0       0x34 CMakeFiles/main.dir/C_/Users/Herman/.pico-sdk/sdk/2.0.0/lib/tinyusb/src/portable/raspberrypi/rp2040/rp2040_usb.c.obj
 .time_critical.hw_endpoint_reset_transfer
                0x20000c24        0xc CMakeFiles/main.dir/C_/Users/Herman/.pico-sdk/sdk/2.0.0/lib/tinyusb/src/portable/raspberrypi/rp2040/rp2040_usb.c.obj
                0x20000c24                hw_endpoint_reset_transfer
 .time_critical._hw_endpoint_buffer_control_update32
                0x20000c30       0x50 CMakeFiles/main.dir/C_/Users/Herman/.pico-sdk/sdk/2.0.0/lib/tinyusb/src/portable/raspberrypi/rp2040/rp2040_usb.c.obj
                0x20000c30                _hw_endpoint_buffer_control_update32
 .time_critical.hw_endpoint_start_next_buffer
                0x20000c80       0x6c CMakeFiles/main.dir/C_/Users/Herman/.pico-sdk/sdk/2.0.0/lib/tinyusb/src/portable/raspberrypi/rp2040/rp2040_usb.c.obj
                0x20000c80                hw_endpoint_start_next_buffer
 .time_critical.hw_endpoint_xfer_continue
                0x20000cec       0x40 CMakeFiles/main.dir/C_/Users/Herman/.pico-sdk/sdk/2.0.0/lib/tinyusb/src/portable/raspberrypi/rp2040/rp2040_usb.c.obj
                0x20000cec                hw_endpoint_xfer_continue
 .time_critical.tinyusb
                0x20000d2c      0x1e4 CMakeFiles/main.dir/C_/Users/Herman/.pico-sdk/sdk/2.0.0/lib/tinyusb/src/device/usbd.c.obj
                0x20000d2c                dcd_event_handler
 .time_critical.spi_write_read_blocking
                0x20000f10       0x74 CMakeFiles/main.dir/C_/Users/Herman/.pico-sdk/sdk/2.0.0/src/rp2_common/hardware_spi/spi.c.obj
                0x20000f10                spi_write_read_blocking
 .time_critical.spi_write_blocking
                0x20000f84       0x4c CMakeFiles/main.dir/C_/Users/Herman/.pico-sdk/sdk/2.0.0/src/rp2_common/hardware_spi/spi.c.obj
                0x20000f84                spi_write_blocking
 *(.text*)
 .text          0x20000fd0        0x4 C:/Users/Herman/.pico-sdk/toolchain/13_2_Rel1/bin/../lib/gcc/arm-none-eabi/13.2.1/thumb/v6-m/nofp\libgcc.a(_dvmd_tls.o)
                0x20000fd0                __aeabi_idiv0
                0x20000fd0                __aeabi_ldiv0
 *fill*         0x20000fd4        0x4 
 .text.__stub   0x20000fd8       0x80 linker stubs
                0x20001058                        . = ALIGN (0x4)
 *(.rodata*)
                0x20001058                        . = ALIGN (0x4)
 *(.data*)
 .data.striped_spin_lock_num
                0x20001058        0x1 CMakeFiles/main.dir/C_/Users/Herman/.pico-sdk/sdk/2.0.0/src/rp2_common/hardware_sync/sync.c.obj
 *fill*         0x20001059        0x3 
 .data          0x2000105c       0x48 CMakeFiles/main.dir/C_/Users/Herman/.pico-sdk/sdk/2.0.0/src/rp2_common/hardware_irq/irq_handler_chain.S.obj
                0x2000105c                irq_handler_chain_slots
                0x2000108c                irq_handler_chain_first_slot
                0x20001096                irq_handler_chain_remove_tail
 .data.default_alarm_pool
                0x200010a4       0x18 CMakeFiles/main.dir/C_/Users/Herman/.pico-sdk/sdk/2.0.0/src/common/pico_time/time.c.obj
 *fill*         0x200010bc        0x4 
 .data.aeabi_bits_funcs
                0x200010c0       0x10 CMakeFiles/main.dir/C_/Users/Herman/.pico-sdk/sdk/2.0.0/src/rp2_common/pico_bit_ops/bit_ops_aeabi.S.obj
                0x200010c0                aeabi_bits_funcs
                0x200010d0                aeabi_bits_funcs_end
 .data.aeabi_mem_funcs
                0x200010d0       0x10 CMakeFiles/main.dir/C_/Users/Herman/.pico-sdk/sdk/2.0.0/src/rp2_common/pico_mem_ops/mem_ops_aeabi.S.obj
                0x200010d0                aeabi_mem_funcs
                0x200010e0                aeabi_mem_funcs_end
 .data.stdio_usb
                0x200010e0       0x18 CMakeFiles/main.dir/C_/Users/Herman/.pico-sdk/sdk/2.0.0/src/rp2_common/pico_stdio_usb/stdio_usb.c.obj
                0x200010e0                stdio_usb
 .data._usbd_qdef
                0x200010f8       0x1c CMakeFiles/main.dir/C_/Users/Herman/.pico-sdk/sdk/2.0.0/lib/tinyusb/src/device/usbd.c.obj
                0x200010f8                _usbd_qdef
 .data._usbd_rhport
                0x20001114        0x1 CMakeFiles/main.dir/C_/Users/Herman/.pico-sdk/sdk/2.0.0/lib/tinyusb/src/device/usbd.c.obj
 *fill*         0x20001115        0x3 
 .data.i2c1_inst
                0x20001118        0x8 CMakeFiles/main.dir/C_/Users/Herman/.pico-sdk/sdk/2.0.0/src/rp2_common/hardware_i2c/i2c.c.obj
                0x20001118                i2c1_inst
 .data.i2c0_inst
                0x20001120        0x8 CMakeFiles/main.dir/C_/Users/Herman/.pico-sdk/sdk/2.0.0/src/rp2_common/hardware_i2c/i2c.c.obj
                0x20001120                i2c0_inst
 .data.__malloc_sbrk_base
                0x20001128        0x4 C:/Users/Herman/.pico-sdk/toolchain/13_2_Rel1/bin/../lib/gcc/arm-none-eabi/13.2.1/thumb/v6-m/nofp\libg.a(libc_a-mallocr.o)
                0x20001128                __malloc_sbrk_base
 .data.__malloc_trim_threshold
                0x2000112c        0x4 C:/Users/Herman/.pico-sdk/toolchain/13_2_Rel1/bin/../lib/gcc/arm-none-eabi/13.2.1/thumb/v6-m/nofp\libg.a(libc_a-mallocr.o)
                0x2000112c                __malloc_trim_threshold
 .data.__malloc_av_
                0x20001130      0x408 C:/Users/Herman/.pico-sdk/toolchain/13_2_Rel1/bin/../lib/gcc/arm-none-eabi/13.2.1/thumb/v6-m/nofp\libg.a(libc_a-mallocr.o)
                0x20001130                __malloc_av_
 .data._impure_ptr
                0x20001538        0x4 C:/Users/Herman/.pico-sdk/toolchain/13_2_Rel1/bin/../lib/gcc/arm-none-eabi/13.2.1/thumb/v6-m/nofp\libg.a(libc_a-impure.o)
                0x20001538                _impure_ptr
 *fill*         0x2000153c        0x4 
 .data._impure_data
                0x20001540      0x120 C:/Users/Herman/.pico-sdk/toolchain/13_2_Rel1/bin/../lib/gcc/arm-none-eabi/13.2.1/thumb/v6-m/nofp\libg.a(libc_a-impure.o)
                0x20001540                _impure_data
                0x20001660                        . = ALIGN (0x4)
 *(.after_data.*)
                0x20001660                        . = ALIGN (0x4)
                0x20001660                        PROVIDE (__mutex_array_start = .)
 *(SORT_BY_NAME(.mutex_array.*))
 *(.mutex_array)
 .mutex_array   0x20001660        0x8 CMakeFiles/main.dir/C_/Users/Herman/.pico-sdk/sdk/2.0.0/src/rp2_common/pico_stdio/stdio.c.obj
                0x20001668                        PROVIDE (__mutex_array_end = .)
                0x20001668                        . = ALIGN (0x4)
 *(.jcr)
                0x20001668                        . = ALIGN (0x4)

.tm_clone_table
                0x20001668        0x0 load address 0x1000add4
 .tm_clone_table
                0x20001668        0x0 C:/Users/Herman/.pico-sdk/toolchain/13_2_Rel1/bin/../lib/gcc/arm-none-eabi/13.2.1/thumb/v6-m/nofp/crtbegin.o
 .tm_clone_table
                0x20001668        0x0 C:/Users/Herman/.pico-sdk/toolchain/13_2_Rel1/bin/../lib/gcc/arm-none-eabi/13.2.1/thumb/v6-m/nofp/crtend.o

.igot.plt       0x20001668        0x0 load address 0x1000add4
 .igot.plt      0x20001668        0x0 C:/Users/Herman/.pico-sdk/toolchain/13_2_Rel1/bin/../lib/gcc/arm-none-eabi/13.2.1/thumb/v6-m/nofp/crtbegin.o

.tdata          0x20001668        0x0 load address 0x1000add4
                0x20001668                        . = ALIGN (0x4)
 *(.tdata .tdata.* .gnu.linkonce.td.*)
                0x20001668                        __tdata_end = .